 InlineHookMsgBox

 Timestamp is 56ca8f86 (Mon Feb 22 12:33:10 2016)

 Preferred load address is 00400000

 Start         Length     Name                   Class
 0001:00000000 00005b34H .text                   CODE
 0002:00000000 000000ccH .idata$5                DATA
 0002:000000d0 00000414H .rdata                  DATA
 0002:000004e4 00000028H .idata$2                DATA
 0002:0000050c 00000014H .idata$3                DATA
 0002:00000520 000000ccH .idata$4                DATA
 0002:000005ec 00000368H .idata$6                DATA
 0002:00000954 00000000H .edata                  DATA
 0003:00000000 00000004H .CRT$XCA                DATA
 0003:00000004 00000004H .CRT$XCZ                DATA
 0003:00000008 00000004H .CRT$XIA                DATA
 0003:0000000c 00000008H .CRT$XIC                DATA
 0003:00000014 00000004H .CRT$XIZ                DATA
 0003:00000018 00000004H .CRT$XPA                DATA
 0003:0000001c 00000004H .CRT$XPX                DATA
 0003:00000020 00000004H .CRT$XPZ                DATA
 0003:00000024 00000004H .CRT$XTA                DATA
 0003:00000028 00000004H .CRT$XTZ                DATA
 0003:00000030 000029a8H .data                   DATA
 0003:000029d8 00001630H .bss                    DATA

  Address         Publics by Value              Rva+Base     Lib:Object

 0001:00000000       _main                      00401000 f   InlineHookMsgBox.obj
 0001:00000050       ?My_MessageBoxA@@YGHPAUHWND__@@PBD1I@Z 00401050 f   InlineHookMsgBox.obj
 0001:00000110       ?Inline_InstallHook@@YAHXZ 00401110 f   InlineHookMsgBox.obj
 0001:000001c0       ?Inline_UnInstallHook@@YAHXZ 004011c0 f   InlineHookMsgBox.obj
 0001:000001d0       ?GetAddress@@YAPAXPAD0@Z   004011d0 f   InlineHookMsgBox.obj
 0001:00000210       ?InitHookEntry@@YAXPAU_HOOK_DATA@@@Z 00401210 f   InlineHookMsgBox.obj
 0001:00000260       ?SkipJmpAddress@@YAKK@Z    00401260 f   InlineHookMsgBox.obj
 0001:000002a0       ?InitTrampoline@@YAXPAU_HOOK_DATA@@@Z 004012a0 f   InlineHookMsgBox.obj
 0001:00000310       ?InstallCodeHook@@YAHPAU_HOOK_DATA@@@Z 00401310 f   InlineHookMsgBox.obj
 0001:000003f0       ?UninstallCodeHook@@YAHPAU_HOOK_DATA@@@Z 004013f0 f   InlineHookMsgBox.obj
 0001:00000440       _lstrcatA@8                00401440 f   kernel32:KERNEL32.dll
 0001:00000446       _lstrcpyA@8                00401446 f   kernel32:KERNEL32.dll
 0001:0000044c       _VirtualAlloc@16           0040144c f   kernel32:KERNEL32.dll
 0001:00000452       _LoadLibraryA@4            00401452 f   kernel32:KERNEL32.dll
 0001:00000458       _GetProcAddress@8          00401458 f   kernel32:KERNEL32.dll
 0001:0000045e       _GetModuleHandleA@4        0040145e f   kernel32:KERNEL32.dll
 0001:00000464       _WriteProcessMemory@20     00401464 f   kernel32:KERNEL32.dll
 0001:0000046a       _ReadProcessMemory@20      0040146a f   kernel32:KERNEL32.dll
 0001:00000470       _GetCurrentProcess@0       00401470 f   kernel32:KERNEL32.dll
 0001:00000476       _MessageBoxA@16            00401476 f   user32:USER32.dll
 0001:0000047c       _printf                    0040147c f   LIBC:printf.obj
 0001:000004ad       _mainCRTStartup            004014ad f   LIBC:crt0.obj
 0001:0000058c       __amsg_exit                0040158c f   LIBC:crt0.obj
 0001:000005d5       __stbuf                    004015d5 f   LIBC:_sftbuf.obj
 0001:00000662       __ftbuf                    00401662 f   LIBC:_sftbuf.obj
 0001:0000069f       __output                   0040169f f   LIBC:output.obj
 0001:00000f06       ___initstdio               00401f06 f   LIBC:_file.obj
 0001:00000fab       ___endstdio                00401fab f   LIBC:_file.obj
 0001:00000fbf       __cinit                    00401fbf f   LIBC:crt0dat.obj
 0001:00000fec       _exit                      00401fec f   LIBC:crt0dat.obj
 0001:00000ffd       __exit                     00401ffd f   LIBC:crt0dat.obj
 0001:0000100e       __cexit                    0040200e f   LIBC:crt0dat.obj
 0001:0000101d       __c_exit                   0040201d f   LIBC:crt0dat.obj
 0001:000010df       __XcptFilter               004020df f   LIBC:winxfltr.obj
 0001:00001263       __setenvp                  00402263 f   LIBC:stdenvp.obj
 0001:0000131c       __setargv                  0040231c f   LIBC:stdargv.obj
 0001:00001569       ___crtGetEnvironmentStringsA 00402569 f   LIBC:a_env.obj
 0001:0000169b       __ioinit                   0040269b f   LIBC:ioinit.obj
 0001:00001846       __ioterm                   00402846 f   LIBC:ioinit.obj
 0001:00001869       __GetLinkerVersion         00402869 f   LIBC:heapinit.obj
 0001:00001896       ___heap_select             00402896 f   LIBC:heapinit.obj
 0001:000019de       __heap_init                004029de f   LIBC:heapinit.obj
 0001:00001a3b       __heap_term                00402a3b f   LIBC:heapinit.obj
 0001:00001ae4       __global_unwind2           00402ae4 f   LIBC:exsup.obj
 0001:00001b26       __local_unwind2            00402b26 f   LIBC:exsup.obj
 0001:00001b7e       __NLG_Return2              00402b7e f   LIBC:exsup.obj
 0001:00001b8e       __abnormal_termination     00402b8e f   LIBC:exsup.obj
 0001:00001bb1       __NLG_Notify1              00402bb1 f   LIBC:exsup.obj
 0001:00001bba       __NLG_Notify               00402bba f   LIBC:exsup.obj
 0001:00001bcd       __NLG_Dispatch             00402bcd f   LIBC:exsup.obj
 0001:00001bdc       __except_handler3          00402bdc f   LIBC:exsup3.obj
 0001:00001c99       __seh_longjmp_unwind@4     00402c99 f   LIBC:exsup3.obj
 0001:00001cb4       __FF_MSGBANNER             00402cb4 f   LIBC:crt0msg.obj
 0001:00001ced       __NMSG_WRITE               00402ced f   LIBC:crt0msg.obj
 0001:00001e40       __GET_RTERRMSG             00402e40 f   LIBC:crt0msg.obj
 0001:00001e71       _malloc                    00402e71 f   LIBC:malloc.obj
 0001:00001e83       __nh_malloc                00402e83 f   LIBC:malloc.obj
 0001:00001eaf       __heap_alloc               00402eaf f   LIBC:malloc.obj
 0001:00001f23       __isatty                   00402f23 f   LIBC:isatty.obj
 0001:00001f49       _fflush                    00402f49 f   LIBC:fflush.obj
 0001:00001f84       __flush                    00402f84 f   LIBC:fflush.obj
 0001:00001fe0       __flushall                 00402fe0 f   LIBC:fflush.obj
 0001:00002056       _free                      00403056 f   LIBC:free.obj
 0001:000020c0       _strlen                    004030c0 f   LIBC:strlen.obj
 0001:0000213b       _wctomb                    0040313b f   LIBC:wctomb.obj
 0001:000021b0       __aulldiv                  004031b0 f   LIBC:ulldiv.obj
 0001:00002220       __aullrem                  00403220 f   LIBC:ullrem.obj
 0001:00002295       __flsbuf                   00403295 f   LIBC:_flsbuf.obj
 0001:000023aa       _calloc                    004033aa f   LIBC:calloc.obj
 0001:0000245b       __fcloseall                0040345b f   LIBC:closeall.obj
 0001:000024c0       _strcpy                    004034c0 f   LIBC:strcat.obj
 0001:000024d0       _strcat                    004034d0 f   LIBC:strcat.obj
 0001:000025b0       __setmbcp                  004035b0 f   LIBC:mbctype.obj
 0001:00002974       __getmbcp                  00403974 f   LIBC:mbctype.obj
 0001:00002984       ___initmbctable            00403984 f   LIBC:mbctype.obj
 0001:000029a0       _memcpy                    004039a0 f   LIBC:memcpy.obj
 0001:00002cd5       _strtol                    00403cd5 f   LIBC:strtol.obj
 0001:00002ef4       _strtoul                   00403ef4 f   LIBC:strtol.obj
 0001:00002f20       _strchr                    00403f20 f   LIBC:strchr.obj
 0001:00002f26       ___from_strstr_to_strchr   00403f26 f   LIBC:strchr.obj
 0001:00002fe0       _strstr                    00403fe0 f   LIBC:strstr.obj
 0001:00003060       _strncmp                   00404060 f   LIBC:strncmp.obj
 0001:000030a0       __alloca_probe             004040a0 f   LIBC:chkstk.obj
 0001:000030a0       __chkstk                   004040a0 f   LIBC:chkstk.obj
 0001:000030cf       __get_sbh_threshold        004040cf f   LIBC:sbheap.obj
 0001:000030ee       __set_sbh_threshold        004040ee f   LIBC:sbheap.obj
 0001:000031a1       ___sbh_heap_init           004041a1 f   LIBC:sbheap.obj
 0001:000031e9       ___sbh_find_block          004041e9 f   LIBC:sbheap.obj
 0001:00003214       ___sbh_free_block          00404214 f   LIBC:sbheap.obj
 0001:0000353d       ___sbh_alloc_block         0040453d f   LIBC:sbheap.obj
 0001:00003846       ___sbh_alloc_new_region    00404846 f   LIBC:sbheap.obj
 0001:000038f7       ___sbh_alloc_new_group     004048f7 f   LIBC:sbheap.obj
 0001:000039f2       ___sbh_resize_block        004049f2 f   LIBC:sbheap.obj
 0001:00003ce8       ___sbh_heapmin             00404ce8 f   LIBC:sbheap.obj
 0001:00003db9       ___sbh_heap_check          00404db9 f   LIBC:sbheap.obj
 0001:000040e8       __get_old_sbh_threshold    004050e8 f   LIBC:sbheap.obj
 0001:000040ee       __set_old_sbh_threshold    004050ee f   LIBC:sbheap.obj
 0001:0000410a       ___old_sbh_new_region      0040510a f   LIBC:sbheap.obj
 0001:0000424e       ___old_sbh_release_region  0040524e f   LIBC:sbheap.obj
 0001:000042a4       ___old_sbh_decommit_pages  004052a4 f   LIBC:sbheap.obj
 0001:00004366       ___old_sbh_find_block      00405366 f   LIBC:sbheap.obj
 0001:000043bd       ___old_sbh_free_block      004053bd f   LIBC:sbheap.obj
 0001:00004402       ___old_sbh_alloc_block     00405402 f   LIBC:sbheap.obj
 0001:0000460a       ___old_sbh_alloc_block_from_page 0040560a f   LIBC:sbheap.obj
 0001:0000472e       ___old_sbh_resize_block    0040572e f   LIBC:sbheap.obj
 0001:000047d7       ___old_sbh_heap_check      004057d7 f   LIBC:sbheap.obj
 0001:00004935       ___crtMessageBoxA          00405935 f   LIBC:crtmbox.obj
 0001:000049c0       _strncpy                   004059c0 f   LIBC:strncpy.obj
 0001:00004abe       ?_set_new_handler@@YAP6AHI@ZP6AHI@Z@Z 00405abe f   LIBC:handler.obj
 0001:00004ace       ?_query_new_handler@@YAP6AHI@ZXZ 00405ace f   LIBC:handler.obj
 0001:00004ad4       __callnewh                 00405ad4 f   LIBC:handler.obj
 0001:00004aef       __commit                   00405aef f   LIBC:commit.obj
 0001:00004b46       __write                    00405b46 f   LIBC:write.obj
 0001:00004cf3       __fptrap                   00405cf3 f   LIBC:crt0fp.obj
 0001:00004cfc       __lseek                    00405cfc f   LIBC:lseek.obj
 0001:00004d96       __getbuf                   00405d96 f   LIBC:_getbuf.obj
 0001:00004de0       _memset                    00405de0 f   LIBC:memset.obj
 0001:00004e38       _fclose                    00405e38 f   LIBC:fclose.obj
 0001:00004e8e       ___crtLCMapStringA         00405e8e f   LIBC:a_map.obj
 0001:000050dd       ___crtGetStringTypeA       004060dd f   LIBC:a_str.obj
 0001:00005226       __toupper                  00406226 f   LIBC:toupper.obj
 0001:0000522e       _toupper                   0040622e f   LIBC:toupper.obj
 0001:000052fa       __isctype                  004062fa f   LIBC:isctype.obj
 0001:00005370       _memmove                   00406370 f   LIBC:memmove.obj
 0001:000056a5       __alloc_osfhnd             004066a5 f   LIBC:osfinfo.obj
 0001:0000573a       __set_osfhnd               0040673a f   LIBC:osfinfo.obj
 0001:000057b1       __free_osfhnd              004067b1 f   LIBC:osfinfo.obj
 0001:0000582b       __get_osfhandle            0040682b f   LIBC:osfinfo.obj
 0001:00005868       __open_osfhandle           00406868 f   LIBC:osfinfo.obj
 0001:00005905       __dosmaperr                00406905 f   LIBC:dosmap.obj
 0001:0000596c       __close                    0040696c f   LIBC:close.obj
 0001:00005a1f       __freebuf                  00406a1f f   LIBC:_freebuf.obj
 0001:00005a4a       _GetCommandLineA@0         00406a4a f   kernel32:KERNEL32.dll
 0001:00005a50       _GetVersion@0              00406a50 f   kernel32:KERNEL32.dll
 0001:00005a56       _ExitProcess@4             00406a56 f   kernel32:KERNEL32.dll
 0001:00005a5c       _TerminateProcess@8        00406a5c f   kernel32:KERNEL32.dll
 0001:00005a62       _UnhandledExceptionFilter@4 00406a62 f   kernel32:KERNEL32.dll
 0001:00005a68       _GetModuleFileNameA@12     00406a68 f   kernel32:KERNEL32.dll
 0001:00005a6e       _FreeEnvironmentStringsA@4 00406a6e f   kernel32:KERNEL32.dll
 0001:00005a74       _FreeEnvironmentStringsW@4 00406a74 f   kernel32:KERNEL32.dll
 0001:00005a7a       _WideCharToMultiByte@32    00406a7a f   kernel32:KERNEL32.dll
 0001:00005a80       _GetEnvironmentStrings@0   00406a80 f   kernel32:KERNEL32.dll
 0001:00005a86       _GetEnvironmentStringsW@0  00406a86 f   kernel32:KERNEL32.dll
 0001:00005a8c       _SetHandleCount@4          00406a8c f   kernel32:KERNEL32.dll
 0001:00005a92       _GetStdHandle@4            00406a92 f   kernel32:KERNEL32.dll
 0001:00005a98       _GetFileType@4             00406a98 f   kernel32:KERNEL32.dll
 0001:00005a9e       _GetStartupInfoA@4         00406a9e f   kernel32:KERNEL32.dll
 0001:00005aa4       _GetEnvironmentVariableA@12 00406aa4 f   kernel32:KERNEL32.dll
 0001:00005aaa       _GetVersionExA@4           00406aaa f   kernel32:KERNEL32.dll
 0001:00005ab0       _HeapDestroy@4             00406ab0 f   kernel32:KERNEL32.dll
 0001:00005ab6       _HeapCreate@12             00406ab6 f   kernel32:KERNEL32.dll
 0001:00005abc       _VirtualFree@12            00406abc f   kernel32:KERNEL32.dll
 0001:00005ac2       _HeapFree@12               00406ac2 f   kernel32:KERNEL32.dll
 0001:00005ac8       _RtlUnwind@16              00406ac8 f   kernel32:KERNEL32.dll
 0001:00005ace       _WriteFile@20              00406ace f   kernel32:KERNEL32.dll
 0001:00005ad4       _HeapAlloc@12              00406ad4 f   kernel32:KERNEL32.dll
 0001:00005ada       _GetCPInfo@8               00406ada f   kernel32:KERNEL32.dll
 0001:00005ae0       _GetACP@0                  00406ae0 f   kernel32:KERNEL32.dll
 0001:00005ae6       _GetOEMCP@0                00406ae6 f   kernel32:KERNEL32.dll
 0001:00005aec       _HeapReAlloc@16            00406aec f   kernel32:KERNEL32.dll
 0001:00005af2       _IsBadWritePtr@8           00406af2 f   kernel32:KERNEL32.dll
 0001:00005af8       _GetLastError@0            00406af8 f   kernel32:KERNEL32.dll
 0001:00005afe       _FlushFileBuffers@4        00406afe f   kernel32:KERNEL32.dll
 0001:00005b04       _SetFilePointer@16         00406b04 f   kernel32:KERNEL32.dll
 0001:00005b0a       _MultiByteToWideChar@24    00406b0a f   kernel32:KERNEL32.dll
 0001:00005b10       _LCMapStringA@24           00406b10 f   kernel32:KERNEL32.dll
 0001:00005b16       _LCMapStringW@24           00406b16 f   kernel32:KERNEL32.dll
 0001:00005b1c       _GetStringTypeA@20         00406b1c f   kernel32:KERNEL32.dll
 0001:00005b22       _GetStringTypeW@16         00406b22 f   kernel32:KERNEL32.dll
 0001:00005b28       _SetStdHandle@8            00406b28 f   kernel32:KERNEL32.dll
 0001:00005b2e       _CloseHandle@4             00406b2e f   kernel32:KERNEL32.dll
 0002:00000000       __imp__lstrcatA@8          00407000     kernel32:KERNEL32.dll
 0002:00000004       __imp__lstrcpyA@8          00407004     kernel32:KERNEL32.dll
 0002:00000008       __imp__VirtualAlloc@16     00407008     kernel32:KERNEL32.dll
 0002:0000000c       __imp__LoadLibraryA@4      0040700c     kernel32:KERNEL32.dll
 0002:00000010       __imp__GetProcAddress@8    00407010     kernel32:KERNEL32.dll
 0002:00000014       __imp__GetModuleHandleA@4  00407014     kernel32:KERNEL32.dll
 0002:00000018       __imp__WriteProcessMemory@20 00407018     kernel32:KERNEL32.dll
 0002:0000001c       __imp__ReadProcessMemory@20 0040701c     kernel32:KERNEL32.dll
 0002:00000020       __imp__GetCurrentProcess@0 00407020     kernel32:KERNEL32.dll
 0002:00000024       __imp__SetStdHandle@8      00407024     kernel32:KERNEL32.dll
 0002:00000028       __imp__GetStringTypeW@16   00407028     kernel32:KERNEL32.dll
 0002:0000002c       __imp__GetCommandLineA@0   0040702c     kernel32:KERNEL32.dll
 0002:00000030       __imp__GetVersion@0        00407030     kernel32:KERNEL32.dll
 0002:00000034       __imp__ExitProcess@4       00407034     kernel32:KERNEL32.dll
 0002:00000038       __imp__TerminateProcess@8  00407038     kernel32:KERNEL32.dll
 0002:0000003c       __imp__UnhandledExceptionFilter@4 0040703c     kernel32:KERNEL32.dll
 0002:00000040       __imp__GetModuleFileNameA@12 00407040     kernel32:KERNEL32.dll
 0002:00000044       __imp__FreeEnvironmentStringsA@4 00407044     kernel32:KERNEL32.dll
 0002:00000048       __imp__FreeEnvironmentStringsW@4 00407048     kernel32:KERNEL32.dll
 0002:0000004c       __imp__WideCharToMultiByte@32 0040704c     kernel32:KERNEL32.dll
 0002:00000050       __imp__GetEnvironmentStrings@0 00407050     kernel32:KERNEL32.dll
 0002:00000054       __imp__GetEnvironmentStringsW@0 00407054     kernel32:KERNEL32.dll
 0002:00000058       __imp__SetHandleCount@4    00407058     kernel32:KERNEL32.dll
 0002:0000005c       __imp__GetStdHandle@4      0040705c     kernel32:KERNEL32.dll
 0002:00000060       __imp__GetFileType@4       00407060     kernel32:KERNEL32.dll
 0002:00000064       __imp__GetStartupInfoA@4   00407064     kernel32:KERNEL32.dll
 0002:00000068       __imp__GetEnvironmentVariableA@12 00407068     kernel32:KERNEL32.dll
 0002:0000006c       __imp__GetVersionExA@4     0040706c     kernel32:KERNEL32.dll
 0002:00000070       __imp__HeapDestroy@4       00407070     kernel32:KERNEL32.dll
 0002:00000074       __imp__HeapCreate@12       00407074     kernel32:KERNEL32.dll
 0002:00000078       __imp__VirtualFree@12      00407078     kernel32:KERNEL32.dll
 0002:0000007c       __imp__HeapFree@12         0040707c     kernel32:KERNEL32.dll
 0002:00000080       __imp__RtlUnwind@16        00407080     kernel32:KERNEL32.dll
 0002:00000084       __imp__WriteFile@20        00407084     kernel32:KERNEL32.dll
 0002:00000088       __imp__HeapAlloc@12        00407088     kernel32:KERNEL32.dll
 0002:0000008c       __imp__GetCPInfo@8         0040708c     kernel32:KERNEL32.dll
 0002:00000090       __imp__GetACP@0            00407090     kernel32:KERNEL32.dll
 0002:00000094       __imp__GetOEMCP@0          00407094     kernel32:KERNEL32.dll
 0002:00000098       __imp__HeapReAlloc@16      00407098     kernel32:KERNEL32.dll
 0002:0000009c       __imp__IsBadWritePtr@8     0040709c     kernel32:KERNEL32.dll
 0002:000000a0       __imp__GetLastError@0      004070a0     kernel32:KERNEL32.dll
 0002:000000a4       __imp__FlushFileBuffers@4  004070a4     kernel32:KERNEL32.dll
 0002:000000a8       __imp__SetFilePointer@16   004070a8     kernel32:KERNEL32.dll
 0002:000000ac       __imp__MultiByteToWideChar@24 004070ac     kernel32:KERNEL32.dll
 0002:000000b0       __imp__LCMapStringA@24     004070b0     kernel32:KERNEL32.dll
 0002:000000b4       __imp__LCMapStringW@24     004070b4     kernel32:KERNEL32.dll
 0002:000000b8       __imp__GetStringTypeA@20   004070b8     kernel32:KERNEL32.dll
 0002:000000bc       __imp__CloseHandle@4       004070bc     kernel32:KERNEL32.dll
 0002:000000c0       \177KERNEL32_NULL_THUNK_DATA 004070c0     kernel32:KERNEL32.dll
 0002:000000c4       __imp__MessageBoxA@16      004070c4     user32:USER32.dll
 0002:000000c8       \177USER32_NULL_THUNK_DATA 004070c8     user32:USER32.dll
 0002:000000fc       ___lookuptable             004070fc     LIBC:output.obj
 0002:00000158       ??_C@_1O@POHA@?$AA?$CI?$AAn?$AAu?$AAl?$AAl?$AA?$CJ?$AA?$AA@ 00407158     LIBC:output.obj
 0002:00000168       ??_C@_06ONKE@?$CInull?$CJ?$AA@ 00407168     LIBC:output.obj
 0002:00000170       ??_C@_0BH@PHHF@__GLOBAL_HEAP_SELECTED?$AA@ 00407170     LIBC:heapinit.obj
 0002:00000188       ??_C@_0BF@BBGL@__MSVCRT_HEAP_SELECT?$AA@ 00407188     LIBC:heapinit.obj
 0002:000001a0       ??_C@_0P@GGKG@runtime?5error?5?$AA@ 004071a0     LIBC:crt0msg.obj
 0002:000001b0       ??_C@_02PIMC@?$AN?6?$AA@   004071b0     LIBC:crt0msg.obj
 0002:000001b4       ??_C@_0O@DELO@TLOSS?5error?$AN?6?$AA@ 004071b4     LIBC:crt0msg.obj
 0002:000001c4       ??_C@_0N@OMLL@SING?5error?$AN?6?$AA@ 004071c4     LIBC:crt0msg.obj
 0002:000001d4       ??_C@_0P@OJAK@DOMAIN?5error?$AN?6?$AA@ 004071d4     LIBC:crt0msg.obj
 0002:000001e4       ??_C@_0CF@EANP@R6028?$AN?6?9?5unable?5to?5initialize?5he@ 004071e4     LIBC:crt0msg.obj
 0002:0000020c       ??_C@_0DF@ECGN@R6027?$AN?6?9?5not?5enough?5space?5for?5lo@ 0040720c     LIBC:crt0msg.obj
 0002:00000244       ??_C@_0DF@FKAC@R6026?$AN?6?9?5not?5enough?5space?5for?5st@ 00407244     LIBC:crt0msg.obj
 0002:0000027c       ??_C@_0CG@DPMN@R6025?$AN?6?9?5pure?5virtual?5function?5c@ 0040727c     LIBC:crt0msg.obj
 0002:000002a4       ??_C@_0DF@CKIP@R6024?$AN?6?9?5not?5enough?5space?5for?5_o@ 004072a4     LIBC:crt0msg.obj
 0002:000002dc       ??_C@_0CJ@GGOE@R6019?$AN?6?9?5unable?5to?5open?5console?5@ 004072dc     LIBC:crt0msg.obj
 0002:00000308       ??_C@_0CB@LBOB@R6018?$AN?6?9?5unexpected?5heap?5error?$AN?6@ 00407308     LIBC:crt0msg.obj
 0002:0000032c       ??_C@_0CN@FPEG@R6017?$AN?6?9?5unexpected?5multithread?5@ 0040732c     LIBC:crt0msg.obj
 0002:0000035c       ??_C@_0CM@OBIC@R6016?$AN?6?9?5not?5enough?5space?5for?5th@ 0040735c     LIBC:crt0msg.obj
 0002:00000388       ??_C@_0CB@HPAL@?$AN?6abnormal?5program?5termination?$AN?6@ 00407388     LIBC:crt0msg.obj
 0002:000003ac       ??_C@_0CM@JOOB@R6009?$AN?6?9?5not?5enough?5space?5for?5en@ 004073ac     LIBC:crt0msg.obj
 0002:000003d8       ??_C@_0CK@OIBL@R6008?$AN?6?9?5not?5enough?5space?5for?5ar@ 004073d8     LIBC:crt0msg.obj
 0002:00000404       ??_C@_0CF@LKPB@R6002?$AN?6?9?5floating?5point?5not?5load@ 00407404     LIBC:crt0msg.obj
 0002:0000042c       ??_C@_0CF@JPDF@Microsoft?5Visual?5C?$CL?$CL?5Runtime?5Lib@ 0040742c     LIBC:crt0msg.obj
 0002:00000454       ??_C@_02JJJH@?6?6?$AA@     00407454     LIBC:crt0msg.obj
 0002:00000458       ??_C@_0BK@DEOK@Runtime?5Error?$CB?6?6Program?3?5?$AA@ 00407458     LIBC:crt0msg.obj
 0002:00000474       ??_C@_03NAME@?4?4?4?$AA@   00407474     LIBC:crt0msg.obj
 0002:00000478       ??_C@_0BH@NNCD@?$DMprogram?5name?5unknown?$DO?$AA@ 00407478     LIBC:crt0msg.obj
 0002:00000490       ??_C@_0BD@NJFP@GetLastActivePopup?$AA@ 00407490     LIBC:crtmbox.obj
 0002:000004a4       ??_C@_0BA@GILI@GetActiveWindow?$AA@ 004074a4     LIBC:crtmbox.obj
 0002:000004b4       ??_C@_01A@?$AA?$AA@        004074b4     LIBC:a_map.obj
 0002:000004b8       ??_C@_13A@?$AA?$AA?$AA?$AA@ 004074b8     LIBC:a_map.obj
 0002:000004e4       __IMPORT_DESCRIPTOR_KERNEL32 004074e4     kernel32:KERNEL32.dll
 0002:000004f8       __IMPORT_DESCRIPTOR_USER32 004074f8     user32:USER32.dll
 0002:0000050c       __NULL_IMPORT_DESCRIPTOR   0040750c     kernel32:KERNEL32.dll
 0003:00000000       ___xc_a                    00408000     LIBC:crt0init.obj
 0003:00000004       ___xc_z                    00408004     LIBC:crt0init.obj
 0003:00000008       ___xi_a                    00408008     LIBC:crt0init.obj
 0003:00000014       ___xi_z                    00408014     LIBC:crt0init.obj
 0003:00000018       ___xp_a                    00408018     LIBC:crt0init.obj
 0003:00000020       ___xp_z                    00408020     LIBC:crt0init.obj
 0003:00000024       ___xt_a                    00408024     LIBC:crt0init.obj
 0003:00000028       ___xt_z                    00408028     LIBC:crt0init.obj
 0003:00000030       ??_C@_0BM@HJMD@After?5?5Inline?5Hook?5Unhooked?$AA@ 00408030     InlineHookMsgBox.obj
 0003:0000004c       ??_C@_0BD@ODFI@After?5?5Inline?5Hook?$AA@ 0040804c     InlineHookMsgBox.obj
 0003:00000060       ??_C@_0BD@EBGL@Before?5Inline?5Hook?$AA@ 00408060     InlineHookMsgBox.obj
 0003:00000074       ??_C@_04JDHC@Test?$AA@     00408074     InlineHookMsgBox.obj
 0003:0000007c       ??_C@_0CC@ELLF@?6?7MessageBox?5Hacked?5by?5pediy?4com@ 0040807c     InlineHookMsgBox.obj
 0003:000000a0       ??_C@_0BF@ODOO@?S?P?H?K?$LF?w?S?CMessageBox?$CB?6?$AA@ 004080a0     InlineHookMsgBox.obj
 0003:000000b8       ??_C@_09HIDC@pediy?4com?$AA@ 004080b8     InlineHookMsgBox.obj
 0003:000000c4       ??_C@_0L@HKL@user32?4dll?$AA@ 004080c4     InlineHookMsgBox.obj
 0003:000000d0       ??_C@_0M@PKCK@MessageBoxA?$AA@ 004080d0     InlineHookMsgBox.obj
 0003:000000dc       ??_C@_02MGDP@?$PP?$CF?$AA@ 004080dc     InlineHookMsgBox.obj
 0003:000000e0       ??_C@_0O@MGKJ@pData?5?$DN?50x?$CFp?6?$AA@ 004080e0     InlineHookMsgBox.obj
 0003:000000f0       ??_C@_0CG@NMIM@Install?5Hook?5write?5OK?$CB?5WrittenCn@ 004080f0     InlineHookMsgBox.obj
 0003:00000118       ??_C@_0BG@OIGO@Address?5To?5HOOK?$DN0x?$CFp?6?$AA@ 00408118     InlineHookMsgBox.obj
 0003:00000130       __aexit_rtn                00408130     LIBC:crt0.obj
 0003:00000134       ___app_type                00408134     LIBC:crt0.obj
 0003:00000138       ___nullstring              00408138     LIBC:output.obj
 0003:0000013c       ___wnullstring             0040813c     LIBC:output.obj
 0003:00000140       __iob                      00408140     LIBC:_file.obj
 0003:000003c0       __XcptActTab               004083c0     LIBC:winxfltr.obj
 0003:00000438       __First_FPE_Indx           00408438     LIBC:winxfltr.obj
 0003:0000043c       __Num_FPE                  0040843c     LIBC:winxfltr.obj
 0003:00000440       __XcptActTabCount          00408440     LIBC:winxfltr.obj
 0003:00000444       __fpecode                  00408444     LIBC:winxfltr.obj
 0003:00000448       ___badioinfo               00408448     LIBC:ioinit.obj
 0003:00000450       __amblksiz                 00408450     LIBC:heapinit.obj
 0003:00000454       __NLG_Destination          00408454     LIBC:exsup.obj
 0003:00000500       __cfltcvt_tab              00408500     LIBC:cmiscdat.obj
 0003:00000518       __pctype                   00408518     LIBC:ctype.obj
 0003:0000051c       __pwctype                  0040851c     LIBC:ctype.obj
 0003:00000520       __ctype                    00408520     LIBC:ctype.obj
 0003:00000830       ___old_small_block_heap    00408830     LIBC:sbheap.obj
 0003:00002854       ___old_sbh_threshold       0040a854     LIBC:sbheap.obj
 0003:00002860       ___mb_cur_max              0040a860     LIBC:nlsdata1.obj
 0003:00002864       ___decimal_point           0040a864     LIBC:nlsdata1.obj
 0003:00002868       ___decimal_point_length    0040a868     LIBC:nlsdata1.obj
 0003:000029d8       ?MsgBoxHookData@@3U_HOOK_DATA@@A 0040a9d8     InlineHookMsgBox.obj
 0003:00002acc       __aenvptr                  0040aacc     LIBC:crt0.obj
 0003:00002ad0       __wenvptr                  0040aad0     LIBC:crt0.obj
 0003:00002ad4       ___error_mode              0040aad4     LIBC:crt0.obj
 0003:00002ad8       __stdbuf                   0040aad8     LIBC:_sftbuf.obj
 0003:00002ae0       __cflush                   0040aae0     LIBC:_file.obj
 0003:00002ae4       _errno                     0040aae4     LIBC:crt0dat.obj
 0003:00002ae8       __doserrno                 0040aae8     LIBC:crt0dat.obj
 0003:00002aec       __umaskval                 0040aaec     LIBC:crt0dat.obj
 0003:00002af0       __osver                    0040aaf0     LIBC:crt0dat.obj
 0003:00002af4       __winver                   0040aaf4     LIBC:crt0dat.obj
 0003:00002af8       __winmajor                 0040aaf8     LIBC:crt0dat.obj
 0003:00002afc       __winminor                 0040aafc     LIBC:crt0dat.obj
 0003:00002b00       ___argc                    0040ab00     LIBC:crt0dat.obj
 0003:00002b04       ___argv                    0040ab04     LIBC:crt0dat.obj
 0003:00002b08       ___wargv                   0040ab08     LIBC:crt0dat.obj
 0003:00002b0c       __environ                  0040ab0c     LIBC:crt0dat.obj
 0003:00002b10       ___initenv                 0040ab10     LIBC:crt0dat.obj
 0003:00002b14       __wenviron                 0040ab14     LIBC:crt0dat.obj
 0003:00002b18       ___winitenv                0040ab18     LIBC:crt0dat.obj
 0003:00002b1c       __pgmptr                   0040ab1c     LIBC:crt0dat.obj
 0003:00002b20       __wpgmptr                  0040ab20     LIBC:crt0dat.obj
 0003:00002b24       __exitflag                 0040ab24     LIBC:crt0dat.obj
 0003:00002b28       __C_Termination_Done       0040ab28     LIBC:crt0dat.obj
 0003:00002b2c       __C_Exit_Done              0040ab2c     LIBC:crt0dat.obj
 0003:00002b30       __pxcptinfoptrs            0040ab30     LIBC:winxfltr.obj
 0003:00002c3c       __adbgmsg                  0040ac3c     LIBC:crt0msg.obj
 0003:00002c54       __newmode                  0040ac54     LIBC:_newmode.obj
 0003:00002c58       ?_pnhHeap@@3P6AHI@ZA       0040ac58     LIBC:handler.obj
 0003:00002c5c       ___lc_handle               0040ac5c     LIBC:nlsdata2.obj
 0003:00002c74       ___lc_codepage             0040ac74     LIBC:nlsdata2.obj
 0003:00002c78       ___lc_collate_cp           0040ac78     LIBC:nlsdata2.obj
 0003:00002c84       ___sbh_sizeHeaderList      0040ac84     <common>
 0003:00002c88       ___sbh_indGroupDefer       0040ac88     <common>
 0003:00002c8c       ___sbh_pHeaderScan         0040ac8c     <common>
 0003:00002c90       ___sbh_initialized         0040ac90     <common>
 0003:00002c94       ___sbh_pHeaderDefer        0040ac94     <common>
 0003:00002c98       ___sbh_cntHeaderList       0040ac98     <common>
 0003:00002c9c       ___sbh_pHeaderList         0040ac9c     <common>
 0003:00002ca0       ___sbh_threshold           0040aca0     <common>
 0003:00002ca4       ___mbcodepage              0040aca4     <common>
 0003:00002cb0       ___mbulinfo                0040acb0     <common>
 0003:00002cbc       ___ismbcodepage            0040acbc     <common>
 0003:00002cc0       __mbcasemap                0040acc0     <common>
 0003:00002dc0       __mbctype                  0040adc0     <common>
 0003:00002ec4       ___mblcid                  0040aec4     <common>
 0003:00002ec8       __crtheap                  0040aec8     <common>
 0003:00002ecc       ___active_heap             0040aecc     <common>
 0003:00002ee0       ___pioinfo                 0040aee0     <common>
 0003:00002fe0       __nhandle                  0040afe0     <common>
 0003:00002fe4       ___env_initialized         0040afe4     <common>
 0003:00002fe8       ___mbctype_initialized     0040afe8     <common>
 0003:00002fec       ___onexitend               0040afec     <common>
 0003:00002ff0       ___onexitbegin             0040aff0     <common>
 0003:00002ff4       __FPinit                   0040aff4     <common>
 0003:00002ff8       ___piob                    0040aff8     <common>
 0003:00003000       __bufin                    0040b000     <common>
 0003:00004000       __nstream                  0040c000     <common>
 0003:00004004       __acmdln                   0040c004     <common>

 entry point at        0001:000004ad

 Static symbols

 0001:000053e0       LeadUp1                    004063e0 f   LIBC:memmove.obj
 0001:0000540c       LeadUp2                    0040640c f   LIBC:memmove.obj
 0001:00005430       LeadUp3                    00406430 f   LIBC:memmove.obj
 0001:000054af       UnwindUp0                  004064af f   LIBC:memmove.obj
 0001:0000549c       UnwindUp1                  0040649c f   LIBC:memmove.obj
 0001:00005494       UnwindUp2                  00406494 f   LIBC:memmove.obj
 0001:0000548c       UnwindUp3                  0040648c f   LIBC:memmove.obj
 0001:00005484       UnwindUp4                  00406484 f   LIBC:memmove.obj
 0001:0000547c       UnwindUp5                  0040647c f   LIBC:memmove.obj
 0001:00005474       UnwindUp6                  00406474 f   LIBC:memmove.obj
 0001:0000546c       UnwindUp7                  0040646c f   LIBC:memmove.obj
 0001:000054c8       TrailUp0                   004064c8 f   LIBC:memmove.obj
 0001:000054d0       TrailUp1                   004064d0 f   LIBC:memmove.obj
 0001:000054dc       TrailUp2                   004064dc f   LIBC:memmove.obj
 0001:000054f0       TrailUp3                   004064f0 f   LIBC:memmove.obj
 0001:00005568       LeadDown1                  00406568 f   LIBC:memmove.obj
 0001:00005588       LeadDown2                  00406588 f   LIBC:memmove.obj
 0001:000055b0       LeadDown3                  004065b0 f   LIBC:memmove.obj
 0001:00005604       UnwindDown7                00406604 f   LIBC:memmove.obj
 0001:0000560c       UnwindDown6                0040660c f   LIBC:memmove.obj
 0001:00005614       UnwindDown5                00406614 f   LIBC:memmove.obj
 0001:0000561c       UnwindDown4                0040661c f   LIBC:memmove.obj
 0001:00005624       UnwindDown3                00406624 f   LIBC:memmove.obj
 0001:0000562c       UnwindDown2                0040662c f   LIBC:memmove.obj
 0001:00005634       UnwindDown1                00406634 f   LIBC:memmove.obj
 0001:00005647       UnwindDown0                00406647 f   LIBC:memmove.obj
 0001:00005660       TrailDown0                 00406660 f   LIBC:memmove.obj
 0001:00005668       TrailDown1                 00406668 f   LIBC:memmove.obj
 0001:00005678       TrailDown2                 00406678 f   LIBC:memmove.obj
 0001:0000568c       TrailDown3                 0040668c f   LIBC:memmove.obj
 0001:000050b2       _strncnt                   004060b2 f   LIBC:a_map.obj
 0001:00002cec       _strtoxl                   00403cec f   LIBC:strtol.obj
 0001:00002a10       LeadUp1                    00403a10 f   LIBC:memcpy.obj
 0001:00002a3c       LeadUp2                    00403a3c f   LIBC:memcpy.obj
 0001:00002a60       LeadUp3                    00403a60 f   LIBC:memcpy.obj
 0001:00002adf       UnwindUp0                  00403adf f   LIBC:memcpy.obj
 0001:00002acc       UnwindUp1                  00403acc f   LIBC:memcpy.obj
 0001:00002ac4       UnwindUp2                  00403ac4 f   LIBC:memcpy.obj
 0001:00002abc       UnwindUp3                  00403abc f   LIBC:memcpy.obj
 0001:00002ab4       UnwindUp4                  00403ab4 f   LIBC:memcpy.obj
 0001:00002aac       UnwindUp5                  00403aac f   LIBC:memcpy.obj
 0001:00002aa4       UnwindUp6                  00403aa4 f   LIBC:memcpy.obj
 0001:00002a9c       UnwindUp7                  00403a9c f   LIBC:memcpy.obj
 0001:00002af8       TrailUp0                   00403af8 f   LIBC:memcpy.obj
 0001:00002b00       TrailUp1                   00403b00 f   LIBC:memcpy.obj
 0001:00002b0c       TrailUp2                   00403b0c f   LIBC:memcpy.obj
 0001:00002b20       TrailUp3                   00403b20 f   LIBC:memcpy.obj
 0001:00002b98       LeadDown1                  00403b98 f   LIBC:memcpy.obj
 0001:00002bb8       LeadDown2                  00403bb8 f   LIBC:memcpy.obj
 0001:00002be0       LeadDown3                  00403be0 f   LIBC:memcpy.obj
 0001:00002c34       UnwindDown7                00403c34 f   LIBC:memcpy.obj
 0001:00002c3c       UnwindDown6                00403c3c f   LIBC:memcpy.obj
 0001:00002c44       UnwindDown5                00403c44 f   LIBC:memcpy.obj
 0001:00002c4c       UnwindDown4                00403c4c f   LIBC:memcpy.obj
 0001:00002c54       UnwindDown3                00403c54 f   LIBC:memcpy.obj
 0001:00002c5c       UnwindDown2                00403c5c f   LIBC:memcpy.obj
 0001:00002c64       UnwindDown1                00403c64 f   LIBC:memcpy.obj
 0001:00002c77       UnwindDown0                00403c77 f   LIBC:memcpy.obj
 0001:00002c90       TrailDown0                 00403c90 f   LIBC:memcpy.obj
 0001:00002c98       TrailDown1                 00403c98 f   LIBC:memcpy.obj
 0001:00002ca8       TrailDown2                 00403ca8 f   LIBC:memcpy.obj
 0001:00002cbc       TrailDown3                 00403cbc f   LIBC:memcpy.obj
 0001:00002749       _getSystemCP               00403749 f   LIBC:mbctype.obj
 0001:00002793       _CPtoLCID                  00403793 f   LIBC:mbctype.obj
 0001:000027c6       _setSBCS                   004037c6 f   LIBC:mbctype.obj
 0001:000027ef       _setSBUpLow                004037ef f   LIBC:mbctype.obj
 0001:00001fe9       _flsall                    00402fe9 f   LIBC:fflush.obj
 0001:00001afc       _gu_return                 00402afc f   LIBC:exsup.obj
 0001:00001b04       __unwind_handler           00402b04 f   LIBC:exsup.obj
 0001:000013b5       _parse_cmdline             004023b5 f   LIBC:stdargv.obj
 0001:00001220       _xcptlookup                00402220 f   LIBC:winxfltr.obj
 0001:0000102c       _doexit                    0040202c f   LIBC:crt0dat.obj
 0001:000010c5       __initterm                 004020c5 f   LIBC:crt0dat.obj
 0001:00000e3d       _write_char                00401e3d f   LIBC:output.obj
 0001:00000e72       _write_multi_char          00401e72 f   LIBC:output.obj
 0001:00000ea3       _write_string              00401ea3 f   LIBC:output.obj
 0001:00000edb       _get_int_arg               00401edb f   LIBC:output.obj
 0001:00000ee8       _get_int64_arg             00401ee8 f   LIBC:output.obj
 0001:00000ef8       _get_short_arg             00401ef8 f   LIBC:output.obj
 0001:000005b1       _fast_error_exit           004015b1 f   LIBC:crt0.obj
