[dsa.cs.tsinghua.edu.cn/_deng/ds/src_link/index.html]
[backblue.gif]
[fade.gif]
[index.html]
[dsa.cs.tsinghua.edu.cn/_deng/ds/src_link/avl/avl.h.html]
[dsa.cs.tsinghua.edu.cn/_deng/ds/src_link/avl/avl_implementation.h.html]
[dsa.cs.tsinghua.edu.cn/_deng/ds/src_link/avl/avl_insert.h.html]
[dsa.cs.tsinghua.edu.cn/_deng/ds/src_link/avl/avl_macro.h.html]
[dsa.cs.tsinghua.edu.cn/_deng/ds/src_link/avl/avl_remove.h.html]
[dsa.cs.tsinghua.edu.cn/_deng/ds/src_link/avl/avl_test.h.html]
[dsa.cs.tsinghua.edu.cn/_deng/ds/src_link/avl/main.cpp.html]
[dsa.cs.tsinghua.edu.cn/_deng/ds/src_link/bintree/binnode.h.html]
[dsa.cs.tsinghua.edu.cn/_deng/ds/src_link/bintree/binnode_implementation.h.html]
[dsa.cs.tsinghua.edu.cn/_deng/ds/src_link/bintree/binnode_insert.h.html]
[dsa.cs.tsinghua.edu.cn/_deng/ds/src_link/bintree/binnode_macro.h.html]
[dsa.cs.tsinghua.edu.cn/_deng/ds/src_link/bintree/binnode_macro_avl.h.html]
[dsa.cs.tsinghua.edu.cn/_deng/ds/src_link/bintree/binnode_macro_basic.h.html]
[dsa.cs.tsinghua.edu.cn/_deng/ds/src_link/bintree/binnode_macro_redblack.h.html]
[dsa.cs.tsinghua.edu.cn/_deng/ds/src_link/bintree/binnode_size.h.html]
[dsa.cs.tsinghua.edu.cn/_deng/ds/src_link/bintree/binnode_stretchbyzag.h.html]
[dsa.cs.tsinghua.edu.cn/_deng/ds/src_link/bintree/binnode_stretchbyzig.h.html]
[dsa.cs.tsinghua.edu.cn/_deng/ds/src_link/bintree/binnode_succ.h.html]
[dsa.cs.tsinghua.edu.cn/_deng/ds/src_link/bintree/binnode_travinorder.h.html]
[dsa.cs.tsinghua.edu.cn/_deng/ds/src_link/bintree/binnode_travinorder_i1.h.html]
[dsa.cs.tsinghua.edu.cn/_deng/ds/src_link/bintree/binnode_travinorder_i2.h.html]
[dsa.cs.tsinghua.edu.cn/_deng/ds/src_link/bintree/binnode_travinorder_i3.h.html]
[dsa.cs.tsinghua.edu.cn/_deng/ds/src_link/bintree/binnode_travinorder_i4.h.html]
[dsa.cs.tsinghua.edu.cn/_deng/ds/src_link/bintree/binnode_travinorder_r.h.html]
[dsa.cs.tsinghua.edu.cn/_deng/ds/src_link/bintree/binnode_travlevel.h.html]
[dsa.cs.tsinghua.edu.cn/_deng/ds/src_link/bintree/binnode_travpostorder.h.html]
[dsa.cs.tsinghua.edu.cn/_deng/ds/src_link/bintree/binnode_travpostorder_i.h.html]
[dsa.cs.tsinghua.edu.cn/_deng/ds/src_link/bintree/binnode_travpostorder_r.h.html]
[dsa.cs.tsinghua.edu.cn/_deng/ds/src_link/bintree/binnode_travpreorder.h.html]
[dsa.cs.tsinghua.edu.cn/_deng/ds/src_link/bintree/binnode_travpreorder_i1.h.html]
[dsa.cs.tsinghua.edu.cn/_deng/ds/src_link/bintree/binnode_travpreorder_i2.h.html]
[dsa.cs.tsinghua.edu.cn/_deng/ds/src_link/bintree/binnode_travpreorder_r.h.html]
[dsa.cs.tsinghua.edu.cn/_deng/ds/src_link/bintree/binnode_zag.h.html]
[dsa.cs.tsinghua.edu.cn/_deng/ds/src_link/bintree/binnode_zig.h.html]
[dsa.cs.tsinghua.edu.cn/_deng/ds/src_link/bintree/bintree.h.html]
[dsa.cs.tsinghua.edu.cn/_deng/ds/src_link/bintree/bintree_attach.h.html]
[dsa.cs.tsinghua.edu.cn/_deng/ds/src_link/bintree/bintree_implementation.h.html]
[dsa.cs.tsinghua.edu.cn/_deng/ds/src_link/bintree/bintree_insert.h.html]
[dsa.cs.tsinghua.edu.cn/_deng/ds/src_link/bintree/bintree_remove.h.html]
[dsa.cs.tsinghua.edu.cn/_deng/ds/src_link/bintree/bintree_secede.h.html]
[dsa.cs.tsinghua.edu.cn/_deng/ds/src_link/bintree/bintree_size.h.html]
[dsa.cs.tsinghua.edu.cn/_deng/ds/src_link/bintree/bintree_test.h.html]
[dsa.cs.tsinghua.edu.cn/_deng/ds/src_link/bintree/bintree_updateheight.h.html]
[dsa.cs.tsinghua.edu.cn/_deng/ds/src_link/bintree/main.cpp.html]
[dsa.cs.tsinghua.edu.cn/_deng/ds/src_link/bitmap/bitmap.h.html]
[dsa.cs.tsinghua.edu.cn/_deng/ds/src_link/bitmap/bitmap_o1_init.h.html]
[dsa.cs.tsinghua.edu.cn/_deng/ds/src_link/bitmap/main_o1_init.cpp.html]
[dsa.cs.tsinghua.edu.cn/_deng/ds/src_link/bitmap_set_only/bitmap_o1_init_set_only.h.html]
[dsa.cs.tsinghua.edu.cn/_deng/ds/src_link/bitmap_set_only/main_o1_init_set_only.cpp.html]
[dsa.cs.tsinghua.edu.cn/_deng/ds/src_link/bst/bst.h.html]
[dsa.cs.tsinghua.edu.cn/_deng/ds/src_link/bst/bst_connect34.h.html]
[dsa.cs.tsinghua.edu.cn/_deng/ds/src_link/bst/bst_implementation.h.html]
[dsa.cs.tsinghua.edu.cn/_deng/ds/src_link/bst/bst_insert.h.html]
[dsa.cs.tsinghua.edu.cn/_deng/ds/src_link/bst/bst_remove.h.html]
[dsa.cs.tsinghua.edu.cn/_deng/ds/src_link/bst/bst_removeat.h.html]
[dsa.cs.tsinghua.edu.cn/_deng/ds/src_link/bst/bst_rotateat.h.html]
[dsa.cs.tsinghua.edu.cn/_deng/ds/src_link/bst/bst_search.h.html]
[dsa.cs.tsinghua.edu.cn/_deng/ds/src_link/bst/bst_searchin_iterative.h.html]
[dsa.cs.tsinghua.edu.cn/_deng/ds/src_link/bst/bst_searchin_recursive.h.html]
[dsa.cs.tsinghua.edu.cn/_deng/ds/src_link/bst/bst_test.h.html]
[dsa.cs.tsinghua.edu.cn/_deng/ds/src_link/bst/main.cpp.html]
[dsa.cs.tsinghua.edu.cn/_deng/ds/src_link/btree/btnode.h.html]
[dsa.cs.tsinghua.edu.cn/_deng/ds/src_link/btree/btree.h.html]
[dsa.cs.tsinghua.edu.cn/_deng/ds/src_link/btree/btree_implementation.h.html]
[dsa.cs.tsinghua.edu.cn/_deng/ds/src_link/btree/btree_insert.h.html]
[dsa.cs.tsinghua.edu.cn/_deng/ds/src_link/btree/btree_remove.h.html]
[dsa.cs.tsinghua.edu.cn/_deng/ds/src_link/btree/btree_search.h.html]
[dsa.cs.tsinghua.edu.cn/_deng/ds/src_link/btree/btree_solveoverflow.h.html]
[dsa.cs.tsinghua.edu.cn/_deng/ds/src_link/btree/btree_solveunderflow.h.html]
[dsa.cs.tsinghua.edu.cn/_deng/ds/src_link/btree/btree_test.h.html]
[dsa.cs.tsinghua.edu.cn/_deng/ds/src_link/btree/main.cpp.html]
[dsa.cs.tsinghua.edu.cn/_deng/ds/src_link/bubblesort/bubble.cpp.html]
[dsa.cs.tsinghua.edu.cn/_deng/ds/src_link/bubblesort/bubble1a.cpp.html]
[dsa.cs.tsinghua.edu.cn/_deng/ds/src_link/bubblesort/bubble1b.cpp.html]
[dsa.cs.tsinghua.edu.cn/_deng/ds/src_link/bubblesort/bubble2.cpp.html]
[dsa.cs.tsinghua.edu.cn/_deng/ds/src_link/bubblesort/main.cpp.html]
[dsa.cs.tsinghua.edu.cn/_deng/ds/src_link/conversion/convert.cpp.html]
[dsa.cs.tsinghua.edu.cn/_deng/ds/src_link/conversion/convert.h.html]
[dsa.cs.tsinghua.edu.cn/_deng/ds/src_link/conversion/main.cpp.html]
[dsa.cs.tsinghua.edu.cn/_deng/ds/src_link/conversion_recursive/convert.cpp.html]
[dsa.cs.tsinghua.edu.cn/_deng/ds/src_link/countones/countones.cpp.html]
[dsa.cs.tsinghua.edu.cn/_deng/ds/src_link/countones/countones_1.cpp.html]
[dsa.cs.tsinghua.edu.cn/_deng/ds/src_link/countones/countones_2.cpp.html]
[dsa.cs.tsinghua.edu.cn/_deng/ds/src_link/countones/main.cpp.html]
[dsa.cs.tsinghua.edu.cn/_deng/ds/src_link/cursor_list/cursor_list.h.html]
[dsa.cs.tsinghua.edu.cn/_deng/ds/src_link/cursor_list/cursor_list_implementation.h.html]
[dsa.cs.tsinghua.edu.cn/_deng/ds/src_link/cursor_list/test.cpp.html]
[dsa.cs.tsinghua.edu.cn/_deng/ds/src_link/daxue/main.cpp.html]
[dsa.cs.tsinghua.edu.cn/_deng/ds/src_link/dictionary/dictionary.h.html]
[dsa.cs.tsinghua.edu.cn/_deng/ds/src_link/entry/entry.h.html]
[dsa.cs.tsinghua.edu.cn/_deng/ds/src_link/factorial/fac.h.html]
[dsa.cs.tsinghua.edu.cn/_deng/ds/src_link/factorial/fac_iterative.cpp.html]
[dsa.cs.tsinghua.edu.cn/_deng/ds/src_link/factorial/fac_recursive.cpp.html]
[dsa.cs.tsinghua.edu.cn/_deng/ds/src_link/factorial/main.cpp.html]
[dsa.cs.tsinghua.edu.cn/_deng/ds/src_link/fibonacci/fib.h.html]
[dsa.cs.tsinghua.edu.cn/_deng/ds/src_link/fibonacci/fib0.cpp.html]
[dsa.cs.tsinghua.edu.cn/_deng/ds/src_link/fibonacci/fib1.cpp.html]
[dsa.cs.tsinghua.edu.cn/_deng/ds/src_link/fibonacci/fib2.cpp.html]
[dsa.cs.tsinghua.edu.cn/_deng/ds/src_link/fibonacci/main.cpp.html]
[dsa.cs.tsinghua.edu.cn/_deng/ds/src_link/gcd/gcd_chinese.cpp.html]
[dsa.cs.tsinghua.edu.cn/_deng/ds/src_link/gcd/gcd_euclidean.cpp.html]
[dsa.cs.tsinghua.edu.cn/_deng/ds/src_link/gcd/main.cpp.html]
[dsa.cs.tsinghua.edu.cn/_deng/ds/src_link/graph/graph.h.html]
[dsa.cs.tsinghua.edu.cn/_deng/ds/src_link/graph/graph_bcc.h.html]
[dsa.cs.tsinghua.edu.cn/_deng/ds/src_link/graph/graph_bfs.h.html]
[dsa.cs.tsinghua.edu.cn/_deng/ds/src_link/graph/graph_bfs_pu.h.html]
[dsa.cs.tsinghua.edu.cn/_deng/ds/src_link/graph/graph_dfs.h.html]
[dsa.cs.tsinghua.edu.cn/_deng/ds/src_link/graph/graph_dfs_pu.h.html]
[dsa.cs.tsinghua.edu.cn/_deng/ds/src_link/graph/graph_dijkstra.h.html]
[dsa.cs.tsinghua.edu.cn/_deng/ds/src_link/graph/graph_dijkstra_pu.h.html]
[dsa.cs.tsinghua.edu.cn/_deng/ds/src_link/graph/graph_implementation.h.html]
[dsa.cs.tsinghua.edu.cn/_deng/ds/src_link/graph/graph_pfs.h.html]
[dsa.cs.tsinghua.edu.cn/_deng/ds/src_link/graph/graph_prim.h.html]
[dsa.cs.tsinghua.edu.cn/_deng/ds/src_link/graph/graph_prim_pu.h.html]
[dsa.cs.tsinghua.edu.cn/_deng/ds/src_link/graph/graph_test.cpp.html]
[dsa.cs.tsinghua.edu.cn/_deng/ds/src_link/graph/graph_test.h.html]
[dsa.cs.tsinghua.edu.cn/_deng/ds/src_link/graph/graph_tsort.h.html]
[dsa.cs.tsinghua.edu.cn/_deng/ds/src_link/graphmatrix/graphmatrix.h.html]
[dsa.cs.tsinghua.edu.cn/_deng/ds/src_link/greatest_slice/gs_bf.cpp.html]
[dsa.cs.tsinghua.edu.cn/_deng/ds/src_link/greatest_slice/gs_dc.cpp.html]
[dsa.cs.tsinghua.edu.cn/_deng/ds/src_link/greatest_slice/gs_ic.cpp.html]
[dsa.cs.tsinghua.edu.cn/_deng/ds/src_link/greatest_slice/gs_ls.cpp.html]
[dsa.cs.tsinghua.edu.cn/_deng/ds/src_link/greatest_slice/test.cpp.html]
[dsa.cs.tsinghua.edu.cn/_deng/ds/src_link/hanoi/display.cpp.html]
[dsa.cs.tsinghua.edu.cn/_deng/ds/src_link/hanoi/hanoi.cpp.html]
[dsa.cs.tsinghua.edu.cn/_deng/ds/src_link/hanoi/hanoi.h.html]
[dsa.cs.tsinghua.edu.cn/_deng/ds/src_link/hanoi/main.cpp.html]
[dsa.cs.tsinghua.edu.cn/_deng/ds/src_link/hanoi/move_disk.cpp.html]
[dsa.cs.tsinghua.edu.cn/_deng/ds/src_link/hashtable/hashtable.h.html]
[dsa.cs.tsinghua.edu.cn/_deng/ds/src_link/hashtable/hashtable_constructor.h.html]
[dsa.cs.tsinghua.edu.cn/_deng/ds/src_link/hashtable/hashtable_destructor.h.html]
[dsa.cs.tsinghua.edu.cn/_deng/ds/src_link/hashtable/hashtable_get.h.html]
[dsa.cs.tsinghua.edu.cn/_deng/ds/src_link/hashtable/hashtable_hashcode.h.html]
[dsa.cs.tsinghua.edu.cn/_deng/ds/src_link/hashtable/hashtable_implementation.h.html]
[dsa.cs.tsinghua.edu.cn/_deng/ds/src_link/hashtable/hashtable_probe4free.h.html]
[dsa.cs.tsinghua.edu.cn/_deng/ds/src_link/hashtable/hashtable_probe4hit.h.html]
[dsa.cs.tsinghua.edu.cn/_deng/ds/src_link/hashtable/hashtable_put.h.html]
[dsa.cs.tsinghua.edu.cn/_deng/ds/src_link/hashtable/hashtable_rehash.h.html]
[dsa.cs.tsinghua.edu.cn/_deng/ds/src_link/hashtable/hashtable_remove.h.html]
[dsa.cs.tsinghua.edu.cn/_deng/ds/src_link/hashtable/hashtable_test.h.html]
[dsa.cs.tsinghua.edu.cn/_deng/ds/src_link/hashtable/main.cpp.html]
[dsa.cs.tsinghua.edu.cn/_deng/ds/src_link/huffman/huffchar.h.html]
[dsa.cs.tsinghua.edu.cn/_deng/ds/src_link/huffman/huffcode.h.html]
[dsa.cs.tsinghua.edu.cn/_deng/ds/src_link/huffman/huffman_decode.cpp.html]
[dsa.cs.tsinghua.edu.cn/_deng/ds/src_link/huffman/huffman_encode.cpp.html]
[dsa.cs.tsinghua.edu.cn/_deng/ds/src_link/huffman/huffman_forest_list.h.html]
[dsa.cs.tsinghua.edu.cn/_deng/ds/src_link/huffman/huffman_generatetable.cpp.html]
[dsa.cs.tsinghua.edu.cn/_deng/ds/src_link/huffman/huffman_generatetree.cpp.html]
[dsa.cs.tsinghua.edu.cn/_deng/ds/src_link/huffman/huffman_initforest.cpp.html]
[dsa.cs.tsinghua.edu.cn/_deng/ds/src_link/huffman/huffman_pq.h.html]
[dsa.cs.tsinghua.edu.cn/_deng/ds/src_link/huffman/huffman_pq_generatetree.cpp.html]
[dsa.cs.tsinghua.edu.cn/_deng/ds/src_link/huffman/huffman_pq_initforest.cpp.html]
[dsa.cs.tsinghua.edu.cn/_deng/ds/src_link/huffman/huffman_pq_test.cpp.html]
[dsa.cs.tsinghua.edu.cn/_deng/ds/src_link/huffman/huffman_pq_test.h.html]
[dsa.cs.tsinghua.edu.cn/_deng/ds/src_link/huffman/huffman_statistics.cpp.html]
[dsa.cs.tsinghua.edu.cn/_deng/ds/src_link/huffman/huffman_test.h.html]
[dsa.cs.tsinghua.edu.cn/_deng/ds/src_link/huffman/hufftable.h.html]
[dsa.cs.tsinghua.edu.cn/_deng/ds/src_link/huffman/hufftree.h.html]
[dsa.cs.tsinghua.edu.cn/_deng/ds/src_link/huffman_pq_complheap/huffman_forest_pq_complheap.h.html]
[dsa.cs.tsinghua.edu.cn/_deng/ds/src_link/huffman_pq_leftheap/huffman_forest_pq_leftheap.h.html]
[dsa.cs.tsinghua.edu.cn/_deng/ds/src_link/huffman_pq_list/huffman_forest_pq_list.h.html]
[dsa.cs.tsinghua.edu.cn/_deng/ds/src_link/laby/advance.h.html]
[dsa.cs.tsinghua.edu.cn/_deng/ds/src_link/laby/cell.h.html]
[dsa.cs.tsinghua.edu.cn/_deng/ds/src_link/laby/displaylaby.h.html]
[dsa.cs.tsinghua.edu.cn/_deng/ds/src_link/laby/laby.h.html]
[dsa.cs.tsinghua.edu.cn/_deng/ds/src_link/laby/main.cpp.html]
[dsa.cs.tsinghua.edu.cn/_deng/ds/src_link/laby/neighbor.h.html]
[dsa.cs.tsinghua.edu.cn/_deng/ds/src_link/laby/randlaby.h.html]
[dsa.cs.tsinghua.edu.cn/_deng/ds/src_link/laby/readlaby.h.html]
[dsa.cs.tsinghua.edu.cn/_deng/ds/src_link/list/list.h.html]
[dsa.cs.tsinghua.edu.cn/_deng/ds/src_link/list/listnode.h.html]
[dsa.cs.tsinghua.edu.cn/_deng/ds/src_link/list/listnode_implementation.h.html]
[dsa.cs.tsinghua.edu.cn/_deng/ds/src_link/list/listnode_insertaspred.h.html]
[dsa.cs.tsinghua.edu.cn/_deng/ds/src_link/list/listnode_insertassucc.h.html]
[dsa.cs.tsinghua.edu.cn/_deng/ds/src_link/list/list_bracket.h.html]
[dsa.cs.tsinghua.edu.cn/_deng/ds/src_link/list/list_clear.h.html]
[dsa.cs.tsinghua.edu.cn/_deng/ds/src_link/list/list_constructor_by_copying.h.html]
[dsa.cs.tsinghua.edu.cn/_deng/ds/src_link/list/list_copynodes.h.html]
[dsa.cs.tsinghua.edu.cn/_deng/ds/src_link/list/list_deduplicate.h.html]
[dsa.cs.tsinghua.edu.cn/_deng/ds/src_link/list/list_destructor.h.html]
[dsa.cs.tsinghua.edu.cn/_deng/ds/src_link/list/list_find.h.html]
[dsa.cs.tsinghua.edu.cn/_deng/ds/src_link/list/list_implementation.h.html]
[dsa.cs.tsinghua.edu.cn/_deng/ds/src_link/list/list_initialize.h.html]
[dsa.cs.tsinghua.edu.cn/_deng/ds/src_link/list/list_insert.h.html]
[dsa.cs.tsinghua.edu.cn/_deng/ds/src_link/list/list_insertionsort.h.html]
[dsa.cs.tsinghua.edu.cn/_deng/ds/src_link/list/list_merge.h.html]
[dsa.cs.tsinghua.edu.cn/_deng/ds/src_link/list/list_mergesort.h.html]
[dsa.cs.tsinghua.edu.cn/_deng/ds/src_link/list/list_remove.h.html]
[dsa.cs.tsinghua.edu.cn/_deng/ds/src_link/list/list_reverse1.h.html]
[dsa.cs.tsinghua.edu.cn/_deng/ds/src_link/list/list_reverse2.h.html]
[dsa.cs.tsinghua.edu.cn/_deng/ds/src_link/list/list_reverse3.h.html]
[dsa.cs.tsinghua.edu.cn/_deng/ds/src_link/list/list_search.h.html]
[dsa.cs.tsinghua.edu.cn/_deng/ds/src_link/list/list_selectionsort.h.html]
[dsa.cs.tsinghua.edu.cn/_deng/ds/src_link/list/list_selectmax.h.html]
[dsa.cs.tsinghua.edu.cn/_deng/ds/src_link/list/list_sort.h.html]
[dsa.cs.tsinghua.edu.cn/_deng/ds/src_link/list/list_test.h.html]
[dsa.cs.tsinghua.edu.cn/_deng/ds/src_link/list/list_traverse.h.html]
[dsa.cs.tsinghua.edu.cn/_deng/ds/src_link/list/list_uniquify.h.html]
[dsa.cs.tsinghua.edu.cn/_deng/ds/src_link/list/main.cpp.html]
[dsa.cs.tsinghua.edu.cn/_deng/ds/src_link/majority/main.cpp.html]
[dsa.cs.tsinghua.edu.cn/_deng/ds/src_link/majority/majority.h.html]
[dsa.cs.tsinghua.edu.cn/_deng/ds/src_link/majority/majoritycandidate.h.html]
[dsa.cs.tsinghua.edu.cn/_deng/ds/src_link/majority/majoritycheck.h.html]
[dsa.cs.tsinghua.edu.cn/_deng/ds/src_link/max/max0.cpp.html]
[dsa.cs.tsinghua.edu.cn/_deng/ds/src_link/max/max1.cpp.html]
[dsa.cs.tsinghua.edu.cn/_deng/ds/src_link/max/max2.cpp.html]
[dsa.cs.tsinghua.edu.cn/_deng/ds/src_link/maxrect/mr_bf.cpp.html]
[dsa.cs.tsinghua.edu.cn/_deng/ds/src_link/maxrect/mr_stack.cpp.html]
[dsa.cs.tsinghua.edu.cn/_deng/ds/src_link/maxrect/mr_stacks.cpp.html]
[dsa.cs.tsinghua.edu.cn/_deng/ds/src_link/maxrect/test.cpp.html]
[dsa.cs.tsinghua.edu.cn/_deng/ds/src_link/median1/main.cpp.html]
[dsa.cs.tsinghua.edu.cn/_deng/ds/src_link/median1/median.h.html]
[dsa.cs.tsinghua.edu.cn/_deng/ds/src_link/median1/trivialmedian.h.html]
[dsa.cs.tsinghua.edu.cn/_deng/ds/src_link/median2/main.cpp.html]
[dsa.cs.tsinghua.edu.cn/_deng/ds/src_link/median2/median.h.html]
[dsa.cs.tsinghua.edu.cn/_deng/ds/src_link/nest_recursive/display.cpp.html]
[dsa.cs.tsinghua.edu.cn/_deng/ds/src_link/nest_recursive/nest.cpp.html]
[dsa.cs.tsinghua.edu.cn/_deng/ds/src_link/nest_stack/main.cpp.html]
[dsa.cs.tsinghua.edu.cn/_deng/ds/src_link/nest_stack/nest.cpp.html]
[dsa.cs.tsinghua.edu.cn/_deng/ds/src_link/nest_stack/nest.h.html]
[dsa.cs.tsinghua.edu.cn/_deng/ds/src_link/power/main.cpp.html]
[dsa.cs.tsinghua.edu.cn/_deng/ds/src_link/power/power0.cpp.html]
[dsa.cs.tsinghua.edu.cn/_deng/ds/src_link/power/power1.cpp.html]
[dsa.cs.tsinghua.edu.cn/_deng/ds/src_link/power/power2-0-i.cpp.html]
[dsa.cs.tsinghua.edu.cn/_deng/ds/src_link/power/power2-0-r.cpp.html]
[dsa.cs.tsinghua.edu.cn/_deng/ds/src_link/power/power2-1-i.cpp.html]
[dsa.cs.tsinghua.edu.cn/_deng/ds/src_link/power/power2-1-r.cpp.html]
[dsa.cs.tsinghua.edu.cn/_deng/ds/src_link/pq/pq.h.html]
[dsa.cs.tsinghua.edu.cn/_deng/ds/src_link/pq/pq_test.cpp.html]
[dsa.cs.tsinghua.edu.cn/_deng/ds/src_link/pq/pq_test.h.html]
[dsa.cs.tsinghua.edu.cn/_deng/ds/src_link/pq_complheap/pq_complheap.h.html]
[dsa.cs.tsinghua.edu.cn/_deng/ds/src_link/pq_complheap/pq_complheap_delmax.h.html]
[dsa.cs.tsinghua.edu.cn/_deng/ds/src_link/pq_complheap/pq_complheap_getmax.h.html]
[dsa.cs.tsinghua.edu.cn/_deng/ds/src_link/pq_complheap/pq_complheap_heapify.h.html]
[dsa.cs.tsinghua.edu.cn/_deng/ds/src_link/pq_complheap/pq_complheap_implementation.h.html]
[dsa.cs.tsinghua.edu.cn/_deng/ds/src_link/pq_complheap/pq_complheap_insert.h.html]
[dsa.cs.tsinghua.edu.cn/_deng/ds/src_link/pq_complheap/pq_complheap_macro.h.html]
[dsa.cs.tsinghua.edu.cn/_deng/ds/src_link/pq_complheap/pq_complheap_percolatedown.h.html]
[dsa.cs.tsinghua.edu.cn/_deng/ds/src_link/pq_complheap/pq_complheap_percolateup.h.html]
[dsa.cs.tsinghua.edu.cn/_deng/ds/src_link/pq_leftheap/pq_leftheap.h.html]
[dsa.cs.tsinghua.edu.cn/_deng/ds/src_link/pq_leftheap/pq_leftheap_delmax.h.html]
[dsa.cs.tsinghua.edu.cn/_deng/ds/src_link/pq_leftheap/pq_leftheap_getmax.h.html]
[dsa.cs.tsinghua.edu.cn/_deng/ds/src_link/pq_leftheap/pq_leftheap_implementation.h.html]
[dsa.cs.tsinghua.edu.cn/_deng/ds/src_link/pq_leftheap/pq_leftheap_insert.h.html]
[dsa.cs.tsinghua.edu.cn/_deng/ds/src_link/pq_leftheap/pq_leftheap_merge.h.html]
[dsa.cs.tsinghua.edu.cn/_deng/ds/src_link/pq_list/pq_list.h.html]
[dsa.cs.tsinghua.edu.cn/_deng/ds/src_link/prefix_free_codes/pfc.h.html]
[dsa.cs.tsinghua.edu.cn/_deng/ds/src_link/prefix_free_codes/pfc_decode.cpp.html]
[dsa.cs.tsinghua.edu.cn/_deng/ds/src_link/prefix_free_codes/pfc_encode.cpp.html]
[dsa.cs.tsinghua.edu.cn/_deng/ds/src_link/prefix_free_codes/pfc_generatetable.cpp.html]
[dsa.cs.tsinghua.edu.cn/_deng/ds/src_link/prefix_free_codes/pfc_generatetree.cpp.html]
[dsa.cs.tsinghua.edu.cn/_deng/ds/src_link/prefix_free_codes/pfc_initforest.cpp.html]
[dsa.cs.tsinghua.edu.cn/_deng/ds/src_link/prefix_free_codes/pfc_test.cpp.html]
[dsa.cs.tsinghua.edu.cn/_deng/ds/src_link/prefix_free_codes/pfc_test.h.html]
[dsa.cs.tsinghua.edu.cn/_deng/ds/src_link/prime/eratosthenes.cpp.html]
[dsa.cs.tsinghua.edu.cn/_deng/ds/src_link/prime/eratosthenes.h.html]
[dsa.cs.tsinghua.edu.cn/_deng/ds/src_link/prime/main.cpp.html]
[dsa.cs.tsinghua.edu.cn/_deng/ds/src_link/prime/primenlt.cpp.html]
[dsa.cs.tsinghua.edu.cn/_deng/ds/src_link/prime/primenlt.h.html]
[dsa.cs.tsinghua.edu.cn/_deng/ds/src_link/queen_brute_force_1/5queens.cpp.html]
[dsa.cs.tsinghua.edu.cn/_deng/ds/src_link/queen_brute_force_1/collision.cpp.html]
[dsa.cs.tsinghua.edu.cn/_deng/ds/src_link/queen_brute_force_1/displaysolution.cpp.html]
[dsa.cs.tsinghua.edu.cn/_deng/ds/src_link/queen_brute_force_1/main.cpp.html]
[dsa.cs.tsinghua.edu.cn/_deng/ds/src_link/queen_brute_force_1/queen.h.html]
[dsa.cs.tsinghua.edu.cn/_deng/ds/src_link/queen_brute_force_2/2queens.cpp.html]
[dsa.cs.tsinghua.edu.cn/_deng/ds/src_link/queen_brute_force_2/3queens.cpp.html]
[dsa.cs.tsinghua.edu.cn/_deng/ds/src_link/queen_brute_force_2/4queens.cpp.html]
[dsa.cs.tsinghua.edu.cn/_deng/ds/src_link/queen_brute_force_2/5queens.cpp.html]
[dsa.cs.tsinghua.edu.cn/_deng/ds/src_link/queen_brute_force_2/main.cpp.html]
[dsa.cs.tsinghua.edu.cn/_deng/ds/src_link/queen_recursive/main.cpp.html]
[dsa.cs.tsinghua.edu.cn/_deng/ds/src_link/queen_recursive/placequeens.cpp.html]
[dsa.cs.tsinghua.edu.cn/_deng/ds/src_link/queen_stack/displayprogress.cpp.html]
[dsa.cs.tsinghua.edu.cn/_deng/ds/src_link/queen_stack/main.cpp.html]
[dsa.cs.tsinghua.edu.cn/_deng/ds/src_link/queen_stack/placequeens.cpp.html]
[dsa.cs.tsinghua.edu.cn/_deng/ds/src_link/queen_stack/queen.h.html]
[dsa.cs.tsinghua.edu.cn/_deng/ds/src_link/queen_stack/queen_stack.h.html]
[dsa.cs.tsinghua.edu.cn/_deng/ds/src_link/queue/main.cpp.html]
[dsa.cs.tsinghua.edu.cn/_deng/ds/src_link/queue/queue.h.html]
[dsa.cs.tsinghua.edu.cn/_deng/ds/src_link/queue/queue_implementation.h.html]
[dsa.cs.tsinghua.edu.cn/_deng/ds/src_link/queue/queue_test.h.html]
[dsa.cs.tsinghua.edu.cn/_deng/ds/src_link/random/randomsortedvector.cpp.html]
[dsa.cs.tsinghua.edu.cn/_deng/ds/src_link/random/randomsortedvector.h.html]
[dsa.cs.tsinghua.edu.cn/_deng/ds/src_link/random/shuffle.cpp.html]
[dsa.cs.tsinghua.edu.cn/_deng/ds/src_link/random/shuffle.h.html]
[dsa.cs.tsinghua.edu.cn/_deng/ds/src_link/redblack/main.cpp.html]
[dsa.cs.tsinghua.edu.cn/_deng/ds/src_link/redblack/redblack.h.html]
[dsa.cs.tsinghua.edu.cn/_deng/ds/src_link/redblack/redblack_implementation.h.html]
[dsa.cs.tsinghua.edu.cn/_deng/ds/src_link/redblack/redblack_insert.h.html]
[dsa.cs.tsinghua.edu.cn/_deng/ds/src_link/redblack/redblack_remove.h.html]
[dsa.cs.tsinghua.edu.cn/_deng/ds/src_link/redblack/redblack_solvedoubleblack.h.html]
[dsa.cs.tsinghua.edu.cn/_deng/ds/src_link/redblack/redblack_solvedoublered.h.html]
[dsa.cs.tsinghua.edu.cn/_deng/ds/src_link/redblack/redblack_test.h.html]
[dsa.cs.tsinghua.edu.cn/_deng/ds/src_link/redblack/redblack_updateheight.h.html]
[dsa.cs.tsinghua.edu.cn/_deng/ds/src_link/reverse/reverse-iterative-0.cpp.html]
[dsa.cs.tsinghua.edu.cn/_deng/ds/src_link/reverse/reverse-iterative-1.cpp.html]
[dsa.cs.tsinghua.edu.cn/_deng/ds/src_link/reverse/reverse-recursive.cpp.html]
[dsa.cs.tsinghua.edu.cn/_deng/ds/src_link/reverse/reverse.cpp.html]
[dsa.cs.tsinghua.edu.cn/_deng/ds/src_link/reverse/reverse.h.html]
[dsa.cs.tsinghua.edu.cn/_deng/ds/src_link/rpn/append2rpn.cpp.html]
[dsa.cs.tsinghua.edu.cn/_deng/ds/src_link/rpn/calculation.cpp.html]
[dsa.cs.tsinghua.edu.cn/_deng/ds/src_link/rpn/displayprogress.cpp.html]
[dsa.cs.tsinghua.edu.cn/_deng/ds/src_link/rpn/main.cpp.html]
[dsa.cs.tsinghua.edu.cn/_deng/ds/src_link/rpn/priority.cpp.html]
[dsa.cs.tsinghua.edu.cn/_deng/ds/src_link/rpn/priority.h.html]
[dsa.cs.tsinghua.edu.cn/_deng/ds/src_link/rpn/readnumber.cpp.html]
[dsa.cs.tsinghua.edu.cn/_deng/ds/src_link/rpn/rpn.cpp.html]
[dsa.cs.tsinghua.edu.cn/_deng/ds/src_link/rpn/rpn.h.html]
[dsa.cs.tsinghua.edu.cn/_deng/ds/src_link/selection/main.cpp.html]
[dsa.cs.tsinghua.edu.cn/_deng/ds/src_link/selection/quickselect.h.html]
[dsa.cs.tsinghua.edu.cn/_deng/ds/src_link/shiftk/main.cpp.html]
[dsa.cs.tsinghua.edu.cn/_deng/ds/src_link/shiftk/shift.cpp.html]
[dsa.cs.tsinghua.edu.cn/_deng/ds/src_link/shiftk/shift0.cpp.html]
[dsa.cs.tsinghua.edu.cn/_deng/ds/src_link/shiftk/shift1.cpp.html]
[dsa.cs.tsinghua.edu.cn/_deng/ds/src_link/shiftk/shift2.cpp.html]
[dsa.cs.tsinghua.edu.cn/_deng/ds/src_link/simu/bestwindow.cpp.html]
[dsa.cs.tsinghua.edu.cn/_deng/ds/src_link/simu/customer.h.html]
[dsa.cs.tsinghua.edu.cn/_deng/ds/src_link/simu/displayprogress.cpp.html]
[dsa.cs.tsinghua.edu.cn/_deng/ds/src_link/simu/main.cpp.html]
[dsa.cs.tsinghua.edu.cn/_deng/ds/src_link/simu/simu.cpp.html]
[dsa.cs.tsinghua.edu.cn/_deng/ds/src_link/simu/simu.h.html]
[dsa.cs.tsinghua.edu.cn/_deng/ds/src_link/skiplist/main.cpp.html]
[dsa.cs.tsinghua.edu.cn/_deng/ds/src_link/skiplist/quadlist.h.html]
[dsa.cs.tsinghua.edu.cn/_deng/ds/src_link/skiplist/quadlistnode.h.html]
[dsa.cs.tsinghua.edu.cn/_deng/ds/src_link/skiplist/quadlistnode_implementation.h.html]
[dsa.cs.tsinghua.edu.cn/_deng/ds/src_link/skiplist/quadlistnode_insert.h.html]
[dsa.cs.tsinghua.edu.cn/_deng/ds/src_link/skiplist/quadlist_implementation.h.html]
[dsa.cs.tsinghua.edu.cn/_deng/ds/src_link/skiplist/quadlist_initialize.h.html]
[dsa.cs.tsinghua.edu.cn/_deng/ds/src_link/skiplist/quadlist_insert.h.html]
[dsa.cs.tsinghua.edu.cn/_deng/ds/src_link/skiplist/quadlist_remove.h.html]
[dsa.cs.tsinghua.edu.cn/_deng/ds/src_link/skiplist/quadlist_traverse.h.html]
[dsa.cs.tsinghua.edu.cn/_deng/ds/src_link/skiplist/skiplist.h.html]
[dsa.cs.tsinghua.edu.cn/_deng/ds/src_link/skiplist/skiplist_get.h.html]
[dsa.cs.tsinghua.edu.cn/_deng/ds/src_link/skiplist/skiplist_implementation.h.html]
[dsa.cs.tsinghua.edu.cn/_deng/ds/src_link/skiplist/skiplist_put.h.html]
[dsa.cs.tsinghua.edu.cn/_deng/ds/src_link/skiplist/skiplist_remove.h.html]
[dsa.cs.tsinghua.edu.cn/_deng/ds/src_link/skiplist/skiplist_skipsearch.h.html]
[dsa.cs.tsinghua.edu.cn/_deng/ds/src_link/skiplist/skiplist_test.h.html]
[dsa.cs.tsinghua.edu.cn/_deng/ds/src_link/splay/main.cpp.html]
[dsa.cs.tsinghua.edu.cn/_deng/ds/src_link/splay/splay.h.html]
[dsa.cs.tsinghua.edu.cn/_deng/ds/src_link/splay/splay_implementation.h.html]
[dsa.cs.tsinghua.edu.cn/_deng/ds/src_link/splay/splay_insert.h.html]
[dsa.cs.tsinghua.edu.cn/_deng/ds/src_link/splay/splay_remove.h.html]
[dsa.cs.tsinghua.edu.cn/_deng/ds/src_link/splay/splay_search.h.html]
[dsa.cs.tsinghua.edu.cn/_deng/ds/src_link/splay/splay_splay.h.html]
[dsa.cs.tsinghua.edu.cn/_deng/ds/src_link/splay/splay_test.h.html]
[dsa.cs.tsinghua.edu.cn/_deng/ds/src_link/stack/main.cpp.html]
[dsa.cs.tsinghua.edu.cn/_deng/ds/src_link/stack/stack.h.html]
[dsa.cs.tsinghua.edu.cn/_deng/ds/src_link/stack/stack_test.h.html]
[dsa.cs.tsinghua.edu.cn/_deng/ds/src_link/stack_list/stack_list.h.html]
[dsa.cs.tsinghua.edu.cn/_deng/ds/src_link/stack_vector/stack_vector.h.html]
[dsa.cs.tsinghua.edu.cn/_deng/ds/src_link/string_pm/string_pm_test.cpp.html]
[dsa.cs.tsinghua.edu.cn/_deng/ds/src_link/string_pm/string_pm_test.h.html]
[dsa.cs.tsinghua.edu.cn/_deng/ds/src_link/string_pm_bf1/pm_brute1.cpp.html]
[dsa.cs.tsinghua.edu.cn/_deng/ds/src_link/string_pm_bf2/pm_brute2.cpp.html]
[dsa.cs.tsinghua.edu.cn/_deng/ds/src_link/string_pm_bm_bc/pm_bm.h.html]
[dsa.cs.tsinghua.edu.cn/_deng/ds/src_link/string_pm_bm_bc/pm_bm_bc.cpp.html]
[dsa.cs.tsinghua.edu.cn/_deng/ds/src_link/string_pm_bm_bc/pm_bm_buildbc.cpp.html]
[dsa.cs.tsinghua.edu.cn/_deng/ds/src_link/string_pm_bm_bc+gs/pm_bm_bc+gs.cpp.html]
[dsa.cs.tsinghua.edu.cn/_deng/ds/src_link/string_pm_bm_bc+gs/pm_bm_buildgs.cpp.html]
[dsa.cs.tsinghua.edu.cn/_deng/ds/src_link/string_pm_kmp/pm_kmp.cpp.html]
[dsa.cs.tsinghua.edu.cn/_deng/ds/src_link/string_pm_kmp/pm_kmp_next.cpp.html]
[dsa.cs.tsinghua.edu.cn/_deng/ds/src_link/string_pm_kmp_improved/pm_kmp_next_improved.cpp.html]
[dsa.cs.tsinghua.edu.cn/_deng/ds/src_link/string_pm_kr/pm_kr.cpp.html]
[dsa.cs.tsinghua.edu.cn/_deng/ds/src_link/string_pm_kr/pm_kr.h.html]
[dsa.cs.tsinghua.edu.cn/_deng/ds/src_link/string_pm_kr/pm_kr_check1by1.cpp.html]
[dsa.cs.tsinghua.edu.cn/_deng/ds/src_link/string_pm_kr/pm_kr_preparedm.cpp.html]
[dsa.cs.tsinghua.edu.cn/_deng/ds/src_link/string_pm_kr/pm_kr_updatehash.cpp.html]
[dsa.cs.tsinghua.edu.cn/_deng/ds/src_link/sum/main.cpp.html]
[dsa.cs.tsinghua.edu.cn/_deng/ds/src_link/sum/sum.h.html]
[dsa.cs.tsinghua.edu.cn/_deng/ds/src_link/sum/sum0.cpp.html]
[dsa.cs.tsinghua.edu.cn/_deng/ds/src_link/sum/sum1.cpp.html]
[dsa.cs.tsinghua.edu.cn/_deng/ds/src_link/sum/sum2.cpp.html]
[dsa.cs.tsinghua.edu.cn/_deng/ds/src_link/uniprint/print.h.html]
[dsa.cs.tsinghua.edu.cn/_deng/ds/src_link/uniprint/print_basic.cpp.html]
[dsa.cs.tsinghua.edu.cn/_deng/ds/src_link/uniprint/print_binnode.h.html]
[dsa.cs.tsinghua.edu.cn/_deng/ds/src_link/uniprint/print_bintree.h.html]
[dsa.cs.tsinghua.edu.cn/_deng/ds/src_link/uniprint/print_btree.h.html]
[dsa.cs.tsinghua.edu.cn/_deng/ds/src_link/uniprint/print_entry.h.html]
[dsa.cs.tsinghua.edu.cn/_deng/ds/src_link/uniprint/print_graphmatrix.h.html]
[dsa.cs.tsinghua.edu.cn/_deng/ds/src_link/uniprint/print_hashtable.h.html]
[dsa.cs.tsinghua.edu.cn/_deng/ds/src_link/uniprint/print_huffchar.cpp.html]
[dsa.cs.tsinghua.edu.cn/_deng/ds/src_link/uniprint/print_implementation.h.html]
[dsa.cs.tsinghua.edu.cn/_deng/ds/src_link/uniprint/print_int_array.cpp.html]
[dsa.cs.tsinghua.edu.cn/_deng/ds/src_link/uniprint/print_int_array.h.html]
[dsa.cs.tsinghua.edu.cn/_deng/ds/src_link/uniprint/print_pq_complheap.h.html]
[dsa.cs.tsinghua.edu.cn/_deng/ds/src_link/uniprint/print_pq_leftheap.h.html]
[dsa.cs.tsinghua.edu.cn/_deng/ds/src_link/uniprint/print_pq_list.h.html]
[dsa.cs.tsinghua.edu.cn/_deng/ds/src_link/uniprint/print_quadlist.h.html]
[dsa.cs.tsinghua.edu.cn/_deng/ds/src_link/uniprint/print_skiplist.h.html]
[dsa.cs.tsinghua.edu.cn/_deng/ds/src_link/uniprint/print_traversable.h.html]
[dsa.cs.tsinghua.edu.cn/_deng/ds/src_link/vector/main.cpp.html]
[dsa.cs.tsinghua.edu.cn/_deng/ds/src_link/vector/permute.h.html]
[dsa.cs.tsinghua.edu.cn/_deng/ds/src_link/vector/vector.h.html]
[dsa.cs.tsinghua.edu.cn/_deng/ds/src_link/vector/vector_assignment.h.html]
[dsa.cs.tsinghua.edu.cn/_deng/ds/src_link/vector/vector_bracket.h.html]
[dsa.cs.tsinghua.edu.cn/_deng/ds/src_link/vector/vector_bubblesort_a.h.html]
[dsa.cs.tsinghua.edu.cn/_deng/ds/src_link/vector/vector_bubblesort_b.h.html]
[dsa.cs.tsinghua.edu.cn/_deng/ds/src_link/vector/vector_bubblesort_c.h.html]
[dsa.cs.tsinghua.edu.cn/_deng/ds/src_link/vector/vector_constructor_by_copying.h.html]
[dsa.cs.tsinghua.edu.cn/_deng/ds/src_link/vector/vector_deduplicate.h.html]
[dsa.cs.tsinghua.edu.cn/_deng/ds/src_link/vector/vector_deduplicate_1.h.html]
[dsa.cs.tsinghua.edu.cn/_deng/ds/src_link/vector/vector_deduplicate_wrong_1.h.html]
[dsa.cs.tsinghua.edu.cn/_deng/ds/src_link/vector/vector_expand.h.html]
[dsa.cs.tsinghua.edu.cn/_deng/ds/src_link/vector/vector_find.h.html]
[dsa.cs.tsinghua.edu.cn/_deng/ds/src_link/vector/vector_heapsort.h.html]
[dsa.cs.tsinghua.edu.cn/_deng/ds/src_link/vector/vector_implementation.h.html]
[dsa.cs.tsinghua.edu.cn/_deng/ds/src_link/vector/vector_insert.h.html]
[dsa.cs.tsinghua.edu.cn/_deng/ds/src_link/vector/vector_merge.h.html]
[dsa.cs.tsinghua.edu.cn/_deng/ds/src_link/vector/vector_mergesort.h.html]
[dsa.cs.tsinghua.edu.cn/_deng/ds/src_link/vector/vector_partition_a.h.html]
[dsa.cs.tsinghua.edu.cn/_deng/ds/src_link/vector/vector_partition_a1.h.html]
[dsa.cs.tsinghua.edu.cn/_deng/ds/src_link/vector/vector_partition_b.h.html]
[dsa.cs.tsinghua.edu.cn/_deng/ds/src_link/vector/vector_partition_b1.h.html]
[dsa.cs.tsinghua.edu.cn/_deng/ds/src_link/vector/vector_partition_c.h.html]
[dsa.cs.tsinghua.edu.cn/_deng/ds/src_link/vector/vector_quicksort.h.html]
[dsa.cs.tsinghua.edu.cn/_deng/ds/src_link/vector/vector_remove.h.html]
[dsa.cs.tsinghua.edu.cn/_deng/ds/src_link/vector/vector_removeinterval.h.html]
[dsa.cs.tsinghua.edu.cn/_deng/ds/src_link/vector/vector_search.h.html]
[dsa.cs.tsinghua.edu.cn/_deng/ds/src_link/vector/vector_search_binary_a.h.html]
[dsa.cs.tsinghua.edu.cn/_deng/ds/src_link/vector/vector_search_binary_b.h.html]
[dsa.cs.tsinghua.edu.cn/_deng/ds/src_link/vector/vector_search_binary_c.h.html]
[dsa.cs.tsinghua.edu.cn/_deng/ds/src_link/vector/vector_search_fibonaccian_a.h.html]
[dsa.cs.tsinghua.edu.cn/_deng/ds/src_link/vector/vector_search_fibonaccian_b.h.html]
[dsa.cs.tsinghua.edu.cn/_deng/ds/src_link/vector/vector_selectionsort.h.html]
[dsa.cs.tsinghua.edu.cn/_deng/ds/src_link/vector/vector_shellsort.h.html]
[dsa.cs.tsinghua.edu.cn/_deng/ds/src_link/vector/vector_shrink.h.html]
[dsa.cs.tsinghua.edu.cn/_deng/ds/src_link/vector/vector_sort.h.html]
[dsa.cs.tsinghua.edu.cn/_deng/ds/src_link/vector/vector_test.h.html]
[dsa.cs.tsinghua.edu.cn/_deng/ds/src_link/vector/vector_traverse.h.html]
[dsa.cs.tsinghua.edu.cn/_deng/ds/src_link/vector/vector_uniquify.h.html]
[dsa.cs.tsinghua.edu.cn/_deng/ds/src_link/vector/vector_uniquify_slow.h.html]
[dsa.cs.tsinghua.edu.cn/_deng/ds/src_link/vector/vector_unsort.h.html]
[dsa.cs.tsinghua.edu.cn/_deng/ds/src_link/_java/hash.java.html]
[dsa.cs.tsinghua.edu.cn/_deng/ds/src_link/_java/testlist.java.html]
[dsa.cs.tsinghua.edu.cn/_deng/ds/src_link/_java/testsequence.cmd.html]
[dsa.cs.tsinghua.edu.cn/_deng/ds/src_link/_java/testtreemap.java.html]
[dsa.cs.tsinghua.edu.cn/_deng/ds/src_link/_java/testvector.java.html]
[dsa.cs.tsinghua.edu.cn/_deng/ds/src_link/_pl/hash.pl.html]
[dsa.cs.tsinghua.edu.cn/_deng/ds/src_link/_ps/2009.ps.html]
[dsa.cs.tsinghua.edu.cn/_deng/ds/src_link/_ps/2010.ps.html]
[dsa.cs.tsinghua.edu.cn/_deng/ds/src_link/_ps/2011.ps.html]
[dsa.cs.tsinghua.edu.cn/_deng/ds/src_link/_ps/smile.ps.html]
[dsa.cs.tsinghua.edu.cn/_deng/ds/src_link/_py/hash.py.html]
[dsa.cs.tsinghua.edu.cn/_deng/ds/src_link/_py/list.py.html]
[dsa.cs.tsinghua.edu.cn/_deng/ds/src_link/_py/reverse.py.html]
[dsa.cs.tsinghua.edu.cn/_deng/ds/src_link/_py/unionfind_quickfind.py.html]
[dsa.cs.tsinghua.edu.cn/_deng/ds/src_link/_py/unionfind_test.py.html]
[dsa.cs.tsinghua.edu.cn/_deng/ds/src_link/_rb/hash.rb.html]
[dsa.cs.tsinghua.edu.cn/_deng/ds/src_link/_share/checkorder_elem.h.html]
[dsa.cs.tsinghua.edu.cn/_deng/ds/src_link/_share/checkorder_list.h.html]
[dsa.cs.tsinghua.edu.cn/_deng/ds/src_link/_share/checkorder_vector.h.html]
[dsa.cs.tsinghua.edu.cn/_deng/ds/src_link/_share/comparator.h.html]
[dsa.cs.tsinghua.edu.cn/_deng/ds/src_link/_share/crc_elem.h.html]
[dsa.cs.tsinghua.edu.cn/_deng/ds/src_link/_share/crc_list.h.html]
[dsa.cs.tsinghua.edu.cn/_deng/ds/src_link/_share/crc_vector.h.html]
[dsa.cs.tsinghua.edu.cn/_deng/ds/src_link/_share/decrease_elem.h.html]
[dsa.cs.tsinghua.edu.cn/_deng/ds/src_link/_share/decrease_list.h.html]
[dsa.cs.tsinghua.edu.cn/_deng/ds/src_link/_share/decrease_vector.h.html]
[dsa.cs.tsinghua.edu.cn/_deng/ds/src_link/_share/double_elem.h.html]
[dsa.cs.tsinghua.edu.cn/_deng/ds/src_link/_share/double_vector.h.html]
[dsa.cs.tsinghua.edu.cn/_deng/ds/src_link/_share/hailstone_elem.h.html]
[dsa.cs.tsinghua.edu.cn/_deng/ds/src_link/_share/half_elem.h.html]
[dsa.cs.tsinghua.edu.cn/_deng/ds/src_link/_share/half_list.h.html]
[dsa.cs.tsinghua.edu.cn/_deng/ds/src_link/_share/increase_elem.h.html]
[dsa.cs.tsinghua.edu.cn/_deng/ds/src_link/_share/increase_list.h.html]
[dsa.cs.tsinghua.edu.cn/_deng/ds/src_link/_share/increase_vector.h.html]
[dsa.cs.tsinghua.edu.cn/_deng/ds/src_link/_share/rand.h.html]
[dsa.cs.tsinghua.edu.cn/_deng/ds/src_link/_share/release.h.html]
[dsa.cs.tsinghua.edu.cn/_deng/ds/src_link/_share/util.h.html]
[dsa.cs.tsinghua.edu.cn/_deng/ds/src_link/_java/dsa/avltree.java.html]
[dsa.cs.tsinghua.edu.cn/_deng/ds/src_link/_java/dsa/bestfs.java.html]
[dsa.cs.tsinghua.edu.cn/_deng/ds/src_link/_java/dsa/bestfsdijkstra.java.html]
[dsa.cs.tsinghua.edu.cn/_deng/ds/src_link/_java/dsa/bestfsprim.java.html]
[dsa.cs.tsinghua.edu.cn/_deng/ds/src_link/_java/dsa/bfs.java.html]
[dsa.cs.tsinghua.edu.cn/_deng/ds/src_link/_java/dsa/bfsdistance.java.html]
[dsa.cs.tsinghua.edu.cn/_deng/ds/src_link/_java/dsa/bintree.java.html]
[dsa.cs.tsinghua.edu.cn/_deng/ds/src_link/_java/dsa/bintreenode.java.html]
[dsa.cs.tsinghua.edu.cn/_deng/ds/src_link/_java/dsa/bintreeposition.java.html]
[dsa.cs.tsinghua.edu.cn/_deng/ds/src_link/_java/dsa/bintree_linkedlist.java.html]
[dsa.cs.tsinghua.edu.cn/_deng/ds/src_link/_java/dsa/bstree.java.html]
[dsa.cs.tsinghua.edu.cn/_deng/ds/src_link/_java/dsa/bstreenode.java.html]
[dsa.cs.tsinghua.edu.cn/_deng/ds/src_link/_java/dsa/comparator.java.html]
[dsa.cs.tsinghua.edu.cn/_deng/ds/src_link/_java/dsa/comparatordefault.java.html]
[dsa.cs.tsinghua.edu.cn/_deng/ds/src_link/_java/dsa/comparatorlexicographic.java.html]
[dsa.cs.tsinghua.edu.cn/_deng/ds/src_link/_java/dsa/complbintree.java.html]
[dsa.cs.tsinghua.edu.cn/_deng/ds/src_link/_java/dsa/complbintreenode_rank.java.html]
[dsa.cs.tsinghua.edu.cn/_deng/ds/src_link/_java/dsa/complbintree_vector.java.html]
[dsa.cs.tsinghua.edu.cn/_deng/ds/src_link/_java/dsa/deque.java.html]
[dsa.cs.tsinghua.edu.cn/_deng/ds/src_link/_java/dsa/deque_dlnode.java.html]
[dsa.cs.tsinghua.edu.cn/_deng/ds/src_link/_java/dsa/dfs.java.html]
[dsa.cs.tsinghua.edu.cn/_deng/ds/src_link/_java/dsa/dfsreachablecomponent.java.html]
[dsa.cs.tsinghua.edu.cn/_deng/ds/src_link/_java/dsa/dictionary.java.html]
[dsa.cs.tsinghua.edu.cn/_deng/ds/src_link/_java/dsa/dictionary_dlnode.java.html]
[dsa.cs.tsinghua.edu.cn/_deng/ds/src_link/_java/dsa/dictionary_hashtable.java.html]
[dsa.cs.tsinghua.edu.cn/_deng/ds/src_link/_java/dsa/dlnode.java.html]
[dsa.cs.tsinghua.edu.cn/_deng/ds/src_link/_java/dsa/edge.java.html]
[dsa.cs.tsinghua.edu.cn/_deng/ds/src_link/_java/dsa/edge_list.java.html]
[dsa.cs.tsinghua.edu.cn/_deng/ds/src_link/_java/dsa/entry.java.html]
[dsa.cs.tsinghua.edu.cn/_deng/ds/src_link/_java/dsa/entrydefault.java.html]
[dsa.cs.tsinghua.edu.cn/_deng/ds/src_link/_java/dsa/equalitytester.java.html]
[dsa.cs.tsinghua.edu.cn/_deng/ds/src_link/_java/dsa/equalitytesterdefault.java.html]
[dsa.cs.tsinghua.edu.cn/_deng/ds/src_link/_java/dsa/exceptionboundaryviolation.java.html]
[dsa.cs.tsinghua.edu.cn/_deng/ds/src_link/_java/dsa/exceptionkeyinvalid.java.html]
[dsa.cs.tsinghua.edu.cn/_deng/ds/src_link/_java/dsa/exceptionlistempty.java.html]
[dsa.cs.tsinghua.edu.cn/_deng/ds/src_link/_java/dsa/exceptionnosuchelement.java.html]
[dsa.cs.tsinghua.edu.cn/_deng/ds/src_link/_java/dsa/exceptionpositioninvalid.java.html]
[dsa.cs.tsinghua.edu.cn/_deng/ds/src_link/_java/dsa/exceptionpqueueempty.java.html]
[dsa.cs.tsinghua.edu.cn/_deng/ds/src_link/_java/dsa/exceptionqueueempty.java.html]
[dsa.cs.tsinghua.edu.cn/_deng/ds/src_link/_java/dsa/exceptionqueuefull.java.html]
[dsa.cs.tsinghua.edu.cn/_deng/ds/src_link/_java/dsa/exceptionstackempty.java.html]
[dsa.cs.tsinghua.edu.cn/_deng/ds/src_link/_java/dsa/exceptionstackfull.java.html]
[dsa.cs.tsinghua.edu.cn/_deng/ds/src_link/_java/dsa/exceptiontreeempty.java.html]
[dsa.cs.tsinghua.edu.cn/_deng/ds/src_link/_java/dsa/graph.java.html]
[dsa.cs.tsinghua.edu.cn/_deng/ds/src_link/_java/dsa/graphtraverse.java.html]
[dsa.cs.tsinghua.edu.cn/_deng/ds/src_link/_java/dsa/graph_list.java.html]
[dsa.cs.tsinghua.edu.cn/_deng/ds/src_link/_java/dsa/iterator.java.html]
[dsa.cs.tsinghua.edu.cn/_deng/ds/src_link/_java/dsa/iteratorelement.java.html]
[dsa.cs.tsinghua.edu.cn/_deng/ds/src_link/_java/dsa/iteratorposition.java.html]
[dsa.cs.tsinghua.edu.cn/_deng/ds/src_link/_java/dsa/iteratortree.java.html]
[dsa.cs.tsinghua.edu.cn/_deng/ds/src_link/_java/dsa/list.java.html]
[dsa.cs.tsinghua.edu.cn/_deng/ds/src_link/_java/dsa/list_dlnode.java.html]
[dsa.cs.tsinghua.edu.cn/_deng/ds/src_link/_java/dsa/map.java.html]
[dsa.cs.tsinghua.edu.cn/_deng/ds/src_link/_java/dsa/map_dlnode.java.html]
[dsa.cs.tsinghua.edu.cn/_deng/ds/src_link/_java/dsa/map_hashtable.java.html]
[dsa.cs.tsinghua.edu.cn/_deng/ds/src_link/_java/dsa/node.java.html]
[dsa.cs.tsinghua.edu.cn/_deng/ds/src_link/_java/dsa/pm_bm.java.html]
[dsa.cs.tsinghua.edu.cn/_deng/ds/src_link/_java/dsa/pm_bruteforce.java.html]
[dsa.cs.tsinghua.edu.cn/_deng/ds/src_link/_java/dsa/pm_kmp.java.html]
[dsa.cs.tsinghua.edu.cn/_deng/ds/src_link/_java/dsa/point2d.java.html]
[dsa.cs.tsinghua.edu.cn/_deng/ds/src_link/_java/dsa/position.java.html]
[dsa.cs.tsinghua.edu.cn/_deng/ds/src_link/_java/dsa/pqueue.java.html]
[dsa.cs.tsinghua.edu.cn/_deng/ds/src_link/_java/dsa/pqueue_heap.java.html]
[dsa.cs.tsinghua.edu.cn/_deng/ds/src_link/_java/dsa/pqueue_sortedlist.java.html]
[dsa.cs.tsinghua.edu.cn/_deng/ds/src_link/_java/dsa/pqueue_unsortedlist.java.html]
[dsa.cs.tsinghua.edu.cn/_deng/ds/src_link/_java/dsa/queue.java.html]
[dsa.cs.tsinghua.edu.cn/_deng/ds/src_link/_java/dsa/queue_array.java.html]
[dsa.cs.tsinghua.edu.cn/_deng/ds/src_link/_java/dsa/queue_list.java.html]
[dsa.cs.tsinghua.edu.cn/_deng/ds/src_link/_java/dsa/sequence.java.html]
[dsa.cs.tsinghua.edu.cn/_deng/ds/src_link/_java/dsa/sequence_dlnode.java.html]
[dsa.cs.tsinghua.edu.cn/_deng/ds/src_link/_java/dsa/sorteddictionary.java.html]
[dsa.cs.tsinghua.edu.cn/_deng/ds/src_link/_java/dsa/sorteddictionary_extarray.java.html]
[dsa.cs.tsinghua.edu.cn/_deng/ds/src_link/_java/dsa/sorter.java.html]
[dsa.cs.tsinghua.edu.cn/_deng/ds/src_link/_java/dsa/sorter_bubblesort.java.html]
[dsa.cs.tsinghua.edu.cn/_deng/ds/src_link/_java/dsa/sorter_mergesort.java.html]
[dsa.cs.tsinghua.edu.cn/_deng/ds/src_link/_java/dsa/sorter_pqueue.java.html]
[dsa.cs.tsinghua.edu.cn/_deng/ds/src_link/_java/dsa/sorter_quicksort.java.html]
[dsa.cs.tsinghua.edu.cn/_deng/ds/src_link/_java/dsa/splaytree.java.html]
[dsa.cs.tsinghua.edu.cn/_deng/ds/src_link/_java/dsa/stack.java.html]
[dsa.cs.tsinghua.edu.cn/_deng/ds/src_link/_java/dsa/stack_array.java.html]
[dsa.cs.tsinghua.edu.cn/_deng/ds/src_link/_java/dsa/stack_list.java.html]
[dsa.cs.tsinghua.edu.cn/_deng/ds/src_link/_java/dsa/tree.java.html]
[dsa.cs.tsinghua.edu.cn/_deng/ds/src_link/_java/dsa/treelinkedlist.java.html]
[dsa.cs.tsinghua.edu.cn/_deng/ds/src_link/_java/dsa/vector.java.html]
[dsa.cs.tsinghua.edu.cn/_deng/ds/src_link/_java/dsa/vector_array.java.html]
[dsa.cs.tsinghua.edu.cn/_deng/ds/src_link/_java/dsa/vector_extarray.java.html]
[dsa.cs.tsinghua.edu.cn/_deng/ds/src_link/_java/dsa/vertex.java.html]
[dsa.cs.tsinghua.edu.cn/_deng/ds/src_link/_java/dsa/vertex_list.java.html]
[dsa.cs.tsinghua.edu.cn/_deng/ds/src_link/index.html]
[dsa.cs.tsinghua.edu.cn/_deng/ds/src_link/avl/avl.h.html]
[dsa.cs.tsinghua.edu.cn/_deng/ds/src_link/avl/avl_implementation.h.html]
[dsa.cs.tsinghua.edu.cn/_deng/ds/src_link/avl/avl_insert.h.html]
[dsa.cs.tsinghua.edu.cn/_deng/ds/src_link/avl/avl_macro.h.html]
[dsa.cs.tsinghua.edu.cn/_deng/ds/src_link/avl/avl_remove.h.html]
[dsa.cs.tsinghua.edu.cn/_deng/ds/src_link/avl/avl_test.h.html]
[dsa.cs.tsinghua.edu.cn/_deng/ds/src_link/avl/main.cpp.html]
[dsa.cs.tsinghua.edu.cn/_deng/ds/src_link/bintree/binnode.h.html]
[dsa.cs.tsinghua.edu.cn/_deng/ds/src_link/bintree/binnode_implementation.h.html]
[dsa.cs.tsinghua.edu.cn/_deng/ds/src_link/bintree/binnode_insert.h.html]
[dsa.cs.tsinghua.edu.cn/_deng/ds/src_link/bintree/binnode_macro.h.html]
[dsa.cs.tsinghua.edu.cn/_deng/ds/src_link/bintree/binnode_macro_avl.h.html]
[dsa.cs.tsinghua.edu.cn/_deng/ds/src_link/bintree/binnode_macro_basic.h.html]
[dsa.cs.tsinghua.edu.cn/_deng/ds/src_link/bintree/binnode_macro_redblack.h.html]
[dsa.cs.tsinghua.edu.cn/_deng/ds/src_link/bintree/binnode_size.h.html]
[dsa.cs.tsinghua.edu.cn/_deng/ds/src_link/bintree/binnode_stretchbyzag.h.html]
[dsa.cs.tsinghua.edu.cn/_deng/ds/src_link/bintree/binnode_stretchbyzig.h.html]
[dsa.cs.tsinghua.edu.cn/_deng/ds/src_link/bintree/binnode_succ.h.html]
[dsa.cs.tsinghua.edu.cn/_deng/ds/src_link/bintree/binnode_travinorder.h.html]
[dsa.cs.tsinghua.edu.cn/_deng/ds/src_link/bintree/binnode_travinorder_i1.h.html]
[dsa.cs.tsinghua.edu.cn/_deng/ds/src_link/bintree/binnode_travinorder_i2.h.html]
[dsa.cs.tsinghua.edu.cn/_deng/ds/src_link/bintree/binnode_travinorder_i3.h.html]
[dsa.cs.tsinghua.edu.cn/_deng/ds/src_link/bintree/binnode_travinorder_i4.h.html]
[dsa.cs.tsinghua.edu.cn/_deng/ds/src_link/bintree/binnode_travinorder_r.h.html]
[dsa.cs.tsinghua.edu.cn/_deng/ds/src_link/bintree/binnode_travlevel.h.html]
[dsa.cs.tsinghua.edu.cn/_deng/ds/src_link/bintree/binnode_travpostorder.h.html]
[dsa.cs.tsinghua.edu.cn/_deng/ds/src_link/bintree/binnode_travpostorder_i.h.html]
[dsa.cs.tsinghua.edu.cn/_deng/ds/src_link/bintree/binnode_travpostorder_r.h.html]
[dsa.cs.tsinghua.edu.cn/_deng/ds/src_link/bintree/binnode_travpreorder.h.html]
[dsa.cs.tsinghua.edu.cn/_deng/ds/src_link/bintree/binnode_travpreorder_i1.h.html]
[dsa.cs.tsinghua.edu.cn/_deng/ds/src_link/bintree/binnode_travpreorder_i2.h.html]
[dsa.cs.tsinghua.edu.cn/_deng/ds/src_link/bintree/binnode_travpreorder_r.h.html]
[dsa.cs.tsinghua.edu.cn/_deng/ds/src_link/bintree/binnode_zag.h.html]
[dsa.cs.tsinghua.edu.cn/_deng/ds/src_link/bintree/binnode_zig.h.html]
[dsa.cs.tsinghua.edu.cn/_deng/ds/src_link/bintree/bintree.h.html]
[dsa.cs.tsinghua.edu.cn/_deng/ds/src_link/bintree/bintree_attach.h.html]
[dsa.cs.tsinghua.edu.cn/_deng/ds/src_link/bintree/bintree_implementation.h.html]
[dsa.cs.tsinghua.edu.cn/_deng/ds/src_link/bintree/bintree_insert.h.html]
[dsa.cs.tsinghua.edu.cn/_deng/ds/src_link/bintree/bintree_remove.h.html]
[dsa.cs.tsinghua.edu.cn/_deng/ds/src_link/bintree/bintree_secede.h.html]
[dsa.cs.tsinghua.edu.cn/_deng/ds/src_link/bintree/bintree_size.h.html]
[dsa.cs.tsinghua.edu.cn/_deng/ds/src_link/bintree/bintree_test.h.html]
[dsa.cs.tsinghua.edu.cn/_deng/ds/src_link/bintree/bintree_updateheight.h.html]
[dsa.cs.tsinghua.edu.cn/_deng/ds/src_link/bintree/main.cpp.html]
[dsa.cs.tsinghua.edu.cn/_deng/ds/src_link/bitmap/bitmap.h.html]
[dsa.cs.tsinghua.edu.cn/_deng/ds/src_link/bitmap/bitmap_o1_init.h.html]
[dsa.cs.tsinghua.edu.cn/_deng/ds/src_link/bitmap/main_o1_init.cpp.html]
[dsa.cs.tsinghua.edu.cn/_deng/ds/src_link/bitmap_set_only/bitmap_o1_init_set_only.h.html]
[dsa.cs.tsinghua.edu.cn/_deng/ds/src_link/bitmap_set_only/main_o1_init_set_only.cpp.html]
[dsa.cs.tsinghua.edu.cn/_deng/ds/src_link/bst/bst.h.html]
[dsa.cs.tsinghua.edu.cn/_deng/ds/src_link/bst/bst_connect34.h.html]
[dsa.cs.tsinghua.edu.cn/_deng/ds/src_link/bst/bst_implementation.h.html]
[dsa.cs.tsinghua.edu.cn/_deng/ds/src_link/bst/bst_insert.h.html]
[dsa.cs.tsinghua.edu.cn/_deng/ds/src_link/bst/bst_remove.h.html]
[dsa.cs.tsinghua.edu.cn/_deng/ds/src_link/bst/bst_removeat.h.html]
[dsa.cs.tsinghua.edu.cn/_deng/ds/src_link/bst/bst_rotateat.h.html]
[dsa.cs.tsinghua.edu.cn/_deng/ds/src_link/bst/bst_search.h.html]
[dsa.cs.tsinghua.edu.cn/_deng/ds/src_link/bst/bst_searchin_iterative.h.html]
[dsa.cs.tsinghua.edu.cn/_deng/ds/src_link/bst/bst_searchin_recursive.h.html]
[dsa.cs.tsinghua.edu.cn/_deng/ds/src_link/bst/bst_test.h.html]
[dsa.cs.tsinghua.edu.cn/_deng/ds/src_link/bst/main.cpp.html]
[dsa.cs.tsinghua.edu.cn/_deng/ds/src_link/btree/btnode.h.html]
[dsa.cs.tsinghua.edu.cn/_deng/ds/src_link/btree/btree.h.html]
[dsa.cs.tsinghua.edu.cn/_deng/ds/src_link/btree/btree_implementation.h.html]
[dsa.cs.tsinghua.edu.cn/_deng/ds/src_link/btree/btree_insert.h.html]
[dsa.cs.tsinghua.edu.cn/_deng/ds/src_link/btree/btree_remove.h.html]
[dsa.cs.tsinghua.edu.cn/_deng/ds/src_link/btree/btree_search.h.html]
[dsa.cs.tsinghua.edu.cn/_deng/ds/src_link/btree/btree_solveoverflow.h.html]
[dsa.cs.tsinghua.edu.cn/_deng/ds/src_link/btree/btree_solveunderflow.h.html]
[dsa.cs.tsinghua.edu.cn/_deng/ds/src_link/btree/btree_test.h.html]
[dsa.cs.tsinghua.edu.cn/_deng/ds/src_link/btree/main.cpp.html]
[dsa.cs.tsinghua.edu.cn/_deng/ds/src_link/bubblesort/bubble.cpp.html]
[dsa.cs.tsinghua.edu.cn/_deng/ds/src_link/bubblesort/bubble1a.cpp.html]
[dsa.cs.tsinghua.edu.cn/_deng/ds/src_link/bubblesort/bubble1b.cpp.html]
[dsa.cs.tsinghua.edu.cn/_deng/ds/src_link/bubblesort/bubble2.cpp.html]
[dsa.cs.tsinghua.edu.cn/_deng/ds/src_link/bubblesort/main.cpp.html]
[dsa.cs.tsinghua.edu.cn/_deng/ds/src_link/conversion/convert.cpp.html]
[dsa.cs.tsinghua.edu.cn/_deng/ds/src_link/conversion/convert.h.html]
[dsa.cs.tsinghua.edu.cn/_deng/ds/src_link/conversion/main.cpp.html]
[dsa.cs.tsinghua.edu.cn/_deng/ds/src_link/conversion_recursive/convert.cpp.html]
[dsa.cs.tsinghua.edu.cn/_deng/ds/src_link/countones/countones.cpp.html]
[dsa.cs.tsinghua.edu.cn/_deng/ds/src_link/countones/countones_1.cpp.html]
[dsa.cs.tsinghua.edu.cn/_deng/ds/src_link/countones/countones_2.cpp.html]
[dsa.cs.tsinghua.edu.cn/_deng/ds/src_link/countones/main.cpp.html]
[dsa.cs.tsinghua.edu.cn/_deng/ds/src_link/cursor_list/cursor_list.h.html]
[dsa.cs.tsinghua.edu.cn/_deng/ds/src_link/cursor_list/cursor_list_implementation.h.html]
[dsa.cs.tsinghua.edu.cn/_deng/ds/src_link/cursor_list/test.cpp.html]
[dsa.cs.tsinghua.edu.cn/_deng/ds/src_link/daxue/main.cpp.html]
[dsa.cs.tsinghua.edu.cn/_deng/ds/src_link/dictionary/dictionary.h.html]
[dsa.cs.tsinghua.edu.cn/_deng/ds/src_link/entry/entry.h.html]
[dsa.cs.tsinghua.edu.cn/_deng/ds/src_link/factorial/fac.h.html]
[dsa.cs.tsinghua.edu.cn/_deng/ds/src_link/factorial/fac_iterative.cpp.html]
[dsa.cs.tsinghua.edu.cn/_deng/ds/src_link/factorial/fac_recursive.cpp.html]
[dsa.cs.tsinghua.edu.cn/_deng/ds/src_link/factorial/main.cpp.html]
[dsa.cs.tsinghua.edu.cn/_deng/ds/src_link/fibonacci/fib.h.html]
[dsa.cs.tsinghua.edu.cn/_deng/ds/src_link/fibonacci/fib0.cpp.html]
[dsa.cs.tsinghua.edu.cn/_deng/ds/src_link/fibonacci/fib1.cpp.html]
[dsa.cs.tsinghua.edu.cn/_deng/ds/src_link/fibonacci/fib2.cpp.html]
[dsa.cs.tsinghua.edu.cn/_deng/ds/src_link/fibonacci/main.cpp.html]
[dsa.cs.tsinghua.edu.cn/_deng/ds/src_link/gcd/gcd_chinese.cpp.html]
[dsa.cs.tsinghua.edu.cn/_deng/ds/src_link/gcd/gcd_euclidean.cpp.html]
[dsa.cs.tsinghua.edu.cn/_deng/ds/src_link/gcd/main.cpp.html]
[dsa.cs.tsinghua.edu.cn/_deng/ds/src_link/graph/graph.h.html]
[dsa.cs.tsinghua.edu.cn/_deng/ds/src_link/graph/graph_bcc.h.html]
[dsa.cs.tsinghua.edu.cn/_deng/ds/src_link/graph/graph_bfs.h.html]
[dsa.cs.tsinghua.edu.cn/_deng/ds/src_link/graph/graph_bfs_pu.h.html]
[dsa.cs.tsinghua.edu.cn/_deng/ds/src_link/graph/graph_dfs.h.html]
[dsa.cs.tsinghua.edu.cn/_deng/ds/src_link/graph/graph_dfs_pu.h.html]
[dsa.cs.tsinghua.edu.cn/_deng/ds/src_link/graph/graph_dijkstra.h.html]
[dsa.cs.tsinghua.edu.cn/_deng/ds/src_link/graph/graph_dijkstra_pu.h.html]
[dsa.cs.tsinghua.edu.cn/_deng/ds/src_link/graph/graph_implementation.h.html]
[dsa.cs.tsinghua.edu.cn/_deng/ds/src_link/graph/graph_pfs.h.html]
[dsa.cs.tsinghua.edu.cn/_deng/ds/src_link/graph/graph_prim.h.html]
[dsa.cs.tsinghua.edu.cn/_deng/ds/src_link/graph/graph_prim_pu.h.html]
[dsa.cs.tsinghua.edu.cn/_deng/ds/src_link/graph/graph_test.cpp.html]
[dsa.cs.tsinghua.edu.cn/_deng/ds/src_link/graph/graph_test.h.html]
[dsa.cs.tsinghua.edu.cn/_deng/ds/src_link/graph/graph_tsort.h.html]
[dsa.cs.tsinghua.edu.cn/_deng/ds/src_link/graphmatrix/graphmatrix.h.html]
[dsa.cs.tsinghua.edu.cn/_deng/ds/src_link/greatest_slice/gs_bf.cpp.html]
[dsa.cs.tsinghua.edu.cn/_deng/ds/src_link/greatest_slice/gs_dc.cpp.html]
[dsa.cs.tsinghua.edu.cn/_deng/ds/src_link/greatest_slice/gs_ic.cpp.html]
[dsa.cs.tsinghua.edu.cn/_deng/ds/src_link/greatest_slice/gs_ls.cpp.html]
[dsa.cs.tsinghua.edu.cn/_deng/ds/src_link/greatest_slice/test.cpp.html]
[dsa.cs.tsinghua.edu.cn/_deng/ds/src_link/hanoi/display.cpp.html]
[dsa.cs.tsinghua.edu.cn/_deng/ds/src_link/hanoi/hanoi.cpp.html]
[dsa.cs.tsinghua.edu.cn/_deng/ds/src_link/hanoi/hanoi.h.html]
[dsa.cs.tsinghua.edu.cn/_deng/ds/src_link/hanoi/main.cpp.html]
[dsa.cs.tsinghua.edu.cn/_deng/ds/src_link/hanoi/move_disk.cpp.html]
[dsa.cs.tsinghua.edu.cn/_deng/ds/src_link/hashtable/hashtable.h.html]
[dsa.cs.tsinghua.edu.cn/_deng/ds/src_link/hashtable/hashtable_constructor.h.html]
[dsa.cs.tsinghua.edu.cn/_deng/ds/src_link/hashtable/hashtable_destructor.h.html]
[dsa.cs.tsinghua.edu.cn/_deng/ds/src_link/hashtable/hashtable_get.h.html]
[dsa.cs.tsinghua.edu.cn/_deng/ds/src_link/hashtable/hashtable_hashcode.h.html]
[dsa.cs.tsinghua.edu.cn/_deng/ds/src_link/hashtable/hashtable_implementation.h.html]
[dsa.cs.tsinghua.edu.cn/_deng/ds/src_link/hashtable/hashtable_probe4free.h.html]
[dsa.cs.tsinghua.edu.cn/_deng/ds/src_link/hashtable/hashtable_probe4hit.h.html]
[dsa.cs.tsinghua.edu.cn/_deng/ds/src_link/hashtable/hashtable_put.h.html]
[dsa.cs.tsinghua.edu.cn/_deng/ds/src_link/hashtable/hashtable_rehash.h.html]
[dsa.cs.tsinghua.edu.cn/_deng/ds/src_link/hashtable/hashtable_remove.h.html]
[dsa.cs.tsinghua.edu.cn/_deng/ds/src_link/hashtable/hashtable_test.h.html]
[dsa.cs.tsinghua.edu.cn/_deng/ds/src_link/hashtable/main.cpp.html]
[dsa.cs.tsinghua.edu.cn/_deng/ds/src_link/huffman/huffchar.h.html]
[dsa.cs.tsinghua.edu.cn/_deng/ds/src_link/huffman/huffcode.h.html]
[dsa.cs.tsinghua.edu.cn/_deng/ds/src_link/huffman/huffman_decode.cpp.html]
[dsa.cs.tsinghua.edu.cn/_deng/ds/src_link/huffman/huffman_encode.cpp.html]
[dsa.cs.tsinghua.edu.cn/_deng/ds/src_link/huffman/huffman_forest_list.h.html]
[dsa.cs.tsinghua.edu.cn/_deng/ds/src_link/huffman/huffman_generatetable.cpp.html]
[dsa.cs.tsinghua.edu.cn/_deng/ds/src_link/huffman/huffman_generatetree.cpp.html]
[dsa.cs.tsinghua.edu.cn/_deng/ds/src_link/huffman/huffman_initforest.cpp.html]
[dsa.cs.tsinghua.edu.cn/_deng/ds/src_link/huffman/huffman_pq.h.html]
[dsa.cs.tsinghua.edu.cn/_deng/ds/src_link/huffman/huffman_pq_generatetree.cpp.html]
[dsa.cs.tsinghua.edu.cn/_deng/ds/src_link/huffman/huffman_pq_initforest.cpp.html]
[dsa.cs.tsinghua.edu.cn/_deng/ds/src_link/huffman/huffman_pq_test.cpp.html]
[dsa.cs.tsinghua.edu.cn/_deng/ds/src_link/huffman/huffman_pq_test.h.html]
[dsa.cs.tsinghua.edu.cn/_deng/ds/src_link/huffman/huffman_statistics.cpp.html]
[dsa.cs.tsinghua.edu.cn/_deng/ds/src_link/huffman/huffman_test.h.html]
[dsa.cs.tsinghua.edu.cn/_deng/ds/src_link/huffman/hufftable.h.html]
[dsa.cs.tsinghua.edu.cn/_deng/ds/src_link/huffman/hufftree.h.html]
[dsa.cs.tsinghua.edu.cn/_deng/ds/src_link/huffman_pq_complheap/huffman_forest_pq_complheap.h.html]
[dsa.cs.tsinghua.edu.cn/_deng/ds/src_link/huffman_pq_leftheap/huffman_forest_pq_leftheap.h.html]
[dsa.cs.tsinghua.edu.cn/_deng/ds/src_link/huffman_pq_list/huffman_forest_pq_list.h.html]
[dsa.cs.tsinghua.edu.cn/_deng/ds/src_link/laby/advance.h.html]
[dsa.cs.tsinghua.edu.cn/_deng/ds/src_link/laby/cell.h.html]
[dsa.cs.tsinghua.edu.cn/_deng/ds/src_link/laby/displaylaby.h.html]
[dsa.cs.tsinghua.edu.cn/_deng/ds/src_link/laby/laby.h.html]
[dsa.cs.tsinghua.edu.cn/_deng/ds/src_link/laby/main.cpp.html]
[dsa.cs.tsinghua.edu.cn/_deng/ds/src_link/laby/neighbor.h.html]
[dsa.cs.tsinghua.edu.cn/_deng/ds/src_link/laby/randlaby.h.html]
[dsa.cs.tsinghua.edu.cn/_deng/ds/src_link/laby/readlaby.h.html]
[dsa.cs.tsinghua.edu.cn/_deng/ds/src_link/list/list.h.html]
[dsa.cs.tsinghua.edu.cn/_deng/ds/src_link/list/listnode.h.html]
[dsa.cs.tsinghua.edu.cn/_deng/ds/src_link/list/listnode_implementation.h.html]
[dsa.cs.tsinghua.edu.cn/_deng/ds/src_link/list/listnode_insertaspred.h.html]
[dsa.cs.tsinghua.edu.cn/_deng/ds/src_link/list/listnode_insertassucc.h.html]
[dsa.cs.tsinghua.edu.cn/_deng/ds/src_link/list/list_bracket.h.html]
[dsa.cs.tsinghua.edu.cn/_deng/ds/src_link/list/list_clear.h.html]
[dsa.cs.tsinghua.edu.cn/_deng/ds/src_link/list/list_constructor_by_copying.h.html]
[dsa.cs.tsinghua.edu.cn/_deng/ds/src_link/list/list_copynodes.h.html]
[dsa.cs.tsinghua.edu.cn/_deng/ds/src_link/list/list_deduplicate.h.html]
[dsa.cs.tsinghua.edu.cn/_deng/ds/src_link/list/list_destructor.h.html]
[dsa.cs.tsinghua.edu.cn/_deng/ds/src_link/list/list_find.h.html]
[dsa.cs.tsinghua.edu.cn/_deng/ds/src_link/list/list_implementation.h.html]
[dsa.cs.tsinghua.edu.cn/_deng/ds/src_link/list/list_initialize.h.html]
[dsa.cs.tsinghua.edu.cn/_deng/ds/src_link/list/list_insert.h.html]
[dsa.cs.tsinghua.edu.cn/_deng/ds/src_link/list/list_insertionsort.h.html]
[dsa.cs.tsinghua.edu.cn/_deng/ds/src_link/list/list_merge.h.html]
[dsa.cs.tsinghua.edu.cn/_deng/ds/src_link/list/list_mergesort.h.html]
[dsa.cs.tsinghua.edu.cn/_deng/ds/src_link/list/list_remove.h.html]
[dsa.cs.tsinghua.edu.cn/_deng/ds/src_link/list/list_reverse1.h.html]
[dsa.cs.tsinghua.edu.cn/_deng/ds/src_link/list/list_reverse2.h.html]
[dsa.cs.tsinghua.edu.cn/_deng/ds/src_link/list/list_reverse3.h.html]
[dsa.cs.tsinghua.edu.cn/_deng/ds/src_link/list/list_search.h.html]
[dsa.cs.tsinghua.edu.cn/_deng/ds/src_link/list/list_selectionsort.h.html]
[dsa.cs.tsinghua.edu.cn/_deng/ds/src_link/list/list_selectmax.h.html]
[dsa.cs.tsinghua.edu.cn/_deng/ds/src_link/list/list_sort.h.html]
[dsa.cs.tsinghua.edu.cn/_deng/ds/src_link/list/list_test.h.html]
[dsa.cs.tsinghua.edu.cn/_deng/ds/src_link/list/list_traverse.h.html]
[dsa.cs.tsinghua.edu.cn/_deng/ds/src_link/list/list_uniquify.h.html]
[dsa.cs.tsinghua.edu.cn/_deng/ds/src_link/list/main.cpp.html]
[dsa.cs.tsinghua.edu.cn/_deng/ds/src_link/majority/main.cpp.html]
[dsa.cs.tsinghua.edu.cn/_deng/ds/src_link/majority/majority.h.html]
[dsa.cs.tsinghua.edu.cn/_deng/ds/src_link/majority/majoritycandidate.h.html]
[dsa.cs.tsinghua.edu.cn/_deng/ds/src_link/majority/majoritycheck.h.html]
[dsa.cs.tsinghua.edu.cn/_deng/ds/src_link/max/max0.cpp.html]
[dsa.cs.tsinghua.edu.cn/_deng/ds/src_link/max/max1.cpp.html]
[dsa.cs.tsinghua.edu.cn/_deng/ds/src_link/max/max2.cpp.html]
[dsa.cs.tsinghua.edu.cn/_deng/ds/src_link/maxrect/mr_bf.cpp.html]
[dsa.cs.tsinghua.edu.cn/_deng/ds/src_link/maxrect/mr_stack.cpp.html]
[dsa.cs.tsinghua.edu.cn/_deng/ds/src_link/maxrect/mr_stacks.cpp.html]
[dsa.cs.tsinghua.edu.cn/_deng/ds/src_link/maxrect/test.cpp.html]
[dsa.cs.tsinghua.edu.cn/_deng/ds/src_link/median1/main.cpp.html]
[dsa.cs.tsinghua.edu.cn/_deng/ds/src_link/median1/median.h.html]
[dsa.cs.tsinghua.edu.cn/_deng/ds/src_link/median1/trivialmedian.h.html]
[dsa.cs.tsinghua.edu.cn/_deng/ds/src_link/median2/main.cpp.html]
[dsa.cs.tsinghua.edu.cn/_deng/ds/src_link/median2/median.h.html]
[dsa.cs.tsinghua.edu.cn/_deng/ds/src_link/nest_recursive/display.cpp.html]
[dsa.cs.tsinghua.edu.cn/_deng/ds/src_link/nest_recursive/nest.cpp.html]
[dsa.cs.tsinghua.edu.cn/_deng/ds/src_link/nest_stack/main.cpp.html]
[dsa.cs.tsinghua.edu.cn/_deng/ds/src_link/nest_stack/nest.cpp.html]
[dsa.cs.tsinghua.edu.cn/_deng/ds/src_link/nest_stack/nest.h.html]
[dsa.cs.tsinghua.edu.cn/_deng/ds/src_link/power/main.cpp.html]
[dsa.cs.tsinghua.edu.cn/_deng/ds/src_link/power/power0.cpp.html]
[dsa.cs.tsinghua.edu.cn/_deng/ds/src_link/power/power1.cpp.html]
[dsa.cs.tsinghua.edu.cn/_deng/ds/src_link/power/power2-0-i.cpp.html]
[dsa.cs.tsinghua.edu.cn/_deng/ds/src_link/power/power2-0-r.cpp.html]
[dsa.cs.tsinghua.edu.cn/_deng/ds/src_link/power/power2-1-i.cpp.html]
[dsa.cs.tsinghua.edu.cn/_deng/ds/src_link/power/power2-1-r.cpp.html]
[dsa.cs.tsinghua.edu.cn/_deng/ds/src_link/pq/pq.h.html]
[dsa.cs.tsinghua.edu.cn/_deng/ds/src_link/pq/pq_test.cpp.html]
[dsa.cs.tsinghua.edu.cn/_deng/ds/src_link/pq/pq_test.h.html]
[dsa.cs.tsinghua.edu.cn/_deng/ds/src_link/pq_complheap/pq_complheap.h.html]
[dsa.cs.tsinghua.edu.cn/_deng/ds/src_link/pq_complheap/pq_complheap_delmax.h.html]
[dsa.cs.tsinghua.edu.cn/_deng/ds/src_link/pq_complheap/pq_complheap_getmax.h.html]
[dsa.cs.tsinghua.edu.cn/_deng/ds/src_link/pq_complheap/pq_complheap_heapify.h.html]
[dsa.cs.tsinghua.edu.cn/_deng/ds/src_link/pq_complheap/pq_complheap_implementation.h.html]
[dsa.cs.tsinghua.edu.cn/_deng/ds/src_link/pq_complheap/pq_complheap_insert.h.html]
[dsa.cs.tsinghua.edu.cn/_deng/ds/src_link/pq_complheap/pq_complheap_macro.h.html]
[dsa.cs.tsinghua.edu.cn/_deng/ds/src_link/pq_complheap/pq_complheap_percolatedown.h.html]
[dsa.cs.tsinghua.edu.cn/_deng/ds/src_link/pq_complheap/pq_complheap_percolateup.h.html]
[dsa.cs.tsinghua.edu.cn/_deng/ds/src_link/pq_leftheap/pq_leftheap.h.html]
[dsa.cs.tsinghua.edu.cn/_deng/ds/src_link/pq_leftheap/pq_leftheap_delmax.h.html]
[dsa.cs.tsinghua.edu.cn/_deng/ds/src_link/pq_leftheap/pq_leftheap_getmax.h.html]
[dsa.cs.tsinghua.edu.cn/_deng/ds/src_link/pq_leftheap/pq_leftheap_implementation.h.html]
[dsa.cs.tsinghua.edu.cn/_deng/ds/src_link/pq_leftheap/pq_leftheap_insert.h.html]
[dsa.cs.tsinghua.edu.cn/_deng/ds/src_link/pq_leftheap/pq_leftheap_merge.h.html]
[dsa.cs.tsinghua.edu.cn/_deng/ds/src_link/pq_list/pq_list.h.html]
[dsa.cs.tsinghua.edu.cn/_deng/ds/src_link/prefix_free_codes/pfc.h.html]
[dsa.cs.tsinghua.edu.cn/_deng/ds/src_link/prefix_free_codes/pfc_decode.cpp.html]
[dsa.cs.tsinghua.edu.cn/_deng/ds/src_link/prefix_free_codes/pfc_encode.cpp.html]
[dsa.cs.tsinghua.edu.cn/_deng/ds/src_link/prefix_free_codes/pfc_generatetable.cpp.html]
[dsa.cs.tsinghua.edu.cn/_deng/ds/src_link/prefix_free_codes/pfc_generatetree.cpp.html]
[dsa.cs.tsinghua.edu.cn/_deng/ds/src_link/prefix_free_codes/pfc_initforest.cpp.html]
[dsa.cs.tsinghua.edu.cn/_deng/ds/src_link/prefix_free_codes/pfc_test.cpp.html]
[dsa.cs.tsinghua.edu.cn/_deng/ds/src_link/prefix_free_codes/pfc_test.h.html]
[dsa.cs.tsinghua.edu.cn/_deng/ds/src_link/prime/eratosthenes.cpp.html]
[dsa.cs.tsinghua.edu.cn/_deng/ds/src_link/prime/eratosthenes.h.html]
[dsa.cs.tsinghua.edu.cn/_deng/ds/src_link/prime/main.cpp.html]
[dsa.cs.tsinghua.edu.cn/_deng/ds/src_link/prime/primenlt.cpp.html]
[dsa.cs.tsinghua.edu.cn/_deng/ds/src_link/prime/primenlt.h.html]
[dsa.cs.tsinghua.edu.cn/_deng/ds/src_link/queen_brute_force_1/5queens.cpp.html]
[dsa.cs.tsinghua.edu.cn/_deng/ds/src_link/queen_brute_force_1/collision.cpp.html]
[dsa.cs.tsinghua.edu.cn/_deng/ds/src_link/queen_brute_force_1/displaysolution.cpp.html]
[dsa.cs.tsinghua.edu.cn/_deng/ds/src_link/queen_brute_force_1/main.cpp.html]
[dsa.cs.tsinghua.edu.cn/_deng/ds/src_link/queen_brute_force_1/queen.h.html]
[dsa.cs.tsinghua.edu.cn/_deng/ds/src_link/queen_brute_force_2/2queens.cpp.html]
[dsa.cs.tsinghua.edu.cn/_deng/ds/src_link/queen_brute_force_2/3queens.cpp.html]
[dsa.cs.tsinghua.edu.cn/_deng/ds/src_link/queen_brute_force_2/4queens.cpp.html]
[dsa.cs.tsinghua.edu.cn/_deng/ds/src_link/queen_brute_force_2/5queens.cpp.html]
[dsa.cs.tsinghua.edu.cn/_deng/ds/src_link/queen_brute_force_2/main.cpp.html]
[dsa.cs.tsinghua.edu.cn/_deng/ds/src_link/queen_recursive/main.cpp.html]
[dsa.cs.tsinghua.edu.cn/_deng/ds/src_link/queen_recursive/placequeens.cpp.html]
[dsa.cs.tsinghua.edu.cn/_deng/ds/src_link/queen_stack/displayprogress.cpp.html]
[dsa.cs.tsinghua.edu.cn/_deng/ds/src_link/queen_stack/main.cpp.html]
[dsa.cs.tsinghua.edu.cn/_deng/ds/src_link/queen_stack/placequeens.cpp.html]
[dsa.cs.tsinghua.edu.cn/_deng/ds/src_link/queen_stack/queen.h.html]
[dsa.cs.tsinghua.edu.cn/_deng/ds/src_link/queen_stack/queen_stack.h.html]
[dsa.cs.tsinghua.edu.cn/_deng/ds/src_link/queue/main.cpp.html]
[dsa.cs.tsinghua.edu.cn/_deng/ds/src_link/queue/queue.h.html]
[dsa.cs.tsinghua.edu.cn/_deng/ds/src_link/queue/queue_implementation.h.html]
[dsa.cs.tsinghua.edu.cn/_deng/ds/src_link/queue/queue_test.h.html]
[dsa.cs.tsinghua.edu.cn/_deng/ds/src_link/random/randomsortedvector.cpp.html]
[dsa.cs.tsinghua.edu.cn/_deng/ds/src_link/random/randomsortedvector.h.html]
[dsa.cs.tsinghua.edu.cn/_deng/ds/src_link/random/shuffle.cpp.html]
[dsa.cs.tsinghua.edu.cn/_deng/ds/src_link/random/shuffle.h.html]
[dsa.cs.tsinghua.edu.cn/_deng/ds/src_link/redblack/main.cpp.html]
[dsa.cs.tsinghua.edu.cn/_deng/ds/src_link/redblack/redblack.h.html]
[dsa.cs.tsinghua.edu.cn/_deng/ds/src_link/redblack/redblack_implementation.h.html]
[dsa.cs.tsinghua.edu.cn/_deng/ds/src_link/redblack/redblack_insert.h.html]
[dsa.cs.tsinghua.edu.cn/_deng/ds/src_link/redblack/redblack_remove.h.html]
[dsa.cs.tsinghua.edu.cn/_deng/ds/src_link/redblack/redblack_solvedoubleblack.h.html]
[dsa.cs.tsinghua.edu.cn/_deng/ds/src_link/redblack/redblack_solvedoublered.h.html]
[dsa.cs.tsinghua.edu.cn/_deng/ds/src_link/redblack/redblack_test.h.html]
[dsa.cs.tsinghua.edu.cn/_deng/ds/src_link/redblack/redblack_updateheight.h.html]
[dsa.cs.tsinghua.edu.cn/_deng/ds/src_link/reverse/reverse-iterative-0.cpp.html]
[dsa.cs.tsinghua.edu.cn/_deng/ds/src_link/reverse/reverse-iterative-1.cpp.html]
[dsa.cs.tsinghua.edu.cn/_deng/ds/src_link/reverse/reverse-recursive.cpp.html]
[dsa.cs.tsinghua.edu.cn/_deng/ds/src_link/reverse/reverse.cpp.html]
[dsa.cs.tsinghua.edu.cn/_deng/ds/src_link/reverse/reverse.h.html]
[dsa.cs.tsinghua.edu.cn/_deng/ds/src_link/rpn/append2rpn.cpp.html]
[dsa.cs.tsinghua.edu.cn/_deng/ds/src_link/rpn/calculation.cpp.html]
[dsa.cs.tsinghua.edu.cn/_deng/ds/src_link/rpn/displayprogress.cpp.html]
[dsa.cs.tsinghua.edu.cn/_deng/ds/src_link/rpn/main.cpp.html]
[dsa.cs.tsinghua.edu.cn/_deng/ds/src_link/rpn/priority.cpp.html]
[dsa.cs.tsinghua.edu.cn/_deng/ds/src_link/rpn/priority.h.html]
[dsa.cs.tsinghua.edu.cn/_deng/ds/src_link/rpn/readnumber.cpp.html]
[dsa.cs.tsinghua.edu.cn/_deng/ds/src_link/rpn/rpn.cpp.html]
[dsa.cs.tsinghua.edu.cn/_deng/ds/src_link/rpn/rpn.h.html]
[dsa.cs.tsinghua.edu.cn/_deng/ds/src_link/selection/main.cpp.html]
[dsa.cs.tsinghua.edu.cn/_deng/ds/src_link/selection/quickselect.h.html]
[dsa.cs.tsinghua.edu.cn/_deng/ds/src_link/shiftk/main.cpp.html]
[dsa.cs.tsinghua.edu.cn/_deng/ds/src_link/shiftk/shift.cpp.html]
[dsa.cs.tsinghua.edu.cn/_deng/ds/src_link/shiftk/shift0.cpp.html]
[dsa.cs.tsinghua.edu.cn/_deng/ds/src_link/shiftk/shift1.cpp.html]
[dsa.cs.tsinghua.edu.cn/_deng/ds/src_link/shiftk/shift2.cpp.html]
[dsa.cs.tsinghua.edu.cn/_deng/ds/src_link/simu/bestwindow.cpp.html]
[dsa.cs.tsinghua.edu.cn/_deng/ds/src_link/simu/customer.h.html]
[dsa.cs.tsinghua.edu.cn/_deng/ds/src_link/simu/displayprogress.cpp.html]
[dsa.cs.tsinghua.edu.cn/_deng/ds/src_link/simu/main.cpp.html]
[dsa.cs.tsinghua.edu.cn/_deng/ds/src_link/simu/simu.cpp.html]
[dsa.cs.tsinghua.edu.cn/_deng/ds/src_link/simu/simu.h.html]
[dsa.cs.tsinghua.edu.cn/_deng/ds/src_link/skiplist/main.cpp.html]
[dsa.cs.tsinghua.edu.cn/_deng/ds/src_link/skiplist/quadlist.h.html]
[dsa.cs.tsinghua.edu.cn/_deng/ds/src_link/skiplist/quadlistnode.h.html]
[dsa.cs.tsinghua.edu.cn/_deng/ds/src_link/skiplist/quadlistnode_implementation.h.html]
[dsa.cs.tsinghua.edu.cn/_deng/ds/src_link/skiplist/quadlistnode_insert.h.html]
[dsa.cs.tsinghua.edu.cn/_deng/ds/src_link/skiplist/quadlist_implementation.h.html]
[dsa.cs.tsinghua.edu.cn/_deng/ds/src_link/skiplist/quadlist_initialize.h.html]
[dsa.cs.tsinghua.edu.cn/_deng/ds/src_link/skiplist/quadlist_insert.h.html]
[dsa.cs.tsinghua.edu.cn/_deng/ds/src_link/skiplist/quadlist_remove.h.html]
[dsa.cs.tsinghua.edu.cn/_deng/ds/src_link/skiplist/quadlist_traverse.h.html]
[dsa.cs.tsinghua.edu.cn/_deng/ds/src_link/skiplist/skiplist.h.html]
[dsa.cs.tsinghua.edu.cn/_deng/ds/src_link/skiplist/skiplist_get.h.html]
[dsa.cs.tsinghua.edu.cn/_deng/ds/src_link/skiplist/skiplist_implementation.h.html]
[dsa.cs.tsinghua.edu.cn/_deng/ds/src_link/skiplist/skiplist_put.h.html]
[dsa.cs.tsinghua.edu.cn/_deng/ds/src_link/skiplist/skiplist_remove.h.html]
[dsa.cs.tsinghua.edu.cn/_deng/ds/src_link/skiplist/skiplist_skipsearch.h.html]
[dsa.cs.tsinghua.edu.cn/_deng/ds/src_link/skiplist/skiplist_test.h.html]
[dsa.cs.tsinghua.edu.cn/_deng/ds/src_link/splay/main.cpp.html]
[dsa.cs.tsinghua.edu.cn/_deng/ds/src_link/splay/splay.h.html]
[dsa.cs.tsinghua.edu.cn/_deng/ds/src_link/splay/splay_implementation.h.html]
[dsa.cs.tsinghua.edu.cn/_deng/ds/src_link/splay/splay_insert.h.html]
[dsa.cs.tsinghua.edu.cn/_deng/ds/src_link/splay/splay_remove.h.html]
[dsa.cs.tsinghua.edu.cn/_deng/ds/src_link/splay/splay_search.h.html]
[dsa.cs.tsinghua.edu.cn/_deng/ds/src_link/splay/splay_splay.h.html]
[dsa.cs.tsinghua.edu.cn/_deng/ds/src_link/splay/splay_test.h.html]
[dsa.cs.tsinghua.edu.cn/_deng/ds/src_link/stack/main.cpp.html]
[dsa.cs.tsinghua.edu.cn/_deng/ds/src_link/stack/stack.h.html]
[dsa.cs.tsinghua.edu.cn/_deng/ds/src_link/stack/stack_test.h.html]
[dsa.cs.tsinghua.edu.cn/_deng/ds/src_link/stack_list/stack_list.h.html]
[dsa.cs.tsinghua.edu.cn/_deng/ds/src_link/stack_vector/stack_vector.h.html]
[dsa.cs.tsinghua.edu.cn/_deng/ds/src_link/string_pm/string_pm_test.cpp.html]
[dsa.cs.tsinghua.edu.cn/_deng/ds/src_link/string_pm/string_pm_test.h.html]
[dsa.cs.tsinghua.edu.cn/_deng/ds/src_link/string_pm_bf1/pm_brute1.cpp.html]
[dsa.cs.tsinghua.edu.cn/_deng/ds/src_link/string_pm_bf2/pm_brute2.cpp.html]
[dsa.cs.tsinghua.edu.cn/_deng/ds/src_link/string_pm_bm_bc/pm_bm.h.html]
[dsa.cs.tsinghua.edu.cn/_deng/ds/src_link/string_pm_bm_bc/pm_bm_bc.cpp.html]
[dsa.cs.tsinghua.edu.cn/_deng/ds/src_link/string_pm_bm_bc/pm_bm_buildbc.cpp.html]
[dsa.cs.tsinghua.edu.cn/_deng/ds/src_link/string_pm_bm_bc+gs/pm_bm_bc+gs.cpp.html]
[dsa.cs.tsinghua.edu.cn/_deng/ds/src_link/string_pm_bm_bc+gs/pm_bm_buildgs.cpp.html]
[dsa.cs.tsinghua.edu.cn/_deng/ds/src_link/string_pm_kmp/pm_kmp.cpp.html]
[dsa.cs.tsinghua.edu.cn/_deng/ds/src_link/string_pm_kmp/pm_kmp_next.cpp.html]
[dsa.cs.tsinghua.edu.cn/_deng/ds/src_link/string_pm_kmp_improved/pm_kmp_next_improved.cpp.html]
[dsa.cs.tsinghua.edu.cn/_deng/ds/src_link/string_pm_kr/pm_kr.cpp.html]
[dsa.cs.tsinghua.edu.cn/_deng/ds/src_link/string_pm_kr/pm_kr.h.html]
[dsa.cs.tsinghua.edu.cn/_deng/ds/src_link/string_pm_kr/pm_kr_check1by1.cpp.html]
[dsa.cs.tsinghua.edu.cn/_deng/ds/src_link/string_pm_kr/pm_kr_preparedm.cpp.html]
[dsa.cs.tsinghua.edu.cn/_deng/ds/src_link/string_pm_kr/pm_kr_updatehash.cpp.html]
[dsa.cs.tsinghua.edu.cn/_deng/ds/src_link/sum/main.cpp.html]
[dsa.cs.tsinghua.edu.cn/_deng/ds/src_link/sum/sum.h.html]
[dsa.cs.tsinghua.edu.cn/_deng/ds/src_link/sum/sum0.cpp.html]
[dsa.cs.tsinghua.edu.cn/_deng/ds/src_link/sum/sum1.cpp.html]
[dsa.cs.tsinghua.edu.cn/_deng/ds/src_link/sum/sum2.cpp.html]
[dsa.cs.tsinghua.edu.cn/_deng/ds/src_link/uniprint/print.h.html]
[dsa.cs.tsinghua.edu.cn/_deng/ds/src_link/uniprint/print_basic.cpp.html]
[dsa.cs.tsinghua.edu.cn/_deng/ds/src_link/uniprint/print_binnode.h.html]
[dsa.cs.tsinghua.edu.cn/_deng/ds/src_link/uniprint/print_bintree.h.html]
[dsa.cs.tsinghua.edu.cn/_deng/ds/src_link/uniprint/print_btree.h.html]
[dsa.cs.tsinghua.edu.cn/_deng/ds/src_link/uniprint/print_entry.h.html]
[dsa.cs.tsinghua.edu.cn/_deng/ds/src_link/uniprint/print_graphmatrix.h.html]
[dsa.cs.tsinghua.edu.cn/_deng/ds/src_link/uniprint/print_hashtable.h.html]
[dsa.cs.tsinghua.edu.cn/_deng/ds/src_link/uniprint/print_huffchar.cpp.html]
[dsa.cs.tsinghua.edu.cn/_deng/ds/src_link/uniprint/print_implementation.h.html]
[dsa.cs.tsinghua.edu.cn/_deng/ds/src_link/uniprint/print_int_array.cpp.html]
[dsa.cs.tsinghua.edu.cn/_deng/ds/src_link/uniprint/print_int_array.h.html]
[dsa.cs.tsinghua.edu.cn/_deng/ds/src_link/uniprint/print_pq_complheap.h.html]
[dsa.cs.tsinghua.edu.cn/_deng/ds/src_link/uniprint/print_pq_leftheap.h.html]
[dsa.cs.tsinghua.edu.cn/_deng/ds/src_link/uniprint/print_pq_list.h.html]
[dsa.cs.tsinghua.edu.cn/_deng/ds/src_link/uniprint/print_quadlist.h.html]
[dsa.cs.tsinghua.edu.cn/_deng/ds/src_link/uniprint/print_skiplist.h.html]
[dsa.cs.tsinghua.edu.cn/_deng/ds/src_link/uniprint/print_traversable.h.html]
[dsa.cs.tsinghua.edu.cn/_deng/ds/src_link/vector/main.cpp.html]
[dsa.cs.tsinghua.edu.cn/_deng/ds/src_link/vector/permute.h.html]
[dsa.cs.tsinghua.edu.cn/_deng/ds/src_link/vector/vector.h.html]
[dsa.cs.tsinghua.edu.cn/_deng/ds/src_link/vector/vector_assignment.h.html]
[dsa.cs.tsinghua.edu.cn/_deng/ds/src_link/vector/vector_bracket.h.html]
[dsa.cs.tsinghua.edu.cn/_deng/ds/src_link/vector/vector_bubblesort_a.h.html]
[dsa.cs.tsinghua.edu.cn/_deng/ds/src_link/vector/vector_bubblesort_b.h.html]
[dsa.cs.tsinghua.edu.cn/_deng/ds/src_link/vector/vector_bubblesort_c.h.html]
[dsa.cs.tsinghua.edu.cn/_deng/ds/src_link/vector/vector_constructor_by_copying.h.html]
[dsa.cs.tsinghua.edu.cn/_deng/ds/src_link/vector/vector_deduplicate.h.html]
[dsa.cs.tsinghua.edu.cn/_deng/ds/src_link/vector/vector_deduplicate_1.h.html]
[dsa.cs.tsinghua.edu.cn/_deng/ds/src_link/vector/vector_deduplicate_wrong_1.h.html]
[dsa.cs.tsinghua.edu.cn/_deng/ds/src_link/vector/vector_expand.h.html]
[dsa.cs.tsinghua.edu.cn/_deng/ds/src_link/vector/vector_find.h.html]
[dsa.cs.tsinghua.edu.cn/_deng/ds/src_link/vector/vector_heapsort.h.html]
[dsa.cs.tsinghua.edu.cn/_deng/ds/src_link/vector/vector_implementation.h.html]
[dsa.cs.tsinghua.edu.cn/_deng/ds/src_link/vector/vector_insert.h.html]
[dsa.cs.tsinghua.edu.cn/_deng/ds/src_link/vector/vector_merge.h.html]
[dsa.cs.tsinghua.edu.cn/_deng/ds/src_link/vector/vector_mergesort.h.html]
[dsa.cs.tsinghua.edu.cn/_deng/ds/src_link/vector/vector_partition_a.h.html]
[dsa.cs.tsinghua.edu.cn/_deng/ds/src_link/vector/vector_partition_a1.h.html]
[dsa.cs.tsinghua.edu.cn/_deng/ds/src_link/vector/vector_partition_b.h.html]
[dsa.cs.tsinghua.edu.cn/_deng/ds/src_link/vector/vector_partition_b1.h.html]
[dsa.cs.tsinghua.edu.cn/_deng/ds/src_link/vector/vector_partition_c.h.html]
[dsa.cs.tsinghua.edu.cn/_deng/ds/src_link/vector/vector_quicksort.h.html]
[dsa.cs.tsinghua.edu.cn/_deng/ds/src_link/vector/vector_remove.h.html]
[dsa.cs.tsinghua.edu.cn/_deng/ds/src_link/vector/vector_removeinterval.h.html]
[dsa.cs.tsinghua.edu.cn/_deng/ds/src_link/vector/vector_search.h.html]
[dsa.cs.tsinghua.edu.cn/_deng/ds/src_link/vector/vector_search_binary_a.h.html]
[dsa.cs.tsinghua.edu.cn/_deng/ds/src_link/vector/vector_search_binary_b.h.html]
[dsa.cs.tsinghua.edu.cn/_deng/ds/src_link/vector/vector_search_binary_c.h.html]
[dsa.cs.tsinghua.edu.cn/_deng/ds/src_link/vector/vector_search_fibonaccian_a.h.html]
[dsa.cs.tsinghua.edu.cn/_deng/ds/src_link/vector/vector_search_fibonaccian_b.h.html]
[dsa.cs.tsinghua.edu.cn/_deng/ds/src_link/vector/vector_selectionsort.h.html]
[dsa.cs.tsinghua.edu.cn/_deng/ds/src_link/vector/vector_shellsort.h.html]
[dsa.cs.tsinghua.edu.cn/_deng/ds/src_link/vector/vector_shrink.h.html]
[dsa.cs.tsinghua.edu.cn/_deng/ds/src_link/vector/vector_sort.h.html]
[dsa.cs.tsinghua.edu.cn/_deng/ds/src_link/vector/vector_test.h.html]
[dsa.cs.tsinghua.edu.cn/_deng/ds/src_link/vector/vector_traverse.h.html]
[dsa.cs.tsinghua.edu.cn/_deng/ds/src_link/vector/vector_uniquify.h.html]
[dsa.cs.tsinghua.edu.cn/_deng/ds/src_link/vector/vector_uniquify_slow.h.html]
[dsa.cs.tsinghua.edu.cn/_deng/ds/src_link/vector/vector_unsort.h.html]
[dsa.cs.tsinghua.edu.cn/_deng/ds/src_link/_java/hash.java.html]
[dsa.cs.tsinghua.edu.cn/_deng/ds/src_link/_java/testlist.java.html]
[dsa.cs.tsinghua.edu.cn/_deng/ds/src_link/_java/testsequence.cmd.html]
[dsa.cs.tsinghua.edu.cn/_deng/ds/src_link/_java/testtreemap.java.html]
[dsa.cs.tsinghua.edu.cn/_deng/ds/src_link/_java/testvector.java.html]
[dsa.cs.tsinghua.edu.cn/_deng/ds/src_link/_pl/hash.pl.html]
[dsa.cs.tsinghua.edu.cn/_deng/ds/src_link/_ps/2009.ps.html]
[dsa.cs.tsinghua.edu.cn/_deng/ds/src_link/_ps/2010.ps.html]
[dsa.cs.tsinghua.edu.cn/_deng/ds/src_link/_ps/2011.ps.html]
[dsa.cs.tsinghua.edu.cn/_deng/ds/src_link/_ps/smile.ps.html]
[dsa.cs.tsinghua.edu.cn/_deng/ds/src_link/_py/hash.py.html]
[dsa.cs.tsinghua.edu.cn/_deng/ds/src_link/_py/list.py.html]
[dsa.cs.tsinghua.edu.cn/_deng/ds/src_link/_py/reverse.py.html]
[dsa.cs.tsinghua.edu.cn/_deng/ds/src_link/_py/unionfind_quickfind.py.html]
[dsa.cs.tsinghua.edu.cn/_deng/ds/src_link/_py/unionfind_test.py.html]
[dsa.cs.tsinghua.edu.cn/_deng/ds/src_link/_rb/hash.rb.html]
[dsa.cs.tsinghua.edu.cn/_deng/ds/src_link/_share/checkorder_elem.h.html]
[dsa.cs.tsinghua.edu.cn/_deng/ds/src_link/_share/checkorder_list.h.html]
[dsa.cs.tsinghua.edu.cn/_deng/ds/src_link/_share/checkorder_vector.h.html]
[dsa.cs.tsinghua.edu.cn/_deng/ds/src_link/_share/comparator.h.html]
[dsa.cs.tsinghua.edu.cn/_deng/ds/src_link/_share/crc_elem.h.html]
[dsa.cs.tsinghua.edu.cn/_deng/ds/src_link/_share/crc_list.h.html]
[dsa.cs.tsinghua.edu.cn/_deng/ds/src_link/_share/crc_vector.h.html]
[dsa.cs.tsinghua.edu.cn/_deng/ds/src_link/_share/decrease_elem.h.html]
[dsa.cs.tsinghua.edu.cn/_deng/ds/src_link/_share/decrease_list.h.html]
[dsa.cs.tsinghua.edu.cn/_deng/ds/src_link/_share/decrease_vector.h.html]
[dsa.cs.tsinghua.edu.cn/_deng/ds/src_link/_share/double_elem.h.html]
[dsa.cs.tsinghua.edu.cn/_deng/ds/src_link/_share/double_vector.h.html]
[dsa.cs.tsinghua.edu.cn/_deng/ds/src_link/_share/hailstone_elem.h.html]
[dsa.cs.tsinghua.edu.cn/_deng/ds/src_link/_share/half_elem.h.html]
[dsa.cs.tsinghua.edu.cn/_deng/ds/src_link/_share/half_list.h.html]
[dsa.cs.tsinghua.edu.cn/_deng/ds/src_link/_share/increase_elem.h.html]
[dsa.cs.tsinghua.edu.cn/_deng/ds/src_link/_share/increase_list.h.html]
[dsa.cs.tsinghua.edu.cn/_deng/ds/src_link/_share/increase_vector.h.html]
[dsa.cs.tsinghua.edu.cn/_deng/ds/src_link/_share/rand.h.html]
[dsa.cs.tsinghua.edu.cn/_deng/ds/src_link/_share/release.h.html]
[dsa.cs.tsinghua.edu.cn/_deng/ds/src_link/_share/util.h.html]
[dsa.cs.tsinghua.edu.cn/_deng/ds/src_link/_java/dsa/avltree.java.html]
[dsa.cs.tsinghua.edu.cn/_deng/ds/src_link/_java/dsa/bestfs.java.html]
[dsa.cs.tsinghua.edu.cn/_deng/ds/src_link/_java/dsa/bestfsdijkstra.java.html]
[dsa.cs.tsinghua.edu.cn/_deng/ds/src_link/_java/dsa/bestfsprim.java.html]
[dsa.cs.tsinghua.edu.cn/_deng/ds/src_link/_java/dsa/bfs.java.html]
[dsa.cs.tsinghua.edu.cn/_deng/ds/src_link/_java/dsa/bfsdistance.java.html]
[dsa.cs.tsinghua.edu.cn/_deng/ds/src_link/_java/dsa/bintree.java.html]
[dsa.cs.tsinghua.edu.cn/_deng/ds/src_link/_java/dsa/bintreenode.java.html]
[dsa.cs.tsinghua.edu.cn/_deng/ds/src_link/_java/dsa/bintreeposition.java.html]
[dsa.cs.tsinghua.edu.cn/_deng/ds/src_link/_java/dsa/bintree_linkedlist.java.html]
[dsa.cs.tsinghua.edu.cn/_deng/ds/src_link/_java/dsa/bstree.java.html]
[dsa.cs.tsinghua.edu.cn/_deng/ds/src_link/_java/dsa/bstreenode.java.html]
[dsa.cs.tsinghua.edu.cn/_deng/ds/src_link/_java/dsa/comparator.java.html]
[dsa.cs.tsinghua.edu.cn/_deng/ds/src_link/_java/dsa/comparatordefault.java.html]
[dsa.cs.tsinghua.edu.cn/_deng/ds/src_link/_java/dsa/comparatorlexicographic.java.html]
[dsa.cs.tsinghua.edu.cn/_deng/ds/src_link/_java/dsa/complbintree.java.html]
[dsa.cs.tsinghua.edu.cn/_deng/ds/src_link/_java/dsa/complbintreenode_rank.java.html]
[dsa.cs.tsinghua.edu.cn/_deng/ds/src_link/_java/dsa/complbintree_vector.java.html]
[dsa.cs.tsinghua.edu.cn/_deng/ds/src_link/_java/dsa/deque.java.html]
[dsa.cs.tsinghua.edu.cn/_deng/ds/src_link/_java/dsa/deque_dlnode.java.html]
[dsa.cs.tsinghua.edu.cn/_deng/ds/src_link/_java/dsa/dfs.java.html]
[dsa.cs.tsinghua.edu.cn/_deng/ds/src_link/_java/dsa/dfsreachablecomponent.java.html]
[dsa.cs.tsinghua.edu.cn/_deng/ds/src_link/_java/dsa/dictionary.java.html]
[dsa.cs.tsinghua.edu.cn/_deng/ds/src_link/_java/dsa/dictionary_dlnode.java.html]
[dsa.cs.tsinghua.edu.cn/_deng/ds/src_link/_java/dsa/dictionary_hashtable.java.html]
[dsa.cs.tsinghua.edu.cn/_deng/ds/src_link/_java/dsa/dlnode.java.html]
[dsa.cs.tsinghua.edu.cn/_deng/ds/src_link/_java/dsa/edge.java.html]
[dsa.cs.tsinghua.edu.cn/_deng/ds/src_link/_java/dsa/edge_list.java.html]
[dsa.cs.tsinghua.edu.cn/_deng/ds/src_link/_java/dsa/entry.java.html]
[dsa.cs.tsinghua.edu.cn/_deng/ds/src_link/_java/dsa/entrydefault.java.html]
[dsa.cs.tsinghua.edu.cn/_deng/ds/src_link/_java/dsa/equalitytester.java.html]
[dsa.cs.tsinghua.edu.cn/_deng/ds/src_link/_java/dsa/equalitytesterdefault.java.html]
[dsa.cs.tsinghua.edu.cn/_deng/ds/src_link/_java/dsa/exceptionboundaryviolation.java.html]
[dsa.cs.tsinghua.edu.cn/_deng/ds/src_link/_java/dsa/exceptionkeyinvalid.java.html]
[dsa.cs.tsinghua.edu.cn/_deng/ds/src_link/_java/dsa/exceptionlistempty.java.html]
[dsa.cs.tsinghua.edu.cn/_deng/ds/src_link/_java/dsa/exceptionnosuchelement.java.html]
[dsa.cs.tsinghua.edu.cn/_deng/ds/src_link/_java/dsa/exceptionpositioninvalid.java.html]
[dsa.cs.tsinghua.edu.cn/_deng/ds/src_link/_java/dsa/exceptionpqueueempty.java.html]
[dsa.cs.tsinghua.edu.cn/_deng/ds/src_link/_java/dsa/exceptionqueueempty.java.html]
[dsa.cs.tsinghua.edu.cn/_deng/ds/src_link/_java/dsa/exceptionqueuefull.java.html]
[dsa.cs.tsinghua.edu.cn/_deng/ds/src_link/_java/dsa/exceptionstackempty.java.html]
[dsa.cs.tsinghua.edu.cn/_deng/ds/src_link/_java/dsa/exceptionstackfull.java.html]
[dsa.cs.tsinghua.edu.cn/_deng/ds/src_link/_java/dsa/exceptiontreeempty.java.html]
[dsa.cs.tsinghua.edu.cn/_deng/ds/src_link/_java/dsa/graph.java.html]
[dsa.cs.tsinghua.edu.cn/_deng/ds/src_link/_java/dsa/graphtraverse.java.html]
[dsa.cs.tsinghua.edu.cn/_deng/ds/src_link/_java/dsa/graph_list.java.html]
[dsa.cs.tsinghua.edu.cn/_deng/ds/src_link/_java/dsa/iterator.java.html]
[dsa.cs.tsinghua.edu.cn/_deng/ds/src_link/_java/dsa/iteratorelement.java.html]
[dsa.cs.tsinghua.edu.cn/_deng/ds/src_link/_java/dsa/iteratorposition.java.html]
[dsa.cs.tsinghua.edu.cn/_deng/ds/src_link/_java/dsa/iteratortree.java.html]
[dsa.cs.tsinghua.edu.cn/_deng/ds/src_link/_java/dsa/list.java.html]
[dsa.cs.tsinghua.edu.cn/_deng/ds/src_link/_java/dsa/list_dlnode.java.html]
[dsa.cs.tsinghua.edu.cn/_deng/ds/src_link/_java/dsa/map.java.html]
[dsa.cs.tsinghua.edu.cn/_deng/ds/src_link/_java/dsa/map_dlnode.java.html]
[dsa.cs.tsinghua.edu.cn/_deng/ds/src_link/_java/dsa/map_hashtable.java.html]
[dsa.cs.tsinghua.edu.cn/_deng/ds/src_link/_java/dsa/node.java.html]
[dsa.cs.tsinghua.edu.cn/_deng/ds/src_link/_java/dsa/pm_bm.java.html]
[dsa.cs.tsinghua.edu.cn/_deng/ds/src_link/_java/dsa/pm_bruteforce.java.html]
[dsa.cs.tsinghua.edu.cn/_deng/ds/src_link/_java/dsa/pm_kmp.java.html]
[dsa.cs.tsinghua.edu.cn/_deng/ds/src_link/_java/dsa/point2d.java.html]
[dsa.cs.tsinghua.edu.cn/_deng/ds/src_link/_java/dsa/position.java.html]
[dsa.cs.tsinghua.edu.cn/_deng/ds/src_link/_java/dsa/pqueue.java.html]
[dsa.cs.tsinghua.edu.cn/_deng/ds/src_link/_java/dsa/pqueue_heap.java.html]
[dsa.cs.tsinghua.edu.cn/_deng/ds/src_link/_java/dsa/pqueue_sortedlist.java.html]
[dsa.cs.tsinghua.edu.cn/_deng/ds/src_link/_java/dsa/pqueue_unsortedlist.java.html]
[dsa.cs.tsinghua.edu.cn/_deng/ds/src_link/_java/dsa/queue.java.html]
[dsa.cs.tsinghua.edu.cn/_deng/ds/src_link/_java/dsa/queue_array.java.html]
[dsa.cs.tsinghua.edu.cn/_deng/ds/src_link/_java/dsa/queue_list.java.html]
[dsa.cs.tsinghua.edu.cn/_deng/ds/src_link/_java/dsa/sequence.java.html]
[dsa.cs.tsinghua.edu.cn/_deng/ds/src_link/_java/dsa/sequence_dlnode.java.html]
[dsa.cs.tsinghua.edu.cn/_deng/ds/src_link/_java/dsa/sorteddictionary.java.html]
[dsa.cs.tsinghua.edu.cn/_deng/ds/src_link/_java/dsa/sorteddictionary_extarray.java.html]
[dsa.cs.tsinghua.edu.cn/_deng/ds/src_link/_java/dsa/sorter.java.html]
[dsa.cs.tsinghua.edu.cn/_deng/ds/src_link/_java/dsa/sorter_bubblesort.java.html]
[dsa.cs.tsinghua.edu.cn/_deng/ds/src_link/_java/dsa/sorter_mergesort.java.html]
[dsa.cs.tsinghua.edu.cn/_deng/ds/src_link/_java/dsa/sorter_pqueue.java.html]
[dsa.cs.tsinghua.edu.cn/_deng/ds/src_link/_java/dsa/sorter_quicksort.java.html]
[dsa.cs.tsinghua.edu.cn/_deng/ds/src_link/_java/dsa/splaytree.java.html]
[dsa.cs.tsinghua.edu.cn/_deng/ds/src_link/_java/dsa/stack.java.html]
[dsa.cs.tsinghua.edu.cn/_deng/ds/src_link/_java/dsa/stack_array.java.html]
[dsa.cs.tsinghua.edu.cn/_deng/ds/src_link/_java/dsa/stack_list.java.html]
[dsa.cs.tsinghua.edu.cn/_deng/ds/src_link/_java/dsa/tree.java.html]
[dsa.cs.tsinghua.edu.cn/_deng/ds/src_link/_java/dsa/treelinkedlist.java.html]
[dsa.cs.tsinghua.edu.cn/_deng/ds/src_link/_java/dsa/vector.java.html]
[dsa.cs.tsinghua.edu.cn/_deng/ds/src_link/_java/dsa/vector_array.java.html]
[dsa.cs.tsinghua.edu.cn/_deng/ds/src_link/_java/dsa/vector_extarray.java.html]
[dsa.cs.tsinghua.edu.cn/_deng/ds/src_link/_java/dsa/vertex.java.html]
[dsa.cs.tsinghua.edu.cn/_deng/ds/src_link/_java/dsa/vertex_list.java.html]
