 InlineHookMsgBox

 Timestamp is 56ca8da6 (Mon Feb 22 12:25:10 2016)

 Preferred load address is 00400000

 Start         Length     Name                   Class
 0001:00000000 00005abaH .text                   CODE
 0002:00000000 000000ccH .idata$5                DATA
 0002:000000d0 00000414H .rdata                  DATA
 0002:000004e4 00000028H .idata$2                DATA
 0002:0000050c 00000014H .idata$3                DATA
 0002:00000520 000000ccH .idata$4                DATA
 0002:000005ec 00000368H .idata$6                DATA
 0002:00000954 00000000H .edata                  DATA
 0003:00000000 00000004H .CRT$XCA                DATA
 0003:00000004 00000004H .CRT$XCZ                DATA
 0003:00000008 00000004H .CRT$XIA                DATA
 0003:0000000c 00000008H .CRT$XIC                DATA
 0003:00000014 00000004H .CRT$XIZ                DATA
 0003:00000018 00000004H .CRT$XPA                DATA
 0003:0000001c 00000004H .CRT$XPX                DATA
 0003:00000020 00000004H .CRT$XPZ                DATA
 0003:00000024 00000004H .CRT$XTA                DATA
 0003:00000028 00000004H .CRT$XTZ                DATA
 0003:00000030 00002998H .data                   DATA
 0003:000029c8 00001640H .bss                    DATA

  Address         Publics by Value              Rva+Base     Lib:Object

 0001:00000000       _main                      00401000 f   InlineHookMsgBox.obj
 0001:00000050       ?My_MessageBoxA@@YGHPAUHWND__@@PBD1I@Z 00401050 f   InlineHookMsgBox.obj
 0001:00000110       ?Inline_InstallHook@@YAHXZ 00401110 f   InlineHookMsgBox.obj
 0001:000001b0       ?Inline_UnInstallHook@@YAHXZ 004011b0 f   InlineHookMsgBox.obj
 0001:000001c0       ?OriginalMessageBox@@YGHPAUHWND__@@PBD1I@Z 004011c0 f   InlineHookMsgBox.obj
 0001:000001d0       ?GetAddress@@YAPAXPAD0@Z   004011d0 f   InlineHookMsgBox.obj
 0001:00000210       ?InitHookEntry@@YAXPAU_HOOK_DATA@@@Z 00401210 f   InlineHookMsgBox.obj
 0001:00000240       ?SkipJmpAddress@@YAKK@Z    00401240 f   InlineHookMsgBox.obj
 0001:00000280       ?InstallCodeHook@@YAHPAU_HOOK_DATA@@@Z 00401280 f   InlineHookMsgBox.obj
 0001:00000370       ?UninstallCodeHook@@YAHPAU_HOOK_DATA@@@Z 00401370 f   InlineHookMsgBox.obj
 0001:000003c0       _lstrcatA@8                004013c0 f   kernel32:KERNEL32.dll
 0001:000003c6       _lstrcpyA@8                004013c6 f   kernel32:KERNEL32.dll
 0001:000003cc       _LoadLibraryA@4            004013cc f   kernel32:KERNEL32.dll
 0001:000003d2       _GetProcAddress@8          004013d2 f   kernel32:KERNEL32.dll
 0001:000003d8       _GetModuleHandleA@4        004013d8 f   kernel32:KERNEL32.dll
 0001:000003de       _WriteProcessMemory@20     004013de f   kernel32:KERNEL32.dll
 0001:000003e4       _ReadProcessMemory@20      004013e4 f   kernel32:KERNEL32.dll
 0001:000003ea       _GetCurrentProcess@0       004013ea f   kernel32:KERNEL32.dll
 0001:000003f0       _MessageBoxA@16            004013f0 f   user32:USER32.dll
 0001:000003f6       _printf                    004013f6 f   LIBC:printf.obj
 0001:00000427       _mainCRTStartup            00401427 f   LIBC:crt0.obj
 0001:00000506       __amsg_exit                00401506 f   LIBC:crt0.obj
 0001:0000054f       __stbuf                    0040154f f   LIBC:_sftbuf.obj
 0001:000005dc       __ftbuf                    004015dc f   LIBC:_sftbuf.obj
 0001:00000619       __output                   00401619 f   LIBC:output.obj
 0001:00000e80       ___initstdio               00401e80 f   LIBC:_file.obj
 0001:00000f25       ___endstdio                00401f25 f   LIBC:_file.obj
 0001:00000f39       __cinit                    00401f39 f   LIBC:crt0dat.obj
 0001:00000f66       _exit                      00401f66 f   LIBC:crt0dat.obj
 0001:00000f77       __exit                     00401f77 f   LIBC:crt0dat.obj
 0001:00000f88       __cexit                    00401f88 f   LIBC:crt0dat.obj
 0001:00000f97       __c_exit                   00401f97 f   LIBC:crt0dat.obj
 0001:00001059       __XcptFilter               00402059 f   LIBC:winxfltr.obj
 0001:000011dd       __setenvp                  004021dd f   LIBC:stdenvp.obj
 0001:00001296       __setargv                  00402296 f   LIBC:stdargv.obj
 0001:000014e3       ___crtGetEnvironmentStringsA 004024e3 f   LIBC:a_env.obj
 0001:00001615       __ioinit                   00402615 f   LIBC:ioinit.obj
 0001:000017c0       __ioterm                   004027c0 f   LIBC:ioinit.obj
 0001:000017e3       __GetLinkerVersion         004027e3 f   LIBC:heapinit.obj
 0001:00001810       ___heap_select             00402810 f   LIBC:heapinit.obj
 0001:00001958       __heap_init                00402958 f   LIBC:heapinit.obj
 0001:000019b5       __heap_term                004029b5 f   LIBC:heapinit.obj
 0001:00001a60       __global_unwind2           00402a60 f   LIBC:exsup.obj
 0001:00001aa2       __local_unwind2            00402aa2 f   LIBC:exsup.obj
 0001:00001afa       __NLG_Return2              00402afa f   LIBC:exsup.obj
 0001:00001b0a       __abnormal_termination     00402b0a f   LIBC:exsup.obj
 0001:00001b2d       __NLG_Notify1              00402b2d f   LIBC:exsup.obj
 0001:00001b36       __NLG_Notify               00402b36 f   LIBC:exsup.obj
 0001:00001b49       __NLG_Dispatch             00402b49 f   LIBC:exsup.obj
 0001:00001b58       __except_handler3          00402b58 f   LIBC:exsup3.obj
 0001:00001c15       __seh_longjmp_unwind@4     00402c15 f   LIBC:exsup3.obj
 0001:00001c30       __FF_MSGBANNER             00402c30 f   LIBC:crt0msg.obj
 0001:00001c69       __NMSG_WRITE               00402c69 f   LIBC:crt0msg.obj
 0001:00001dbc       __GET_RTERRMSG             00402dbc f   LIBC:crt0msg.obj
 0001:00001ded       _malloc                    00402ded f   LIBC:malloc.obj
 0001:00001dff       __nh_malloc                00402dff f   LIBC:malloc.obj
 0001:00001e2b       __heap_alloc               00402e2b f   LIBC:malloc.obj
 0001:00001e9f       __isatty                   00402e9f f   LIBC:isatty.obj
 0001:00001ec5       _fflush                    00402ec5 f   LIBC:fflush.obj
 0001:00001f00       __flush                    00402f00 f   LIBC:fflush.obj
 0001:00001f5c       __flushall                 00402f5c f   LIBC:fflush.obj
 0001:00001fd2       _free                      00402fd2 f   LIBC:free.obj
 0001:00002040       _strlen                    00403040 f   LIBC:strlen.obj
 0001:000020bb       _wctomb                    004030bb f   LIBC:wctomb.obj
 0001:00002130       __aulldiv                  00403130 f   LIBC:ulldiv.obj
 0001:000021a0       __aullrem                  004031a0 f   LIBC:ullrem.obj
 0001:00002215       __flsbuf                   00403215 f   LIBC:_flsbuf.obj
 0001:0000232a       _calloc                    0040332a f   LIBC:calloc.obj
 0001:000023db       __fcloseall                004033db f   LIBC:closeall.obj
 0001:00002440       _strcpy                    00403440 f   LIBC:strcat.obj
 0001:00002450       _strcat                    00403450 f   LIBC:strcat.obj
 0001:00002530       __setmbcp                  00403530 f   LIBC:mbctype.obj
 0001:000028f4       __getmbcp                  004038f4 f   LIBC:mbctype.obj
 0001:00002904       ___initmbctable            00403904 f   LIBC:mbctype.obj
 0001:00002920       _memcpy                    00403920 f   LIBC:memcpy.obj
 0001:00002c55       _strtol                    00403c55 f   LIBC:strtol.obj
 0001:00002e74       _strtoul                   00403e74 f   LIBC:strtol.obj
 0001:00002ea0       _strchr                    00403ea0 f   LIBC:strchr.obj
 0001:00002ea6       ___from_strstr_to_strchr   00403ea6 f   LIBC:strchr.obj
 0001:00002f60       _strstr                    00403f60 f   LIBC:strstr.obj
 0001:00002fe0       _strncmp                   00403fe0 f   LIBC:strncmp.obj
 0001:00003020       __chkstk                   00404020 f   LIBC:chkstk.obj
 0001:00003020       __alloca_probe             00404020 f   LIBC:chkstk.obj
 0001:0000304f       __get_sbh_threshold        0040404f f   LIBC:sbheap.obj
 0001:0000306e       __set_sbh_threshold        0040406e f   LIBC:sbheap.obj
 0001:00003121       ___sbh_heap_init           00404121 f   LIBC:sbheap.obj
 0001:00003169       ___sbh_find_block          00404169 f   LIBC:sbheap.obj
 0001:00003194       ___sbh_free_block          00404194 f   LIBC:sbheap.obj
 0001:000034bd       ___sbh_alloc_block         004044bd f   LIBC:sbheap.obj
 0001:000037c6       ___sbh_alloc_new_region    004047c6 f   LIBC:sbheap.obj
 0001:00003877       ___sbh_alloc_new_group     00404877 f   LIBC:sbheap.obj
 0001:00003972       ___sbh_resize_block        00404972 f   LIBC:sbheap.obj
 0001:00003c68       ___sbh_heapmin             00404c68 f   LIBC:sbheap.obj
 0001:00003d39       ___sbh_heap_check          00404d39 f   LIBC:sbheap.obj
 0001:00004068       __get_old_sbh_threshold    00405068 f   LIBC:sbheap.obj
 0001:0000406e       __set_old_sbh_threshold    0040506e f   LIBC:sbheap.obj
 0001:0000408a       ___old_sbh_new_region      0040508a f   LIBC:sbheap.obj
 0001:000041ce       ___old_sbh_release_region  004051ce f   LIBC:sbheap.obj
 0001:00004224       ___old_sbh_decommit_pages  00405224 f   LIBC:sbheap.obj
 0001:000042e6       ___old_sbh_find_block      004052e6 f   LIBC:sbheap.obj
 0001:0000433d       ___old_sbh_free_block      0040533d f   LIBC:sbheap.obj
 0001:00004382       ___old_sbh_alloc_block     00405382 f   LIBC:sbheap.obj
 0001:0000458a       ___old_sbh_alloc_block_from_page 0040558a f   LIBC:sbheap.obj
 0001:000046ae       ___old_sbh_resize_block    004056ae f   LIBC:sbheap.obj
 0001:00004757       ___old_sbh_heap_check      00405757 f   LIBC:sbheap.obj
 0001:000048b5       ___crtMessageBoxA          004058b5 f   LIBC:crtmbox.obj
 0001:00004940       _strncpy                   00405940 f   LIBC:strncpy.obj
 0001:00004a3e       ?_set_new_handler@@YAP6AHI@ZP6AHI@Z@Z 00405a3e f   LIBC:handler.obj
 0001:00004a4e       ?_query_new_handler@@YAP6AHI@ZXZ 00405a4e f   LIBC:handler.obj
 0001:00004a54       __callnewh                 00405a54 f   LIBC:handler.obj
 0001:00004a6f       __commit                   00405a6f f   LIBC:commit.obj
 0001:00004ac6       __write                    00405ac6 f   LIBC:write.obj
 0001:00004c73       __fptrap                   00405c73 f   LIBC:crt0fp.obj
 0001:00004c7c       __lseek                    00405c7c f   LIBC:lseek.obj
 0001:00004d16       __getbuf                   00405d16 f   LIBC:_getbuf.obj
 0001:00004d60       _memset                    00405d60 f   LIBC:memset.obj
 0001:00004db8       _fclose                    00405db8 f   LIBC:fclose.obj
 0001:00004e0e       ___crtLCMapStringA         00405e0e f   LIBC:a_map.obj
 0001:0000505d       ___crtGetStringTypeA       0040605d f   LIBC:a_str.obj
 0001:000051a6       __toupper                  004061a6 f   LIBC:toupper.obj
 0001:000051ae       _toupper                   004061ae f   LIBC:toupper.obj
 0001:0000527a       __isctype                  0040627a f   LIBC:isctype.obj
 0001:000052f0       _memmove                   004062f0 f   LIBC:memmove.obj
 0001:00005625       __alloc_osfhnd             00406625 f   LIBC:osfinfo.obj
 0001:000056ba       __set_osfhnd               004066ba f   LIBC:osfinfo.obj
 0001:00005731       __free_osfhnd              00406731 f   LIBC:osfinfo.obj
 0001:000057ab       __get_osfhandle            004067ab f   LIBC:osfinfo.obj
 0001:000057e8       __open_osfhandle           004067e8 f   LIBC:osfinfo.obj
 0001:00005885       __dosmaperr                00406885 f   LIBC:dosmap.obj
 0001:000058ec       __close                    004068ec f   LIBC:close.obj
 0001:0000599f       __freebuf                  0040699f f   LIBC:_freebuf.obj
 0001:000059ca       _GetCommandLineA@0         004069ca f   kernel32:KERNEL32.dll
 0001:000059d0       _GetVersion@0              004069d0 f   kernel32:KERNEL32.dll
 0001:000059d6       _ExitProcess@4             004069d6 f   kernel32:KERNEL32.dll
 0001:000059dc       _TerminateProcess@8        004069dc f   kernel32:KERNEL32.dll
 0001:000059e2       _UnhandledExceptionFilter@4 004069e2 f   kernel32:KERNEL32.dll
 0001:000059e8       _GetModuleFileNameA@12     004069e8 f   kernel32:KERNEL32.dll
 0001:000059ee       _FreeEnvironmentStringsA@4 004069ee f   kernel32:KERNEL32.dll
 0001:000059f4       _FreeEnvironmentStringsW@4 004069f4 f   kernel32:KERNEL32.dll
 0001:000059fa       _WideCharToMultiByte@32    004069fa f   kernel32:KERNEL32.dll
 0001:00005a00       _GetEnvironmentStrings@0   00406a00 f   kernel32:KERNEL32.dll
 0001:00005a06       _GetEnvironmentStringsW@0  00406a06 f   kernel32:KERNEL32.dll
 0001:00005a0c       _SetHandleCount@4          00406a0c f   kernel32:KERNEL32.dll
 0001:00005a12       _GetStdHandle@4            00406a12 f   kernel32:KERNEL32.dll
 0001:00005a18       _GetFileType@4             00406a18 f   kernel32:KERNEL32.dll
 0001:00005a1e       _GetStartupInfoA@4         00406a1e f   kernel32:KERNEL32.dll
 0001:00005a24       _GetEnvironmentVariableA@12 00406a24 f   kernel32:KERNEL32.dll
 0001:00005a2a       _GetVersionExA@4           00406a2a f   kernel32:KERNEL32.dll
 0001:00005a30       _HeapDestroy@4             00406a30 f   kernel32:KERNEL32.dll
 0001:00005a36       _HeapCreate@12             00406a36 f   kernel32:KERNEL32.dll
 0001:00005a3c       _VirtualFree@12            00406a3c f   kernel32:KERNEL32.dll
 0001:00005a42       _HeapFree@12               00406a42 f   kernel32:KERNEL32.dll
 0001:00005a48       _RtlUnwind@16              00406a48 f   kernel32:KERNEL32.dll
 0001:00005a4e       _WriteFile@20              00406a4e f   kernel32:KERNEL32.dll
 0001:00005a54       _HeapAlloc@12              00406a54 f   kernel32:KERNEL32.dll
 0001:00005a5a       _GetCPInfo@8               00406a5a f   kernel32:KERNEL32.dll
 0001:00005a60       _GetACP@0                  00406a60 f   kernel32:KERNEL32.dll
 0001:00005a66       _GetOEMCP@0                00406a66 f   kernel32:KERNEL32.dll
 0001:00005a6c       _VirtualAlloc@16           00406a6c f   kernel32:KERNEL32.dll
 0001:00005a72       _HeapReAlloc@16            00406a72 f   kernel32:KERNEL32.dll
 0001:00005a78       _IsBadWritePtr@8           00406a78 f   kernel32:KERNEL32.dll
 0001:00005a7e       _GetLastError@0            00406a7e f   kernel32:KERNEL32.dll
 0001:00005a84       _FlushFileBuffers@4        00406a84 f   kernel32:KERNEL32.dll
 0001:00005a8a       _SetFilePointer@16         00406a8a f   kernel32:KERNEL32.dll
 0001:00005a90       _MultiByteToWideChar@24    00406a90 f   kernel32:KERNEL32.dll
 0001:00005a96       _LCMapStringA@24           00406a96 f   kernel32:KERNEL32.dll
 0001:00005a9c       _LCMapStringW@24           00406a9c f   kernel32:KERNEL32.dll
 0001:00005aa2       _GetStringTypeA@20         00406aa2 f   kernel32:KERNEL32.dll
 0001:00005aa8       _GetStringTypeW@16         00406aa8 f   kernel32:KERNEL32.dll
 0001:00005aae       _SetStdHandle@8            00406aae f   kernel32:KERNEL32.dll
 0001:00005ab4       _CloseHandle@4             00406ab4 f   kernel32:KERNEL32.dll
 0002:00000000       __imp__lstrcatA@8          00407000     kernel32:KERNEL32.dll
 0002:00000004       __imp__lstrcpyA@8          00407004     kernel32:KERNEL32.dll
 0002:00000008       __imp__LoadLibraryA@4      00407008     kernel32:KERNEL32.dll
 0002:0000000c       __imp__GetProcAddress@8    0040700c     kernel32:KERNEL32.dll
 0002:00000010       __imp__GetModuleHandleA@4  00407010     kernel32:KERNEL32.dll
 0002:00000014       __imp__WriteProcessMemory@20 00407014     kernel32:KERNEL32.dll
 0002:00000018       __imp__ReadProcessMemory@20 00407018     kernel32:KERNEL32.dll
 0002:0000001c       __imp__GetCurrentProcess@0 0040701c     kernel32:KERNEL32.dll
 0002:00000020       __imp__SetStdHandle@8      00407020     kernel32:KERNEL32.dll
 0002:00000024       __imp__GetStringTypeW@16   00407024     kernel32:KERNEL32.dll
 0002:00000028       __imp__GetCommandLineA@0   00407028     kernel32:KERNEL32.dll
 0002:0000002c       __imp__GetVersion@0        0040702c     kernel32:KERNEL32.dll
 0002:00000030       __imp__ExitProcess@4       00407030     kernel32:KERNEL32.dll
 0002:00000034       __imp__TerminateProcess@8  00407034     kernel32:KERNEL32.dll
 0002:00000038       __imp__UnhandledExceptionFilter@4 00407038     kernel32:KERNEL32.dll
 0002:0000003c       __imp__GetModuleFileNameA@12 0040703c     kernel32:KERNEL32.dll
 0002:00000040       __imp__FreeEnvironmentStringsA@4 00407040     kernel32:KERNEL32.dll
 0002:00000044       __imp__FreeEnvironmentStringsW@4 00407044     kernel32:KERNEL32.dll
 0002:00000048       __imp__WideCharToMultiByte@32 00407048     kernel32:KERNEL32.dll
 0002:0000004c       __imp__GetEnvironmentStrings@0 0040704c     kernel32:KERNEL32.dll
 0002:00000050       __imp__GetEnvironmentStringsW@0 00407050     kernel32:KERNEL32.dll
 0002:00000054       __imp__SetHandleCount@4    00407054     kernel32:KERNEL32.dll
 0002:00000058       __imp__GetStdHandle@4      00407058     kernel32:KERNEL32.dll
 0002:0000005c       __imp__GetFileType@4       0040705c     kernel32:KERNEL32.dll
 0002:00000060       __imp__GetStartupInfoA@4   00407060     kernel32:KERNEL32.dll
 0002:00000064       __imp__GetEnvironmentVariableA@12 00407064     kernel32:KERNEL32.dll
 0002:00000068       __imp__GetVersionExA@4     00407068     kernel32:KERNEL32.dll
 0002:0000006c       __imp__HeapDestroy@4       0040706c     kernel32:KERNEL32.dll
 0002:00000070       __imp__HeapCreate@12       00407070     kernel32:KERNEL32.dll
 0002:00000074       __imp__VirtualFree@12      00407074     kernel32:KERNEL32.dll
 0002:00000078       __imp__HeapFree@12         00407078     kernel32:KERNEL32.dll
 0002:0000007c       __imp__RtlUnwind@16        0040707c     kernel32:KERNEL32.dll
 0002:00000080       __imp__WriteFile@20        00407080     kernel32:KERNEL32.dll
 0002:00000084       __imp__HeapAlloc@12        00407084     kernel32:KERNEL32.dll
 0002:00000088       __imp__GetCPInfo@8         00407088     kernel32:KERNEL32.dll
 0002:0000008c       __imp__GetACP@0            0040708c     kernel32:KERNEL32.dll
 0002:00000090       __imp__GetOEMCP@0          00407090     kernel32:KERNEL32.dll
 0002:00000094       __imp__VirtualAlloc@16     00407094     kernel32:KERNEL32.dll
 0002:00000098       __imp__HeapReAlloc@16      00407098     kernel32:KERNEL32.dll
 0002:0000009c       __imp__IsBadWritePtr@8     0040709c     kernel32:KERNEL32.dll
 0002:000000a0       __imp__GetLastError@0      004070a0     kernel32:KERNEL32.dll
 0002:000000a4       __imp__FlushFileBuffers@4  004070a4     kernel32:KERNEL32.dll
 0002:000000a8       __imp__SetFilePointer@16   004070a8     kernel32:KERNEL32.dll
 0002:000000ac       __imp__MultiByteToWideChar@24 004070ac     kernel32:KERNEL32.dll
 0002:000000b0       __imp__LCMapStringA@24     004070b0     kernel32:KERNEL32.dll
 0002:000000b4       __imp__LCMapStringW@24     004070b4     kernel32:KERNEL32.dll
 0002:000000b8       __imp__GetStringTypeA@20   004070b8     kernel32:KERNEL32.dll
 0002:000000bc       __imp__CloseHandle@4       004070bc     kernel32:KERNEL32.dll
 0002:000000c0       \177KERNEL32_NULL_THUNK_DATA 004070c0     kernel32:KERNEL32.dll
 0002:000000c4       __imp__MessageBoxA@16      004070c4     user32:USER32.dll
 0002:000000c8       \177USER32_NULL_THUNK_DATA 004070c8     user32:USER32.dll
 0002:000000fc       ___lookuptable             004070fc     LIBC:output.obj
 0002:00000158       ??_C@_1O@POHA@?$AA?$CI?$AAn?$AAu?$AAl?$AAl?$AA?$CJ?$AA?$AA@ 00407158     LIBC:output.obj
 0002:00000168       ??_C@_06ONKE@?$CInull?$CJ?$AA@ 00407168     LIBC:output.obj
 0002:00000170       ??_C@_0BH@PHHF@__GLOBAL_HEAP_SELECTED?$AA@ 00407170     LIBC:heapinit.obj
 0002:00000188       ??_C@_0BF@BBGL@__MSVCRT_HEAP_SELECT?$AA@ 00407188     LIBC:heapinit.obj
 0002:000001a0       ??_C@_0P@GGKG@runtime?5error?5?$AA@ 004071a0     LIBC:crt0msg.obj
 0002:000001b0       ??_C@_02PIMC@?$AN?6?$AA@   004071b0     LIBC:crt0msg.obj
 0002:000001b4       ??_C@_0O@DELO@TLOSS?5error?$AN?6?$AA@ 004071b4     LIBC:crt0msg.obj
 0002:000001c4       ??_C@_0N@OMLL@SING?5error?$AN?6?$AA@ 004071c4     LIBC:crt0msg.obj
 0002:000001d4       ??_C@_0P@OJAK@DOMAIN?5error?$AN?6?$AA@ 004071d4     LIBC:crt0msg.obj
 0002:000001e4       ??_C@_0CF@EANP@R6028?$AN?6?9?5unable?5to?5initialize?5he@ 004071e4     LIBC:crt0msg.obj
 0002:0000020c       ??_C@_0DF@ECGN@R6027?$AN?6?9?5not?5enough?5space?5for?5lo@ 0040720c     LIBC:crt0msg.obj
 0002:00000244       ??_C@_0DF@FKAC@R6026?$AN?6?9?5not?5enough?5space?5for?5st@ 00407244     LIBC:crt0msg.obj
 0002:0000027c       ??_C@_0CG@DPMN@R6025?$AN?6?9?5pure?5virtual?5function?5c@ 0040727c     LIBC:crt0msg.obj
 0002:000002a4       ??_C@_0DF@CKIP@R6024?$AN?6?9?5not?5enough?5space?5for?5_o@ 004072a4     LIBC:crt0msg.obj
 0002:000002dc       ??_C@_0CJ@GGOE@R6019?$AN?6?9?5unable?5to?5open?5console?5@ 004072dc     LIBC:crt0msg.obj
 0002:00000308       ??_C@_0CB@LBOB@R6018?$AN?6?9?5unexpected?5heap?5error?$AN?6@ 00407308     LIBC:crt0msg.obj
 0002:0000032c       ??_C@_0CN@FPEG@R6017?$AN?6?9?5unexpected?5multithread?5@ 0040732c     LIBC:crt0msg.obj
 0002:0000035c       ??_C@_0CM@OBIC@R6016?$AN?6?9?5not?5enough?5space?5for?5th@ 0040735c     LIBC:crt0msg.obj
 0002:00000388       ??_C@_0CB@HPAL@?$AN?6abnormal?5program?5termination?$AN?6@ 00407388     LIBC:crt0msg.obj
 0002:000003ac       ??_C@_0CM@JOOB@R6009?$AN?6?9?5not?5enough?5space?5for?5en@ 004073ac     LIBC:crt0msg.obj
 0002:000003d8       ??_C@_0CK@OIBL@R6008?$AN?6?9?5not?5enough?5space?5for?5ar@ 004073d8     LIBC:crt0msg.obj
 0002:00000404       ??_C@_0CF@LKPB@R6002?$AN?6?9?5floating?5point?5not?5load@ 00407404     LIBC:crt0msg.obj
 0002:0000042c       ??_C@_0CF@JPDF@Microsoft?5Visual?5C?$CL?$CL?5Runtime?5Lib@ 0040742c     LIBC:crt0msg.obj
 0002:00000454       ??_C@_02JJJH@?6?6?$AA@     00407454     LIBC:crt0msg.obj
 0002:00000458       ??_C@_0BK@DEOK@Runtime?5Error?$CB?6?6Program?3?5?$AA@ 00407458     LIBC:crt0msg.obj
 0002:00000474       ??_C@_03NAME@?4?4?4?$AA@   00407474     LIBC:crt0msg.obj
 0002:00000478       ??_C@_0BH@NNCD@?$DMprogram?5name?5unknown?$DO?$AA@ 00407478     LIBC:crt0msg.obj
 0002:00000490       ??_C@_0BD@NJFP@GetLastActivePopup?$AA@ 00407490     LIBC:crtmbox.obj
 0002:000004a4       ??_C@_0BA@GILI@GetActiveWindow?$AA@ 004074a4     LIBC:crtmbox.obj
 0002:000004b4       ??_C@_01A@?$AA?$AA@        004074b4     LIBC:a_map.obj
 0002:000004b8       ??_C@_13A@?$AA?$AA?$AA?$AA@ 004074b8     LIBC:a_map.obj
 0002:000004e4       __IMPORT_DESCRIPTOR_KERNEL32 004074e4     kernel32:KERNEL32.dll
 0002:000004f8       __IMPORT_DESCRIPTOR_USER32 004074f8     user32:USER32.dll
 0002:0000050c       __NULL_IMPORT_DESCRIPTOR   0040750c     kernel32:KERNEL32.dll
 0003:00000000       ___xc_a                    00408000     LIBC:crt0init.obj
 0003:00000004       ___xc_z                    00408004     LIBC:crt0init.obj
 0003:00000008       ___xi_a                    00408008     LIBC:crt0init.obj
 0003:00000014       ___xi_z                    00408014     LIBC:crt0init.obj
 0003:00000018       ___xp_a                    00408018     LIBC:crt0init.obj
 0003:00000020       ___xp_z                    00408020     LIBC:crt0init.obj
 0003:00000024       ___xt_a                    00408024     LIBC:crt0init.obj
 0003:00000028       ___xt_z                    00408028     LIBC:crt0init.obj
 0003:00000030       ??_C@_0BM@HJMD@After?5?5Inline?5Hook?5Unhooked?$AA@ 00408030     InlineHookMsgBox.obj
 0003:0000004c       ??_C@_0BD@ODFI@After?5?5Inline?5Hook?$AA@ 0040804c     InlineHookMsgBox.obj
 0003:00000060       ??_C@_0BD@EBGL@Before?5Inline?5Hook?$AA@ 00408060     InlineHookMsgBox.obj
 0003:00000074       ??_C@_04JDHC@Test?$AA@     00408074     InlineHookMsgBox.obj
 0003:0000007c       ??_C@_0CC@ELLF@?6?7MessageBox?5Hacked?5by?5pediy?4com@ 0040807c     InlineHookMsgBox.obj
 0003:000000a0       ??_C@_0BF@ODOO@?S?P?H?K?$LF?w?S?CMessageBox?$CB?6?$AA@ 004080a0     InlineHookMsgBox.obj
 0003:000000b8       ??_C@_09HIDC@pediy?4com?$AA@ 004080b8     InlineHookMsgBox.obj
 0003:000000c4       ??_C@_0L@HKL@user32?4dll?$AA@ 004080c4     InlineHookMsgBox.obj
 0003:000000d0       ??_C@_0M@PKCK@MessageBoxA?$AA@ 004080d0     InlineHookMsgBox.obj
 0003:000000dc       ??_C@_02MGDP@?$PP?$CF?$AA@ 004080dc     InlineHookMsgBox.obj
 0003:000000e0       ??_C@_0CG@GCAI@Install?5Hook?5write?5oK?$CB?5WrittenCn@ 004080e0     InlineHookMsgBox.obj
 0003:00000108       ??_C@_0BI@ELKI@Address?5To?5HOOK?$DN0x?$CF08X?6?$AA@ 00408108     InlineHookMsgBox.obj
 0003:00000120       __aexit_rtn                00408120     LIBC:crt0.obj
 0003:00000124       ___app_type                00408124     LIBC:crt0.obj
 0003:00000128       ___nullstring              00408128     LIBC:output.obj
 0003:0000012c       ___wnullstring             0040812c     LIBC:output.obj
 0003:00000130       __iob                      00408130     LIBC:_file.obj
 0003:000003b0       __XcptActTab               004083b0     LIBC:winxfltr.obj
 0003:00000428       __First_FPE_Indx           00408428     LIBC:winxfltr.obj
 0003:0000042c       __Num_FPE                  0040842c     LIBC:winxfltr.obj
 0003:00000430       __XcptActTabCount          00408430     LIBC:winxfltr.obj
 0003:00000434       __fpecode                  00408434     LIBC:winxfltr.obj
 0003:00000438       ___badioinfo               00408438     LIBC:ioinit.obj
 0003:00000440       __amblksiz                 00408440     LIBC:heapinit.obj
 0003:00000444       __NLG_Destination          00408444     LIBC:exsup.obj
 0003:000004f0       __cfltcvt_tab              004084f0     LIBC:cmiscdat.obj
 0003:00000508       __pctype                   00408508     LIBC:ctype.obj
 0003:0000050c       __pwctype                  0040850c     LIBC:ctype.obj
 0003:00000510       __ctype                    00408510     LIBC:ctype.obj
 0003:00000820       ___old_small_block_heap    00408820     LIBC:sbheap.obj
 0003:00002844       ___old_sbh_threshold       0040a844     LIBC:sbheap.obj
 0003:00002850       ___mb_cur_max              0040a850     LIBC:nlsdata1.obj
 0003:00002854       ___decimal_point           0040a854     LIBC:nlsdata1.obj
 0003:00002858       ___decimal_point_length    0040a858     LIBC:nlsdata1.obj
 0003:000029c8       ?MsgBoxHookData@@3U_HOOK_DATA@@A 0040a9c8     InlineHookMsgBox.obj
 0003:00002abc       __aenvptr                  0040aabc     LIBC:crt0.obj
 0003:00002ac0       __wenvptr                  0040aac0     LIBC:crt0.obj
 0003:00002ac4       ___error_mode              0040aac4     LIBC:crt0.obj
 0003:00002ac8       __stdbuf                   0040aac8     LIBC:_sftbuf.obj
 0003:00002ad0       __cflush                   0040aad0     LIBC:_file.obj
 0003:00002ad4       _errno                     0040aad4     LIBC:crt0dat.obj
 0003:00002ad8       __doserrno                 0040aad8     LIBC:crt0dat.obj
 0003:00002adc       __umaskval                 0040aadc     LIBC:crt0dat.obj
 0003:00002ae0       __osver                    0040aae0     LIBC:crt0dat.obj
 0003:00002ae4       __winver                   0040aae4     LIBC:crt0dat.obj
 0003:00002ae8       __winmajor                 0040aae8     LIBC:crt0dat.obj
 0003:00002aec       __winminor                 0040aaec     LIBC:crt0dat.obj
 0003:00002af0       ___argc                    0040aaf0     LIBC:crt0dat.obj
 0003:00002af4       ___argv                    0040aaf4     LIBC:crt0dat.obj
 0003:00002af8       ___wargv                   0040aaf8     LIBC:crt0dat.obj
 0003:00002afc       __environ                  0040aafc     LIBC:crt0dat.obj
 0003:00002b00       ___initenv                 0040ab00     LIBC:crt0dat.obj
 0003:00002b04       __wenviron                 0040ab04     LIBC:crt0dat.obj
 0003:00002b08       ___winitenv                0040ab08     LIBC:crt0dat.obj
 0003:00002b0c       __pgmptr                   0040ab0c     LIBC:crt0dat.obj
 0003:00002b10       __wpgmptr                  0040ab10     LIBC:crt0dat.obj
 0003:00002b14       __exitflag                 0040ab14     LIBC:crt0dat.obj
 0003:00002b18       __C_Termination_Done       0040ab18     LIBC:crt0dat.obj
 0003:00002b1c       __C_Exit_Done              0040ab1c     LIBC:crt0dat.obj
 0003:00002b20       __pxcptinfoptrs            0040ab20     LIBC:winxfltr.obj
 0003:00002c2c       __adbgmsg                  0040ac2c     LIBC:crt0msg.obj
 0003:00002c44       __newmode                  0040ac44     LIBC:_newmode.obj
 0003:00002c48       ?_pnhHeap@@3P6AHI@ZA       0040ac48     LIBC:handler.obj
 0003:00002c4c       ___lc_handle               0040ac4c     LIBC:nlsdata2.obj
 0003:00002c64       ___lc_codepage             0040ac64     LIBC:nlsdata2.obj
 0003:00002c68       ___lc_collate_cp           0040ac68     LIBC:nlsdata2.obj
 0003:00002c74       ___sbh_sizeHeaderList      0040ac74     <common>
 0003:00002c78       ___sbh_indGroupDefer       0040ac78     <common>
 0003:00002c7c       ___sbh_pHeaderScan         0040ac7c     <common>
 0003:00002c80       ___sbh_initialized         0040ac80     <common>
 0003:00002c84       ___sbh_pHeaderDefer        0040ac84     <common>
 0003:00002c88       ___sbh_cntHeaderList       0040ac88     <common>
 0003:00002c8c       ___sbh_pHeaderList         0040ac8c     <common>
 0003:00002c90       ___sbh_threshold           0040ac90     <common>
 0003:00002c94       ___mbcodepage              0040ac94     <common>
 0003:00002ca0       ___mbulinfo                0040aca0     <common>
 0003:00002cac       ___ismbcodepage            0040acac     <common>
 0003:00002cc0       __mbcasemap                0040acc0     <common>
 0003:00002dc0       __mbctype                  0040adc0     <common>
 0003:00002ec4       ___mblcid                  0040aec4     <common>
 0003:00002ec8       __crtheap                  0040aec8     <common>
 0003:00002ecc       ___active_heap             0040aecc     <common>
 0003:00002ee0       ___pioinfo                 0040aee0     <common>
 0003:00002fe0       __nhandle                  0040afe0     <common>
 0003:00002fe4       ___env_initialized         0040afe4     <common>
 0003:00002fe8       ___mbctype_initialized     0040afe8     <common>
 0003:00002fec       ___onexitend               0040afec     <common>
 0003:00002ff0       ___onexitbegin             0040aff0     <common>
 0003:00002ff4       __FPinit                   0040aff4     <common>
 0003:00002ff8       ___piob                    0040aff8     <common>
 0003:00003000       __bufin                    0040b000     <common>
 0003:00004000       __nstream                  0040c000     <common>
 0003:00004004       __acmdln                   0040c004     <common>

 entry point at        0001:00000427

 Static symbols

 0001:00005360       LeadUp1                    00406360 f   LIBC:memmove.obj
 0001:0000538c       LeadUp2                    0040638c f   LIBC:memmove.obj
 0001:000053b0       LeadUp3                    004063b0 f   LIBC:memmove.obj
 0001:0000542f       UnwindUp0                  0040642f f   LIBC:memmove.obj
 0001:0000541c       UnwindUp1                  0040641c f   LIBC:memmove.obj
 0001:00005414       UnwindUp2                  00406414 f   LIBC:memmove.obj
 0001:0000540c       UnwindUp3                  0040640c f   LIBC:memmove.obj
 0001:00005404       UnwindUp4                  00406404 f   LIBC:memmove.obj
 0001:000053fc       UnwindUp5                  004063fc f   LIBC:memmove.obj
 0001:000053f4       UnwindUp6                  004063f4 f   LIBC:memmove.obj
 0001:000053ec       UnwindUp7                  004063ec f   LIBC:memmove.obj
 0001:00005448       TrailUp0                   00406448 f   LIBC:memmove.obj
 0001:00005450       TrailUp1                   00406450 f   LIBC:memmove.obj
 0001:0000545c       TrailUp2                   0040645c f   LIBC:memmove.obj
 0001:00005470       TrailUp3                   00406470 f   LIBC:memmove.obj
 0001:000054e8       LeadDown1                  004064e8 f   LIBC:memmove.obj
 0001:00005508       LeadDown2                  00406508 f   LIBC:memmove.obj
 0001:00005530       LeadDown3                  00406530 f   LIBC:memmove.obj
 0001:00005584       UnwindDown7                00406584 f   LIBC:memmove.obj
 0001:0000558c       UnwindDown6                0040658c f   LIBC:memmove.obj
 0001:00005594       UnwindDown5                00406594 f   LIBC:memmove.obj
 0001:0000559c       UnwindDown4                0040659c f   LIBC:memmove.obj
 0001:000055a4       UnwindDown3                004065a4 f   LIBC:memmove.obj
 0001:000055ac       UnwindDown2                004065ac f   LIBC:memmove.obj
 0001:000055b4       UnwindDown1                004065b4 f   LIBC:memmove.obj
 0001:000055c7       UnwindDown0                004065c7 f   LIBC:memmove.obj
 0001:000055e0       TrailDown0                 004065e0 f   LIBC:memmove.obj
 0001:000055e8       TrailDown1                 004065e8 f   LIBC:memmove.obj
 0001:000055f8       TrailDown2                 004065f8 f   LIBC:memmove.obj
 0001:0000560c       TrailDown3                 0040660c f   LIBC:memmove.obj
 0001:00005032       _strncnt                   00406032 f   LIBC:a_map.obj
 0001:00002c6c       _strtoxl                   00403c6c f   LIBC:strtol.obj
 0001:00002990       LeadUp1                    00403990 f   LIBC:memcpy.obj
 0001:000029bc       LeadUp2                    004039bc f   LIBC:memcpy.obj
 0001:000029e0       LeadUp3                    004039e0 f   LIBC:memcpy.obj
 0001:00002a5f       UnwindUp0                  00403a5f f   LIBC:memcpy.obj
 0001:00002a4c       UnwindUp1                  00403a4c f   LIBC:memcpy.obj
 0001:00002a44       UnwindUp2                  00403a44 f   LIBC:memcpy.obj
 0001:00002a3c       UnwindUp3                  00403a3c f   LIBC:memcpy.obj
 0001:00002a34       UnwindUp4                  00403a34 f   LIBC:memcpy.obj
 0001:00002a2c       UnwindUp5                  00403a2c f   LIBC:memcpy.obj
 0001:00002a24       UnwindUp6                  00403a24 f   LIBC:memcpy.obj
 0001:00002a1c       UnwindUp7                  00403a1c f   LIBC:memcpy.obj
 0001:00002a78       TrailUp0                   00403a78 f   LIBC:memcpy.obj
 0001:00002a80       TrailUp1                   00403a80 f   LIBC:memcpy.obj
 0001:00002a8c       TrailUp2                   00403a8c f   LIBC:memcpy.obj
 0001:00002aa0       TrailUp3                   00403aa0 f   LIBC:memcpy.obj
 0001:00002b18       LeadDown1                  00403b18 f   LIBC:memcpy.obj
 0001:00002b38       LeadDown2                  00403b38 f   LIBC:memcpy.obj
 0001:00002b60       LeadDown3                  00403b60 f   LIBC:memcpy.obj
 0001:00002bb4       UnwindDown7                00403bb4 f   LIBC:memcpy.obj
 0001:00002bbc       UnwindDown6                00403bbc f   LIBC:memcpy.obj
 0001:00002bc4       UnwindDown5                00403bc4 f   LIBC:memcpy.obj
 0001:00002bcc       UnwindDown4                00403bcc f   LIBC:memcpy.obj
 0001:00002bd4       UnwindDown3                00403bd4 f   LIBC:memcpy.obj
 0001:00002bdc       UnwindDown2                00403bdc f   LIBC:memcpy.obj
 0001:00002be4       UnwindDown1                00403be4 f   LIBC:memcpy.obj
 0001:00002bf7       UnwindDown0                00403bf7 f   LIBC:memcpy.obj
 0001:00002c10       TrailDown0                 00403c10 f   LIBC:memcpy.obj
 0001:00002c18       TrailDown1                 00403c18 f   LIBC:memcpy.obj
 0001:00002c28       TrailDown2                 00403c28 f   LIBC:memcpy.obj
 0001:00002c3c       TrailDown3                 00403c3c f   LIBC:memcpy.obj
 0001:000026c9       _getSystemCP               004036c9 f   LIBC:mbctype.obj
 0001:00002713       _CPtoLCID                  00403713 f   LIBC:mbctype.obj
 0001:00002746       _setSBCS                   00403746 f   LIBC:mbctype.obj
 0001:0000276f       _setSBUpLow                0040376f f   LIBC:mbctype.obj
 0001:00001f65       _flsall                    00402f65 f   LIBC:fflush.obj
 0001:00001a78       _gu_return                 00402a78 f   LIBC:exsup.obj
 0001:00001a80       __unwind_handler           00402a80 f   LIBC:exsup.obj
 0001:0000132f       _parse_cmdline             0040232f f   LIBC:stdargv.obj
 0001:0000119a       _xcptlookup                0040219a f   LIBC:winxfltr.obj
 0001:00000fa6       _doexit                    00401fa6 f   LIBC:crt0dat.obj
 0001:0000103f       __initterm                 0040203f f   LIBC:crt0dat.obj
 0001:00000db7       _write_char                00401db7 f   LIBC:output.obj
 0001:00000dec       _write_multi_char          00401dec f   LIBC:output.obj
 0001:00000e1d       _write_string              00401e1d f   LIBC:output.obj
 0001:00000e55       _get_int_arg               00401e55 f   LIBC:output.obj
 0001:00000e62       _get_int64_arg             00401e62 f   LIBC:output.obj
 0001:00000e72       _get_short_arg             00401e72 f   LIBC:output.obj
 0001:0000052b       _fast_error_exit           0040152b f   LIBC:crt0.obj
