 MsgHookInject

 Timestamp is 56dc0e99 (Sun Mar 06 19:03:53 2016)

 Preferred load address is 00400000

 Start         Length     Name                   Class
 0001:00000000 00000abeH .text                   CODE
 0001:00000ac0 00000072H .text$x                 CODE
 0002:00000000 000001f0H .idata$5                DATA
 0002:000001f0 000003e4H .rdata                  DATA
 0002:000005d8 000000a0H .xdata$x                DATA
 0002:00000678 00000050H .idata$2                DATA
 0002:000006c8 00000014H .idata$3                DATA
 0002:000006dc 000001f0H .idata$4                DATA
 0002:000008cc 000001f0H .idata$6                DATA
 0002:00000abc 00000000H .edata                  DATA
 0003:00000000 00000004H .CRT$XCA                DATA
 0003:00000004 00000004H .CRT$XCL                DATA
 0003:00000008 00000004H .CRT$XCU                DATA
 0003:0000000c 00000004H .CRT$XCZ                DATA
 0003:00000010 00000004H .CRT$XIA                DATA
 0003:00000014 00000004H .CRT$XIZ                DATA
 0003:00000020 00000074H .data                   DATA
 0003:00000098 00000108H .bss                    DATA
 0004:00000000 000001d8H .rsrc$01                DATA
 0004:000001e0 00000960H .rsrc$02                DATA

  Address         Publics by Value              Rva+Base     Lib:Object

 0001:00000000       ?_GetBaseMessageMap@CMsgHookInjectApp@@KGPBUAFX_MSGMAP@@XZ 00401000 f   MsgHookInject.obj
 0001:00000010       ?GetMessageMap@CMsgHookInjectApp@@MBEPBUAFX_MSGMAP@@XZ 00401010 f   MsgHookInject.obj
 0001:00000020       ??0CMsgHookInjectApp@@QAE@XZ 00401020 f   MsgHookInject.obj
 0001:00000040       ??_GCMsgHookInjectApp@@UAEPAXI@Z 00401040 f i MsgHookInject.obj
 0001:00000040       ??_ECMsgHookInjectApp@@UAEPAXI@Z 00401040 f i MsgHookInject.obj
 0001:00000060       ??1CMsgHookInjectApp@@UAE@XZ 00401060 f i MsgHookInject.obj
 0001:000000b0       ?InitInstance@CMsgHookInjectApp@@UAEHXZ 004010b0 f   MsgHookInject.obj
 0001:00000130       ??1CMsgHookInjectDlg@@UAE@XZ 00401130 f i MsgHookInject.obj
 0001:00000140       ?Serialize@CObject@@UAEXAAVCArchive@@@Z 00401140 f i MsgHookInject.obj
 0001:00000150       ?AssertValid@CObject@@UBEXXZ 00401150 f i MsgHookInject.obj
 0001:00000160       ?Dump@CObject@@UBEXAAVCDumpContext@@@Z 00401160 f i MsgHookInject.obj
 0001:00000170       ??0CAboutDlg@@QAE@XZ       00401170 f   MsgHookInjectDlg.obj
 0001:00000190       ??_ECAboutDlg@@UAEPAXI@Z   00401190 f i MsgHookInjectDlg.obj
 0001:00000190       ??_GCAboutDlg@@UAEPAXI@Z   00401190 f i MsgHookInjectDlg.obj
 0001:000001b0       ??1CAboutDlg@@UAE@XZ       004011b0 f i MsgHookInjectDlg.obj
 0001:000001c0       ?DoDataExchange@CAboutDlg@@MAEXPAVCDataExchange@@@Z 004011c0 f   MsgHookInjectDlg.obj
 0001:000001d0       ?_GetBaseMessageMap@CAboutDlg@@KGPBUAFX_MSGMAP@@XZ 004011d0 f   MsgHookInjectDlg.obj
 0001:000001e0       ?GetMessageMap@CAboutDlg@@MBEPBUAFX_MSGMAP@@XZ 004011e0 f   MsgHookInjectDlg.obj
 0001:000001f0       ??0CMsgHookInjectDlg@@QAE@PAVCWnd@@@Z 004011f0 f   MsgHookInjectDlg.obj
 0001:00000260       ??_ECMsgHookInjectDlg@@UAEPAXI@Z 00401260 f i MsgHookInjectDlg.obj
 0001:00000260       ??_GCMsgHookInjectDlg@@UAEPAXI@Z 00401260 f i MsgHookInjectDlg.obj
 0001:00000280       ?DoDataExchange@CMsgHookInjectDlg@@MAEXPAVCDataExchange@@@Z 00401280 f   MsgHookInjectDlg.obj
 0001:00000290       ?_GetBaseMessageMap@CMsgHookInjectDlg@@KGPBUAFX_MSGMAP@@XZ 00401290 f   MsgHookInjectDlg.obj
 0001:000002a0       ?GetMessageMap@CMsgHookInjectDlg@@MBEPBUAFX_MSGMAP@@XZ 004012a0 f   MsgHookInjectDlg.obj
 0001:000002b0       ?OnInitDialog@CMsgHookInjectDlg@@MAEHXZ 004012b0 f   MsgHookInjectDlg.obj
 0001:000003b0       ?OnSysCommand@CMsgHookInjectDlg@@IAEXIJ@Z 004013b0 f   MsgHookInjectDlg.obj
 0001:00000430       ?OnPaint@CMsgHookInjectDlg@@IAEXXZ 00401430 f   MsgHookInjectDlg.obj
 0001:000004f0       ?OnQueryDragIcon@CMsgHookInjectDlg@@IAEPAUHICON__@@XZ 004014f0 f   MsgHookInjectDlg.obj
 0001:00000500       ?OnButtonInstallHook@CMsgHookInjectDlg@@IAEXXZ 00401500 f   MsgHookInjectDlg.obj
 0001:00000570       ?OnButtonUninstall@CMsgHookInjectDlg@@IAEXXZ 00401570 f   MsgHookInjectDlg.obj
 0001:000005e0       ?BeginModalState@CWnd@@UAEXXZ 004015e0 f i MsgHookInjectDlg.obj
 0001:000005f0       ?EndModalState@CWnd@@UAEXXZ 004015f0 f i MsgHookInjectDlg.obj
 0001:00000600       ?OnHelp@CWinApp@@IAEXXZ    00401600 f   mfc42:MFC42.DLL
 0001:00000606       ?WinHelpA@CWinApp@@UAEXKI@Z 00401606 f   mfc42:MFC42.DLL
 0001:0000060c       ?OnDDECommand@CWinApp@@UAEHPAD@Z 0040160c f   mfc42:MFC42.DLL
 0001:00000612       ?DoWaitCursor@CWinApp@@UAEXH@Z 00401612 f   mfc42:MFC42.DLL
 0001:00000618       ?DoMessageBox@CWinApp@@UAEHPBDII@Z 00401618 f   mfc42:MFC42.DLL
 0001:0000061e       ?SaveAllModified@CWinApp@@UAEHXZ 0040161e f   mfc42:MFC42.DLL
 0001:00000624       ?InitApplication@CWinApp@@UAEHXZ 00401624 f   mfc42:MFC42.DLL
 0001:0000062a       ?AddToRecentFileList@CWinApp@@UAEXPBD@Z 0040162a f   mfc42:MFC42.DLL
 0001:00000630       ?OpenDocumentFile@CWinApp@@UAEPAVCDocument@@PBD@Z 00401630 f   mfc42:MFC42.DLL
 0001:00000636       ?Delete@CWinThread@@UAEXXZ 00401636 f   mfc42:MFC42.DLL
 0001:0000063c       ?GetMainWnd@CWinThread@@UAEPAVCWnd@@XZ 0040163c f   mfc42:MFC42.DLL
 0001:00000642       ?ProcessMessageFilter@CWinThread@@UAEHHPAUtagMSG@@@Z 00401642 f   mfc42:MFC42.DLL
 0001:00000648       ?ProcessWndProcException@CWinApp@@UAEJPAVCException@@PBUtagMSG@@@Z 00401648 f   mfc42:MFC42.DLL
 0001:0000064e       ?ExitInstance@CWinApp@@UAEHXZ 0040164e f   mfc42:MFC42.DLL
 0001:00000654       ?IsIdleMessage@CWinThread@@UAEHPAUtagMSG@@@Z 00401654 f   mfc42:MFC42.DLL
 0001:0000065a       ?OnIdle@CWinApp@@UAEHJ@Z   0040165a f   mfc42:MFC42.DLL
 0001:00000660       ?PumpMessage@CWinThread@@UAEHXZ 00401660 f   mfc42:MFC42.DLL
 0001:00000666       ?PreTranslateMessage@CWinThread@@UAEHPAUtagMSG@@@Z 00401666 f   mfc42:MFC42.DLL
 0001:0000066c       ?Run@CWinApp@@UAEHXZ       0040166c f   mfc42:MFC42.DLL
 0001:00000672       ?GetConnectionHook@CCmdTarget@@MAEPAUIConnectionPoint@@ABU_GUID@@@Z 00401672 f   mfc42:MFC42.DLL
 0001:00000678       ?GetExtraConnectionPoints@CCmdTarget@@MAEHPAVCPtrArray@@@Z 00401678 f   mfc42:MFC42.DLL
 0001:0000067e       ?GetInterfaceHook@CCmdTarget@@UAEPAUIUnknown@@PBX@Z 0040167e f   mfc42:MFC42.DLL
 0001:00000684       ?OnCreateAggregates@CCmdTarget@@UAEHXZ 00401684 f   mfc42:MFC42.DLL
 0001:0000068a       ?GetEventSinkMap@CCmdTarget@@MBEPBUAFX_EVENTSINKMAP@@XZ 0040168a f   mfc42:MFC42.DLL
 0001:00000690       ?GetInterfaceMap@CCmdTarget@@MBEPBUAFX_INTERFACEMAP@@XZ 00401690 f   mfc42:MFC42.DLL
 0001:00000696       ?GetConnectionMap@CCmdTarget@@MBEPBUAFX_CONNECTIONMAP@@XZ 00401696 f   mfc42:MFC42.DLL
 0001:0000069c       ?GetDispatchMap@CCmdTarget@@MBEPBUAFX_DISPMAP@@XZ 0040169c f   mfc42:MFC42.DLL
 0001:000006a2       ?GetCommandMap@CCmdTarget@@MBEPBUAFX_OLECMDMAP@@XZ 004016a2 f   mfc42:MFC42.DLL
 0001:000006a8       ?GetTypeLib@CCmdTarget@@UAEJKPAPAUITypeLib@@@Z 004016a8 f   mfc42:MFC42.DLL
 0001:000006ae       ?GetTypeLibCache@CCmdTarget@@UAEPAVCTypeLibCache@@XZ 004016ae f   mfc42:MFC42.DLL
 0001:000006b4       ?GetTypeInfoCount@CCmdTarget@@UAEIXZ 004016b4 f   mfc42:MFC42.DLL
 0001:000006ba       ?GetDispatchIID@CCmdTarget@@UAEHPAU_GUID@@@Z 004016ba f   mfc42:MFC42.DLL
 0001:000006c0       ?IsInvokeAllowed@CCmdTarget@@UAEHJ@Z 004016c0 f   mfc42:MFC42.DLL
 0001:000006c6       ?OnFinalRelease@CCmdTarget@@UAEXXZ 004016c6 f   mfc42:MFC42.DLL
 0001:000006cc       ?OnCmdMsg@CCmdTarget@@UAEHIHPAXPAUAFX_CMDHANDLERINFO@@@Z 004016cc f   mfc42:MFC42.DLL
 0001:000006d2       ?GetRuntimeClass@CWinApp@@UBEPAUCRuntimeClass@@XZ 004016d2 f   mfc42:MFC42.DLL
 0001:000006d8       ??0CWinApp@@QAE@PBD@Z      004016d8 f   mfc42:MFC42.DLL
 0001:000006de       ??3@YAXPAX@Z               004016de f   mfc42:MFC42.DLL
 0001:000006e4       ??1CWinApp@@UAE@XZ         004016e4 f   mfc42:MFC42.DLL
 0001:000006ea       ??1CDialog@@UAE@XZ         004016ea f   mfc42:MFC42.DLL
 0001:000006f0       ?DoModal@CDialog@@UAEHXZ   004016f0 f   mfc42:MFC42.DLL
 0001:000006f6       ?Enable3dControls@CWinApp@@IAEHXZ 004016f6 f   mfc42:MFC42.DLL
 0001:000006fc       ?AfxEnableControlContainer@@YAXPAVCOccManager@@@Z 004016fc f   mfc42:MFC42.DLL
 0001:00000702       ?PreInitDialog@CDialog@@MAEXXZ 00401702 f   mfc42:MFC42.DLL
 0001:00000708       ?OnCancel@CDialog@@MAEXXZ  00401708 f   mfc42:MFC42.DLL
 0001:0000070e       ?OnOK@CDialog@@MAEXXZ      0040170e f   mfc42:MFC42.DLL
 0001:00000714       ?OnSetFont@CDialog@@UAEXPAVCFont@@@Z 00401714 f   mfc42:MFC42.DLL
 0001:0000071a       ?OnInitDialog@CDialog@@UAEHXZ 0040171a f   mfc42:MFC42.DLL
 0001:00000720       ?SetOccDialogInfo@CDialog@@MAEHPAU_AFX_OCC_DIALOG_INFO@@@Z 00401720 f   mfc42:MFC42.DLL
 0001:00000726       ?IsFrameWnd@CWnd@@UBEHXZ   00401726 f   mfc42:MFC42.DLL
 0001:0000072c       ?CheckAutoCenter@CDialog@@UAEHXZ 0040172c f   mfc42:MFC42.DLL
 0001:00000732       ?OnChildNotify@CWnd@@MAEHIIJPAJ@Z 00401732 f   mfc42:MFC42.DLL
 0001:00000738       ?PostNcDestroy@CWnd@@MAEXXZ 00401738 f   mfc42:MFC42.DLL
 0001:0000073e       ?DefWindowProcA@CWnd@@MAEJIIJ@Z 0040173e f   mfc42:MFC42.DLL
 0001:00000744       ?OnWndMsg@CWnd@@MAEHIIJPAJ@Z 00401744 f   mfc42:MFC42.DLL
 0001:0000074a       ?WindowProc@CWnd@@MAEJIIJ@Z 0040174a f   mfc42:MFC42.DLL
 0001:00000750       ?OnAmbientProperty@CWnd@@UAEHPAVCOleControlSite@@JPAUtagVARIANT@@@Z 00401750 f   mfc42:MFC42.DLL
 0001:00000756       ?PreTranslateMessage@CDialog@@UAEHPAUtagMSG@@@Z 00401756 f   mfc42:MFC42.DLL
 0001:0000075c       ?GetSuperWndProcAddr@CWnd@@MAEPAP6GJPAUHWND__@@IIJ@ZXZ 0040175c f   mfc42:MFC42.DLL
 0001:00000762       ?OnNotify@CWnd@@MAEHIJPAJ@Z 00401762 f   mfc42:MFC42.DLL
 0001:00000768       ?OnCommand@CWnd@@MAEHIJ@Z  00401768 f   mfc42:MFC42.DLL
 0001:0000076e       ?EndModalLoop@CWnd@@UAEXH@Z 0040176e f   mfc42:MFC42.DLL
 0001:00000774       ?ContinueModal@CWnd@@UAEHXZ 00401774 f   mfc42:MFC42.DLL
 0001:0000077a       ?WinHelpA@CWnd@@UAEXKI@Z   0040177a f   mfc42:MFC42.DLL
 0001:00000780       ?GetScrollBarCtrl@CWnd@@UBEPAVCScrollBar@@H@Z 00401780 f   mfc42:MFC42.DLL
 0001:00000786       ?OnToolHitTest@CWnd@@UBEHVCPoint@@PAUtagTOOLINFOA@@@Z 00401786 f   mfc42:MFC42.DLL
 0001:0000078c       ?CalcWindowRect@CWnd@@UAEXPAUtagRECT@@I@Z 0040178c f   mfc42:MFC42.DLL
 0001:00000792       ?PreCreateWindow@CWnd@@UAEHAAUtagCREATESTRUCTA@@@Z 00401792 f   mfc42:MFC42.DLL
 0001:00000798       ?DestroyWindow@CWnd@@UAEHXZ 00401798 f   mfc42:MFC42.DLL
 0001:0000079e       ?Create@CWnd@@UAEHPBD0KABUtagRECT@@PAV1@IPAUCCreateContext@@@Z 0040179e f   mfc42:MFC42.DLL
 0001:000007a4       ?PreSubclassWindow@CWnd@@UAEXXZ 004017a4 f   mfc42:MFC42.DLL
 0001:000007aa       ?OnFinalRelease@CWnd@@UAEXXZ 004017aa f   mfc42:MFC42.DLL
 0001:000007b0       ?OnCmdMsg@CDialog@@UAEHIHPAXPAUAFX_CMDHANDLERINFO@@@Z 004017b0 f   mfc42:MFC42.DLL
 0001:000007b6       ?GetRuntimeClass@CDialog@@UBEPAUCRuntimeClass@@XZ 004017b6 f   mfc42:MFC42.DLL
 0001:000007bc       ??0CDialog@@QAE@IPAVCWnd@@@Z 004017bc f   mfc42:MFC42.DLL
 0001:000007c2       ?AfxFindResourceHandle@@YGPAUHINSTANCE__@@PBD0@Z 004017c2 f   mfc42:MFC42.DLL
 0001:000007c8       ?AfxGetModuleState@@YGPAVAFX_MODULE_STATE@@XZ 004017c8 f   mfc42:MFC42.DLL
 0001:000007ce       ?EnableWindow@CWnd@@QAEHH@Z 004017ce f   mfc42:MFC42.DLL
 0001:000007d4       ?GetDlgItem@CWnd@@QBEPAV1@H@Z 004017d4 f   mfc42:MFC42.DLL
 0001:000007da       ??1CString@@QAE@XZ         004017da f   mfc42:MFC42.DLL
 0001:000007e0       ?LoadStringA@CString@@QAEHI@Z 004017e0 f   mfc42:MFC42.DLL
 0001:000007e6       ??0CString@@QAE@XZ         004017e6 f   mfc42:MFC42.DLL
 0001:000007ec       ?FromHandle@CMenu@@SGPAV1@PAUHMENU__@@@Z 004017ec f   mfc42:MFC42.DLL
 0001:000007f2       ?Default@CWnd@@IAEJXZ      004017f2 f   mfc42:MFC42.DLL
 0001:000007f8       ??1CPaintDC@@UAE@XZ        004017f8 f   mfc42:MFC42.DLL
 0001:000007fe       ??0CPaintDC@@QAE@PAVCWnd@@@Z 004017fe f   mfc42:MFC42.DLL
 0001:00000804       ?AfxMessageBox@@YGHPBDII@Z 00401804 f   mfc42:MFC42.DLL
 0001:0000080a       __onexit                   0040180a f   msvcrt:atonexit.obj
 0001:00000836       _atexit                    00401836 f   msvcrt:atonexit.obj
 0001:00000848       ___CxxFrameHandler         00401848 f   msvcrt:MSVCRT.dll
 0001:00000850       _WinMainCRTStartup         00401850 f   msvcrt:crtexew.obj
 0001:000009ae       ___dllonexit               004019ae f   msvcrt:MSVCRT.dll
 0001:000009b4       __exit                     004019b4 f   msvcrt:MSVCRT.dll
 0001:000009ba       __XcptFilter               004019ba f   msvcrt:MSVCRT.dll
 0001:000009c0       _exit                      004019c0 f   msvcrt:MSVCRT.dll
 0001:000009c6       ___getmainargs             004019c6 f   msvcrt:MSVCRT.dll
 0001:000009cc       __initterm                 004019cc f   msvcrt:MSVCRT.dll
 0001:000009d2       __setdefaultprecision      004019d2 f   msvcrt:fp8.obj
 0001:000009e4       ___setusermatherr          004019e4 f   msvcrt:MSVCRT.dll
 0001:000009ea       __matherr                  004019ea f   msvcrt:merr.obj
 0001:000009ed       __setargv                  004019ed f   msvcrt:dllargv.obj
 0001:000009ee       ___p__commode              004019ee f   msvcrt:MSVCRT.dll
 0001:000009f4       ___p__fmode                004019f4 f   msvcrt:MSVCRT.dll
 0001:000009fa       ___set_app_type            004019fa f   msvcrt:MSVCRT.dll
 0001:00000a00       __except_handler3          00401a00 f   msvcrt:MSVCRT.dll
 0001:00000a06       __controlfp                00401a06 f   msvcrt:MSVCRT.dll
 0001:00000a0c       _GetProcAddress@8          00401a0c f   kernel32:KERNEL32.dll
 0001:00000a12       _LoadLibraryA@4            00401a12 f   kernel32:KERNEL32.dll
 0001:00000a18       _GetModuleHandleA@4        00401a18 f   kernel32:KERNEL32.dll
 0001:00000a1e       _GetStartupInfoA@4         00401a1e f   kernel32:KERNEL32.dll
 0001:00000a24       _LoadIconA@8               00401a24 f   user32:USER32.dll
 0001:00000a2a       _SendMessageA@16           00401a2a f   user32:USER32.dll
 0001:00000a30       _AppendMenuA@16            00401a30 f   user32:USER32.dll
 0001:00000a36       _GetSystemMenu@8           00401a36 f   user32:USER32.dll
 0001:00000a3c       _DrawIcon@16               00401a3c f   user32:USER32.dll
 0001:00000a42       _GetClientRect@8           00401a42 f   user32:USER32.dll
 0001:00000a48       _GetSystemMetrics@4        00401a48 f   user32:USER32.dll
 0001:00000a4e       _IsIconic@4                00401a4e f   user32:USER32.dll
 0001:00000a54       _EnableWindow@8            00401a54 f   user32:USER32.dll
 0001:00000a5a       _WinMain@16                00401a5a f   mfcs42:appmodul.obj
 0001:00000a72       ?AfxInitialize@@YGHHK@Z    00401a72 f   mfcs42:appmodul.obj
 0001:00000ab2       __setmbcp                  00401ab2 f   msvcrt:MSVCRT.dll
 0001:00000ab8       ?AfxWinMain@@YGHPAUHINSTANCE__@@0PADH@Z 00401ab8 f   mfc42:MFC42.DLL
 0002:00000000       __imp__GetProcAddress@8    00402000     kernel32:KERNEL32.dll
 0002:00000004       __imp__GetModuleHandleA@4  00402004     kernel32:KERNEL32.dll
 0002:00000008       __imp__GetStartupInfoA@4   00402008     kernel32:KERNEL32.dll
 0002:0000000c       __imp__LoadLibraryA@4      0040200c     kernel32:KERNEL32.dll
 0002:00000010       \177KERNEL32_NULL_THUNK_DATA 00402010     kernel32:KERNEL32.dll
 0002:00000014       __imp_?DoMessageBox@CWinApp@@UAEHPBDII@Z 00402014     mfc42:MFC42.DLL
 0002:00000018       __imp_?SaveAllModified@CWinApp@@UAEHXZ 00402018     mfc42:MFC42.DLL
 0002:0000001c       __imp_?InitApplication@CWinApp@@UAEHXZ 0040201c     mfc42:MFC42.DLL
 0002:00000020       __imp_?AddToRecentFileList@CWinApp@@UAEXPBD@Z 00402020     mfc42:MFC42.DLL
 0002:00000024       __imp_?OpenDocumentFile@CWinApp@@UAEPAVCDocument@@PBD@Z 00402024     mfc42:MFC42.DLL
 0002:00000028       __imp_?Delete@CWinThread@@UAEXXZ 00402028     mfc42:MFC42.DLL
 0002:0000002c       __imp_?GetMainWnd@CWinThread@@UAEPAVCWnd@@XZ 0040202c     mfc42:MFC42.DLL
 0002:00000030       __imp_?ProcessMessageFilter@CWinThread@@UAEHHPAUtagMSG@@@Z 00402030     mfc42:MFC42.DLL
 0002:00000034       __imp_?ProcessWndProcException@CWinApp@@UAEJPAVCException@@PBUtagMSG@@@Z 00402034     mfc42:MFC42.DLL
 0002:00000038       __imp_?ExitInstance@CWinApp@@UAEHXZ 00402038     mfc42:MFC42.DLL
 0002:0000003c       __imp_?IsIdleMessage@CWinThread@@UAEHPAUtagMSG@@@Z 0040203c     mfc42:MFC42.DLL
 0002:00000040       __imp_?OnIdle@CWinApp@@UAEHJ@Z 00402040     mfc42:MFC42.DLL
 0002:00000044       __imp_?PumpMessage@CWinThread@@UAEHXZ 00402044     mfc42:MFC42.DLL
 0002:00000048       __imp_?PreTranslateMessage@CWinThread@@UAEHPAUtagMSG@@@Z 00402048     mfc42:MFC42.DLL
 0002:0000004c       __imp_?Run@CWinApp@@UAEHXZ 0040204c     mfc42:MFC42.DLL
 0002:00000050       __imp_?GetConnectionHook@CCmdTarget@@MAEPAUIConnectionPoint@@ABU_GUID@@@Z 00402050     mfc42:MFC42.DLL
 0002:00000054       __imp_?GetExtraConnectionPoints@CCmdTarget@@MAEHPAVCPtrArray@@@Z 00402054     mfc42:MFC42.DLL
 0002:00000058       __imp_?GetInterfaceHook@CCmdTarget@@UAEPAUIUnknown@@PBX@Z 00402058     mfc42:MFC42.DLL
 0002:0000005c       __imp_?OnCreateAggregates@CCmdTarget@@UAEHXZ 0040205c     mfc42:MFC42.DLL
 0002:00000060       __imp_?GetEventSinkMap@CCmdTarget@@MBEPBUAFX_EVENTSINKMAP@@XZ 00402060     mfc42:MFC42.DLL
 0002:00000064       __imp_?GetInterfaceMap@CCmdTarget@@MBEPBUAFX_INTERFACEMAP@@XZ 00402064     mfc42:MFC42.DLL
 0002:00000068       __imp_?GetConnectionMap@CCmdTarget@@MBEPBUAFX_CONNECTIONMAP@@XZ 00402068     mfc42:MFC42.DLL
 0002:0000006c       __imp_?GetDispatchMap@CCmdTarget@@MBEPBUAFX_DISPMAP@@XZ 0040206c     mfc42:MFC42.DLL
 0002:00000070       __imp_?GetCommandMap@CCmdTarget@@MBEPBUAFX_OLECMDMAP@@XZ 00402070     mfc42:MFC42.DLL
 0002:00000074       __imp_?GetTypeLib@CCmdTarget@@UAEJKPAPAUITypeLib@@@Z 00402074     mfc42:MFC42.DLL
 0002:00000078       __imp_?GetTypeLibCache@CCmdTarget@@UAEPAVCTypeLibCache@@XZ 00402078     mfc42:MFC42.DLL
 0002:0000007c       __imp_?GetTypeInfoCount@CCmdTarget@@UAEIXZ 0040207c     mfc42:MFC42.DLL
 0002:00000080       __imp_?GetDispatchIID@CCmdTarget@@UAEHPAU_GUID@@@Z 00402080     mfc42:MFC42.DLL
 0002:00000084       __imp_?IsInvokeAllowed@CCmdTarget@@UAEHJ@Z 00402084     mfc42:MFC42.DLL
 0002:00000088       __imp_?OnFinalRelease@CCmdTarget@@UAEXXZ 00402088     mfc42:MFC42.DLL
 0002:0000008c       __imp_?OnCmdMsg@CCmdTarget@@UAEHIHPAXPAUAFX_CMDHANDLERINFO@@@Z 0040208c     mfc42:MFC42.DLL
 0002:00000090       __imp_?GetRuntimeClass@CWinApp@@UBEPAUCRuntimeClass@@XZ 00402090     mfc42:MFC42.DLL
 0002:00000094       __imp_??0CWinApp@@QAE@PBD@Z 00402094     mfc42:MFC42.DLL
 0002:00000098       __imp_??3@YAXPAX@Z         00402098     mfc42:MFC42.DLL
 0002:0000009c       __imp_??1CWinApp@@UAE@XZ   0040209c     mfc42:MFC42.DLL
 0002:000000a0       __imp_??1CDialog@@UAE@XZ   004020a0     mfc42:MFC42.DLL
 0002:000000a4       __imp_?DoModal@CDialog@@UAEHXZ 004020a4     mfc42:MFC42.DLL
 0002:000000a8       __imp_?Enable3dControls@CWinApp@@IAEHXZ 004020a8     mfc42:MFC42.DLL
 0002:000000ac       __imp_?AfxEnableControlContainer@@YAXPAVCOccManager@@@Z 004020ac     mfc42:MFC42.DLL
 0002:000000b0       __imp_?PreInitDialog@CDialog@@MAEXXZ 004020b0     mfc42:MFC42.DLL
 0002:000000b4       __imp_?OnCancel@CDialog@@MAEXXZ 004020b4     mfc42:MFC42.DLL
 0002:000000b8       __imp_?OnOK@CDialog@@MAEXXZ 004020b8     mfc42:MFC42.DLL
 0002:000000bc       __imp_?DoWaitCursor@CWinApp@@UAEXH@Z 004020bc     mfc42:MFC42.DLL
 0002:000000c0       __imp_?OnInitDialog@CDialog@@UAEHXZ 004020c0     mfc42:MFC42.DLL
 0002:000000c4       __imp_?SetOccDialogInfo@CDialog@@MAEHPAU_AFX_OCC_DIALOG_INFO@@@Z 004020c4     mfc42:MFC42.DLL
 0002:000000c8       __imp_?IsFrameWnd@CWnd@@UBEHXZ 004020c8     mfc42:MFC42.DLL
 0002:000000cc       __imp_?CheckAutoCenter@CDialog@@UAEHXZ 004020cc     mfc42:MFC42.DLL
 0002:000000d0       __imp_?OnChildNotify@CWnd@@MAEHIIJPAJ@Z 004020d0     mfc42:MFC42.DLL
 0002:000000d4       __imp_?PostNcDestroy@CWnd@@MAEXXZ 004020d4     mfc42:MFC42.DLL
 0002:000000d8       __imp_?DefWindowProcA@CWnd@@MAEJIIJ@Z 004020d8     mfc42:MFC42.DLL
 0002:000000dc       __imp_?OnWndMsg@CWnd@@MAEHIIJPAJ@Z 004020dc     mfc42:MFC42.DLL
 0002:000000e0       __imp_?WindowProc@CWnd@@MAEJIIJ@Z 004020e0     mfc42:MFC42.DLL
 0002:000000e4       __imp_?OnAmbientProperty@CWnd@@UAEHPAVCOleControlSite@@JPAUtagVARIANT@@@Z 004020e4     mfc42:MFC42.DLL
 0002:000000e8       __imp_?PreTranslateMessage@CDialog@@UAEHPAUtagMSG@@@Z 004020e8     mfc42:MFC42.DLL
 0002:000000ec       __imp_?GetSuperWndProcAddr@CWnd@@MAEPAP6GJPAUHWND__@@IIJ@ZXZ 004020ec     mfc42:MFC42.DLL
 0002:000000f0       __imp_?OnNotify@CWnd@@MAEHIJPAJ@Z 004020f0     mfc42:MFC42.DLL
 0002:000000f4       __imp_?OnCommand@CWnd@@MAEHIJ@Z 004020f4     mfc42:MFC42.DLL
 0002:000000f8       __imp_?EndModalLoop@CWnd@@UAEXH@Z 004020f8     mfc42:MFC42.DLL
 0002:000000fc       __imp_?ContinueModal@CWnd@@UAEHXZ 004020fc     mfc42:MFC42.DLL
 0002:00000100       __imp_?WinHelpA@CWnd@@UAEXKI@Z 00402100     mfc42:MFC42.DLL
 0002:00000104       __imp_?GetScrollBarCtrl@CWnd@@UBEPAVCScrollBar@@H@Z 00402104     mfc42:MFC42.DLL
 0002:00000108       __imp_?OnToolHitTest@CWnd@@UBEHVCPoint@@PAUtagTOOLINFOA@@@Z 00402108     mfc42:MFC42.DLL
 0002:0000010c       __imp_?CalcWindowRect@CWnd@@UAEXPAUtagRECT@@I@Z 0040210c     mfc42:MFC42.DLL
 0002:00000110       __imp_?PreCreateWindow@CWnd@@UAEHAAUtagCREATESTRUCTA@@@Z 00402110     mfc42:MFC42.DLL
 0002:00000114       __imp_?DestroyWindow@CWnd@@UAEHXZ 00402114     mfc42:MFC42.DLL
 0002:00000118       __imp_?Create@CWnd@@UAEHPBD0KABUtagRECT@@PAV1@IPAUCCreateContext@@@Z 00402118     mfc42:MFC42.DLL
 0002:0000011c       __imp_?PreSubclassWindow@CWnd@@UAEXXZ 0040211c     mfc42:MFC42.DLL
 0002:00000120       __imp_?OnFinalRelease@CWnd@@UAEXXZ 00402120     mfc42:MFC42.DLL
 0002:00000124       __imp_?OnCmdMsg@CDialog@@UAEHIHPAXPAUAFX_CMDHANDLERINFO@@@Z 00402124     mfc42:MFC42.DLL
 0002:00000128       __imp_?GetRuntimeClass@CDialog@@UBEPAUCRuntimeClass@@XZ 00402128     mfc42:MFC42.DLL
 0002:0000012c       __imp_??0CDialog@@QAE@IPAVCWnd@@@Z 0040212c     mfc42:MFC42.DLL
 0002:00000130       __imp_?messageMap@CDialog@@1UAFX_MSGMAP@@B 00402130     mfc42:MFC42.DLL
 0002:00000134       __imp_?AfxFindResourceHandle@@YGPAUHINSTANCE__@@PBD0@Z 00402134     mfc42:MFC42.DLL
 0002:00000138       __imp_?AfxGetModuleState@@YGPAVAFX_MODULE_STATE@@XZ 00402138     mfc42:MFC42.DLL
 0002:0000013c       __imp_?EnableWindow@CWnd@@QAEHH@Z 0040213c     mfc42:MFC42.DLL
 0002:00000140       __imp_?GetDlgItem@CWnd@@QBEPAV1@H@Z 00402140     mfc42:MFC42.DLL
 0002:00000144       __imp_??1CString@@QAE@XZ   00402144     mfc42:MFC42.DLL
 0002:00000148       __imp_?LoadStringA@CString@@QAEHI@Z 00402148     mfc42:MFC42.DLL
 0002:0000014c       __imp_??0CString@@QAE@XZ   0040214c     mfc42:MFC42.DLL
 0002:00000150       __imp_?FromHandle@CMenu@@SGPAV1@PAUHMENU__@@@Z 00402150     mfc42:MFC42.DLL
 0002:00000154       __imp_?Default@CWnd@@IAEJXZ 00402154     mfc42:MFC42.DLL
 0002:00000158       __imp_??1CPaintDC@@UAE@XZ  00402158     mfc42:MFC42.DLL
 0002:0000015c       __imp_??0CPaintDC@@QAE@PAVCWnd@@@Z 0040215c     mfc42:MFC42.DLL
 0002:00000160       __imp_?AfxMessageBox@@YGHPBDII@Z 00402160     mfc42:MFC42.DLL
 0002:00000164       __imp_?OnDDECommand@CWinApp@@UAEHPAD@Z 00402164     mfc42:MFC42.DLL
 0002:00000168       __imp_?WinHelpA@CWinApp@@UAEXKI@Z 00402168     mfc42:MFC42.DLL
 0002:0000016c       __imp_?messageMap@CWinApp@@1UAFX_MSGMAP@@B 0040216c     mfc42:MFC42.DLL
 0002:00000170       __imp_?OnSetFont@CDialog@@UAEXPAVCFont@@@Z 00402170     mfc42:MFC42.DLL
 0002:00000174       __imp_?OnHelp@CWinApp@@IAEXXZ 00402174     mfc42:MFC42.DLL
 0002:00000178       __imp_?AfxWinMain@@YGHPAUHINSTANCE__@@0PADH@Z 00402178     mfc42:MFC42.DLL
 0002:0000017c       \177MFC42_NULL_THUNK_DATA  0040217c     mfc42:MFC42.DLL
 0002:00000180       __imp___acmdln             00402180     msvcrt:MSVCRT.dll
 0002:00000184       __imp____getmainargs       00402184     msvcrt:MSVCRT.dll
 0002:00000188       __imp___initterm           00402188     msvcrt:MSVCRT.dll
 0002:0000018c       __imp____setusermatherr    0040218c     msvcrt:MSVCRT.dll
 0002:00000190       __imp___adjust_fdiv        00402190     msvcrt:MSVCRT.dll
 0002:00000194       __imp____p__commode        00402194     msvcrt:MSVCRT.dll
 0002:00000198       __imp____p__fmode          00402198     msvcrt:MSVCRT.dll
 0002:0000019c       __imp____set_app_type      0040219c     msvcrt:MSVCRT.dll
 0002:000001a0       __imp___except_handler3    004021a0     msvcrt:MSVCRT.dll
 0002:000001a4       __imp___controlfp          004021a4     msvcrt:MSVCRT.dll
 0002:000001a8       __imp___XcptFilter         004021a8     msvcrt:MSVCRT.dll
 0002:000001ac       __imp___exit               004021ac     msvcrt:MSVCRT.dll
 0002:000001b0       __imp___onexit             004021b0     msvcrt:MSVCRT.dll
 0002:000001b4       __imp____dllonexit         004021b4     msvcrt:MSVCRT.dll
 0002:000001b8       __imp____CxxFrameHandler   004021b8     msvcrt:MSVCRT.dll
 0002:000001bc       __imp___setmbcp            004021bc     msvcrt:MSVCRT.dll
 0002:000001c0       __imp__exit                004021c0     msvcrt:MSVCRT.dll
 0002:000001c4       \177MSVCRT_NULL_THUNK_DATA 004021c4     msvcrt:MSVCRT.dll
 0002:000001c8       __imp__AppendMenuA@16      004021c8     user32:USER32.dll
 0002:000001cc       __imp__GetSystemMenu@8     004021cc     user32:USER32.dll
 0002:000001d0       __imp__DrawIcon@16         004021d0     user32:USER32.dll
 0002:000001d4       __imp__GetClientRect@8     004021d4     user32:USER32.dll
 0002:000001d8       __imp__GetSystemMetrics@4  004021d8     user32:USER32.dll
 0002:000001dc       __imp__IsIconic@4          004021dc     user32:USER32.dll
 0002:000001e0       __imp__EnableWindow@8      004021e0     user32:USER32.dll
 0002:000001e4       __imp__LoadIconA@8         004021e4     user32:USER32.dll
 0002:000001e8       __imp__SendMessageA@16     004021e8     user32:USER32.dll
 0002:000001ec       \177USER32_NULL_THUNK_DATA 004021ec     user32:USER32.dll
 0002:00000210       ?messageMap@CMsgHookInjectApp@@1UAFX_MSGMAP@@B 00402210     MsgHookInject.obj
 0002:00000218       ?_messageEntries@CMsgHookInjectApp@@0QBUAFX_MSGMAP_ENTRY@@B 00402218     MsgHookInject.obj
 0002:00000248       ??_7CMsgHookInjectApp@@6B@ 00402248     MsgHookInject.obj
 0002:000002f0       ?messageMap@CAboutDlg@@1UAFX_MSGMAP@@B 004022f0     MsgHookInjectDlg.obj
 0002:000002f8       ?_messageEntries@CAboutDlg@@0QBUAFX_MSGMAP_ENTRY@@B 004022f8     MsgHookInjectDlg.obj
 0002:00000310       ?messageMap@CMsgHookInjectDlg@@1UAFX_MSGMAP@@B 00402310     MsgHookInjectDlg.obj
 0002:00000318       ?_messageEntries@CMsgHookInjectDlg@@0QBUAFX_MSGMAP_ENTRY@@B 00402318     MsgHookInjectDlg.obj
 0002:000003a8       ??_7CAboutDlg@@6B@         004023a8     MsgHookInjectDlg.obj
 0002:00000480       ??_7CMsgHookInjectDlg@@6B@ 00402480     MsgHookInjectDlg.obj
 0002:00000558       _IID_IDocHostUIHandlerDispatch 00402558     mfcs42:stdafx.obj
 0002:00000568       _IID_IInternalConnection   00402568     mfcs42:stdafx.obj
 0002:00000578       _IID_IAxWinAmbientDispatch 00402578     mfcs42:stdafx.obj
 0002:00000588       _IID_IAxWinHostWindow      00402588     mfcs42:stdafx.obj
 0002:00000598       _IID_IRegistrar            00402598     mfcs42:stdafx.obj
 0002:000005a8       _CLSID_Registrar           004025a8     mfcs42:stdafx.obj
 0002:000005b8       _LIBID_ATLLib              004025b8     mfcs42:stdafx.obj
 0002:00000678       __IMPORT_DESCRIPTOR_MFC42  00402678     mfc42:MFC42.DLL
 0002:0000068c       __IMPORT_DESCRIPTOR_MSVCRT 0040268c     msvcrt:MSVCRT.dll
 0002:000006a0       __IMPORT_DESCRIPTOR_KERNEL32 004026a0     kernel32:KERNEL32.dll
 0002:000006b4       __IMPORT_DESCRIPTOR_USER32 004026b4     user32:USER32.dll
 0002:000006c8       __NULL_IMPORT_DESCRIPTOR   004026c8     mfc42:MFC42.DLL
 0003:00000000       ___xc_a                    00403000     msvcrt:cinitexe.obj
 0003:0000000c       ___xc_z                    0040300c     msvcrt:cinitexe.obj
 0003:00000010       ___xi_a                    00403010     msvcrt:cinitexe.obj
 0003:00000014       ___xi_z                    00403014     msvcrt:cinitexe.obj
 0003:00000020       ??_C@_0O@PACJ@Hook?$LA?$LC?W?$LA?M?j?$LB?O?$CB?$AA@ 00403020     MsgHookInjectDlg.obj
 0003:00000030       ??_C@_0M@MMNI@InstallHook?$AA@ 00403030     MsgHookInjectDlg.obj
 0003:0000003c       ??_C@_0BF@CCM@?$LM?S?T?XMsgHook?4dll?J?$KH?$LA?$NM?$CB?$AA@ 0040303c     MsgHookInjectDlg.obj
 0003:00000054       ??_C@_0M@PLDI@MsgHook?4dll?$AA@ 00403054     MsgHookInjectDlg.obj
 0003:00000060       ??_C@_0O@JCP@Hook?P?$LG?T?X?M?j?$LB?O?$CB?$AA@ 00403060     MsgHookInjectDlg.obj
 0003:00000070       ??_C@_0O@FBHP@UnInstallHook?$AA@ 00403070     MsgHookInjectDlg.obj
 0003:00000080       ?GUID_ATLVer30@ATL@@3U_GUID@@A 00403080     mfcs42:stdafx.obj
 0003:00000090       ___defaultmatherr          00403090     msvcrt:merr.obj
 0003:00000098       ?theApp@@3VCMsgHookInjectApp@@A 00403098     MsgHookInject.obj
 0003:0000015c       __afxForceEXCLUDE          0040315c     mfcs42:nolib.obj
 0003:00000160       ?ATL_CREATE_OBJECT@CComApartment@ATL@@2IA 00403160     mfcs42:stdafx.obj
 0003:00000168       ?m_libid@CComModule@ATL@@2U_GUID@@A 00403168     mfcs42:stdafx.obj
 0003:00000178       ?_pModule@ATL@@3PAVCComModule@1@A 00403178     mfcs42:stdafx.obj
 0003:0000017c       __afxForceSTDAFX           0040317c     mfcs42:stdafx.obj
 0003:00000180       __dowildcard               00403180     msvcrt:wildcard.obj
 0003:00000184       __newmode                  00403184     msvcrt:_newmode.obj
 0003:00000188       __commode                  00403188     msvcrt:xncommod.obj
 0003:0000018c       __fmode                    0040318c     msvcrt:xtxtmode.obj
 0003:00000190       ?_afxInitAppState@@3DA     00403190     mfcs42:appmodul.obj
 0003:00000194       __adjust_fdiv              00403194     <common>
 0003:00000198       ___onexitend               00403198     <common>
 0003:0000019c       ___onexitbegin             0040319c     <common>

 entry point at        0001:00000850

 Static symbols

 0001:00000070       _$E207                     00401070 f   MsgHookInject.obj
 0001:00000080       _$E204                     00401080 f   MsgHookInject.obj
 0001:00000090       _$E206                     00401090 f   MsgHookInject.obj
 0001:000000a0       _$E205                     004010a0 f   MsgHookInject.obj
 0001:00000a9b       _$E373                     00401a9b f   mfcs42:appmodul.obj
 0001:00000aa0       _$E372                     00401aa0 f   mfcs42:appmodul.obj
