     1                                           ;代码清单13-3
     2                                           ;文件名：c13.asm
     3                                           ;文件说明：用户程序 
     4                                           ;创建日期：2011-10-30 15:19   
     5                                           
     6                                  ;===============================================================================
     7                                  SECTION header vstart=0
     8                                  
     9 00000000 [00000000]                       program_length   dd program_end          ;程序总长度#0x00
    10                                           
    11 00000004 [28030000]                       head_len         dd header_end           ;程序头部的长度#0x04
    12                                  
    13 00000008 00000000                         stack_seg        dd 0                    ;用于接收堆栈段选择子#0x08
    14 0000000C 01000000                         stack_len        dd 1                    ;程序建议的堆栈大小#0x0c
    15                                                                                    ;以4KB为单位
    16                                                                                    
    17 00000010 [00000000]                       prgentry         dd start                ;程序入口#0x10 
    18 00000014 [00000000]                       code_seg         dd section.code.start   ;代码段位置#0x14
    19 00000018 [53000000]                       code_len         dd code_end             ;代码段长度#0x18
    20                                  
    21 0000001C [00000000]                       data_seg         dd section.data.start   ;数据段位置#0x1c
    22 00000020 [40040000]                       data_len         dd data_end             ;数据段长度#0x20
    23                                               
    24                                  ;-------------------------------------------------------------------------------
    25                                           ;符号地址检索表
    26 00000024 03000000                         salt_items       dd (header_end-salt)/256 ;#0x24
    27                                           
    28                                           salt:                                     ;#0x28
    29 00000028 405072696E74537472-              PrintString      db  '@PrintString'
    30 00000031 696E67             
    31 00000034 00<rept>                                     times 256-($-PrintString) db 0
    32                                                       
    33 00000128 405465726D696E6174-              TerminateProgram db  '@TerminateProgram'
    34 00000131 6550726F6772616D   
    35 00000139 00<rept>                                     times 256-($-TerminateProgram) db 0
    36                                                       
    37 00000228 40526561644469736B-              ReadDiskData     db  '@ReadDiskData'
    38 00000231 44617461           
    39 00000235 00<rept>                                     times 256-($-ReadDiskData) db 0
    40                                                   
    41                                  header_end:
    42                                  
    43                                  ;===============================================================================
    44                                  SECTION data vstart=0    
    45                                                           
    46 00000000 00<rept>                         buffer times 1024 db  0         ;缓冲区
    47                                  
    48 00000400 0D0A0D0A                         message_1         db  0x0d,0x0a,0x0d,0x0a
    49 00000404 2A2A2A2A2A2A2A2A2A-                                db  '**********User program is runing**********'
    50 0000040D 2A557365722070726F-
    51 00000416 6772616D2069732072-
    52 0000041F 756E696E672A2A2A2A-
    53 00000428 2A2A2A2A2A2A       
    54 0000042E 0D0A00                                             db  0x0d,0x0a,0
    55 00000431 20204469736B206461-              message_2         db  '  Disk data:',0x0d,0x0a,0
    56 0000043A 74613A0D0A00       
    57                                  
    58                                  data_end:
    59                                  
    60                                  ;===============================================================================
    61                                        [bits 32]
    62                                  ;===============================================================================
    63                                  SECTION code vstart=0
    64                                  start:
    65 00000000 8CD8                             mov eax,ds
    66 00000002 8EE0                             mov fs,eax
    67                                       
    68 00000004 A1[08000000]                     mov eax,[stack_seg]
    69 00000009 8ED0                             mov ss,eax
    70 0000000B BC00000000                       mov esp,0
    71                                       
    72 00000010 A1[1C000000]                     mov eax,[data_seg]
    73 00000015 8ED8                             mov ds,eax
    74                                       
    75 00000017 BB[00040000]                     mov ebx,message_1
    76 0000001C 64FF1D[28000000]                 call far [fs:PrintString]
    77                                       
    78 00000023 B864000000                       mov eax,100                         ;逻辑扇区号100
    79 00000028 BB[00000000]                     mov ebx,buffer                      ;缓冲区偏移地址
    80 0000002D 64FF1D[28020000]                 call far [fs:ReadDiskData]          ;段间调用
    81                                       
    82 00000034 BB[31040000]                     mov ebx,message_2
    83 00000039 64FF1D[28000000]                 call far [fs:PrintString]
    84                                       
    85 00000040 BB[00000000]                     mov ebx,buffer 
    86 00000045 64FF1D[28000000]                 call far [fs:PrintString]           ;too.
    87                                       
    88 0000004C 64FF2D[28010000]                 jmp far [fs:TerminateProgram]       ;将控制权返回到系统 
    89                                        
    90                                  code_end:
    91                                  
    92                                  ;===============================================================================
    93                                  SECTION trail
    94                                  ;-------------------------------------------------------------------------------
    95                                  program_end:
